../Core/Src/Encrypt-Files/aes_encrypt.c:31:6:packing	32	static
../Core/Src/Encrypt-Files/aes_encrypt.c:59:13:unpacking	32	static
../Core/Src/Encrypt-Files/aes_encrypt.c:87:13:ark	24	static
../Core/Src/Encrypt-Files/aes_encrypt.c:97:6:sbox	88	static
../Core/Src/Encrypt-Files/aes_encrypt.c:223:13:double_shiftrows	24	static
../Core/Src/Encrypt-Files/aes_encrypt.c:235:13:mixcolumns_0	40	static
../Core/Src/Encrypt-Files/aes_encrypt.c:267:13:mixcolumns_1	32	static
../Core/Src/Encrypt-Files/aes_encrypt.c:320:13:mixcolumns_2	40	static
../Core/Src/Encrypt-Files/aes_encrypt.c:354:13:mixcolumns_3	32	static
../Core/Src/Encrypt-Files/aes_encrypt.c:382:6:aes128_encrypt_ffs	56	static
../Core/Src/Encrypt-Files/aes_encrypt.c:429:6:aes256_encrypt_ffs	64	static
../Core/Src/Encrypt-Files/aes_encrypt.c:466:6:aes128_encrypt_sfs	64	static
../Core/Src/Encrypt-Files/aes_encrypt.c:493:6:aes256_encrypt_sfs	64	static
../Core/Src/Encrypt-Files/aes_encrypt.c:521:6:two_Rounds_aes128_encrypt_ffs	56	static
../Core/Src/Encrypt-Files/aes_encrypt.c:544:6:four_Rounds_aes128_encrypt_ffs	56	static
../Core/Src/Encrypt-Files/aes_encrypt.c:573:6:six_Rounds_aes128_encrypt_ffs	56	static
../Core/Src/Encrypt-Files/aes_encrypt.c:602:6:eigth_Rounds_aes128_encrypt_ffs	56	static
