../Core/Src/Ecrypt-Files/OCBRA.c:307:6:add_nonce	16	static
../Core/Src/Ecrypt-Files/OCBRA.c:314:6:xor_nonce	8	static
../Core/Src/Ecrypt-Files/OCBRA.c:320:6:divide_plaintext	20	static
../Core/Src/Ecrypt-Files/OCBRA.c:342:6:union_ciphertext	20	static
../Core/Src/Ecrypt-Files/OCBRA.c:371:6:divide_key	8	static
../Core/Src/Ecrypt-Files/OCBRA.c:380:6:print_array	24	static
../Core/Src/Ecrypt-Files/OCBRA.c:402:6:H	104	static
../Core/Src/Ecrypt-Files/OCBRA.c:147:6:PMAC	928	dynamic
../Core/Src/Ecrypt-Files/OCBRA.c:31:6:OCB	1016	dynamic
../Core/Src/Ecrypt-Files/OCBRA.c:226:6:PMAC_1	944	dynamic
../Core/Src/Ecrypt-Files/OCBRA.c:444:6:ELIMAC	904	dynamic
