../Core/Src/Ecrypt-Files/aes_encrypt.c:66:13:unpacking	28	static
../Core/Src/Ecrypt-Files/aes_encrypt.c:94:13:ark	8	static
../Core/Src/Ecrypt-Files/aes_encrypt.c:230:13:double_shiftrows	0	static
../Core/Src/Ecrypt-Files/aes_encrypt.c:242:13:mixcolumns_0	20	static
../Core/Src/Ecrypt-Files/aes_encrypt.c:274:13:mixcolumns_1	16	static
../Core/Src/Ecrypt-Files/aes_encrypt.c:327:13:mixcolumns_2	20	static
../Core/Src/Ecrypt-Files/aes_encrypt.c:361:13:mixcolumns_3	12	static
../Core/Src/Ecrypt-Files/aes_encrypt.c:29:6:imprimiArreglo	24	static
../Core/Src/Ecrypt-Files/aes_encrypt.c:38:6:packing	24	static
../Core/Src/Ecrypt-Files/aes_encrypt.c:104:6:sbox	96	static
../Core/Src/Ecrypt-Files/aes_encrypt.c:389:6:aes128_encrypt_ffs	48	static
../Core/Src/Ecrypt-Files/aes_encrypt.c:436:6:aes256_encrypt_ffs	56	static
../Core/Src/Ecrypt-Files/aes_encrypt.c:473:6:aes128_encrypt_sfs	56	static
../Core/Src/Ecrypt-Files/aes_encrypt.c:500:6:aes256_encrypt_sfs	56	static
../Core/Src/Ecrypt-Files/aes_encrypt.c:528:6:two_Rounds_aes128_encrypt_ffs	48	static
../Core/Src/Ecrypt-Files/aes_encrypt.c:551:6:four_Rounds_aes128_encrypt_ffs	48	static
../Core/Src/Ecrypt-Files/aes_encrypt.c:580:6:six_Rounds_aes128_encrypt_ffs	48	static
../Core/Src/Ecrypt-Files/aes_encrypt.c:609:6:eigth_Rounds_aes128_encrypt_ffs	48	static
