../Core/Src/Ecrypt-Files/aes_keyschedule.c:22:13:inv_shiftrows_1	8	static
../Core/Src/Ecrypt-Files/aes_keyschedule.c:32:13:inv_shiftrows_2	0	static
../Core/Src/Ecrypt-Files/aes_keyschedule.c:41:13:inv_shiftrows_3	8	static
../Core/Src/Ecrypt-Files/aes_keyschedule.c:59:13:xor_columns	12	static
../Core/Src/Ecrypt-Files/aes_keyschedule.c:90:6:aes128_keyschedule_ffs	24	static
../Core/Src/Ecrypt-Files/aes_keyschedule.c:166:6:aes128_2rounds_keyschedule_ffs	16	static
../Core/Src/Ecrypt-Files/aes_keyschedule.c:236:6:aes256_keyschedule_ffs	24	static
../Core/Src/Ecrypt-Files/aes_keyschedule.c:309:6:aes128_keyschedule_sfs	16	static
../Core/Src/Ecrypt-Files/aes_keyschedule.c:376:6:aes256_keyschedule_sfs	24	static
