Archive member included to satisfy reference by file (symbol)

/opt/st/stm32cubeide_1.16.1/plugins/com.st.stm32cube.ide.mcu.externaltools.gnu-tools-for-stm32.12.3.rel1.linux64_1.0.200.202406132123/tools/bin/../lib/gcc/arm-none-eabi/12.3.1/../../../../arm-none-eabi/lib/thumb/v7e-m+fp/hard/libc_nano.a(libc_a-exit.o)
                              /opt/st/stm32cubeide_1.16.1/plugins/com.st.stm32cube.ide.mcu.externaltools.gnu-tools-for-stm32.12.3.rel1.linux64_1.0.200.202406132123/tools/bin/../lib/gcc/arm-none-eabi/12.3.1/../../../../arm-none-eabi/lib/thumb/v7e-m+fp/hard/crt0.o (exit)
/opt/st/stm32cubeide_1.16.1/plugins/com.st.stm32cube.ide.mcu.externaltools.gnu-tools-for-stm32.12.3.rel1.linux64_1.0.200.202406132123/tools/bin/../lib/gcc/arm-none-eabi/12.3.1/../../../../arm-none-eabi/lib/thumb/v7e-m+fp/hard/libc_nano.a(libc_a-findfp.o)
                              /opt/st/stm32cubeide_1.16.1/plugins/com.st.stm32cube.ide.mcu.externaltools.gnu-tools-for-stm32.12.3.rel1.linux64_1.0.200.202406132123/tools/bin/../lib/gcc/arm-none-eabi/12.3.1/../../../../arm-none-eabi/lib/thumb/v7e-m+fp/hard/libc_nano.a(libc_a-exit.o) (__stdio_exit_handler)
/opt/st/stm32cubeide_1.16.1/plugins/com.st.stm32cube.ide.mcu.externaltools.gnu-tools-for-stm32.12.3.rel1.linux64_1.0.200.202406132123/tools/bin/../lib/gcc/arm-none-eabi/12.3.1/../../../../arm-none-eabi/lib/thumb/v7e-m+fp/hard/libc_nano.a(libc_a-fwalk.o)
                              /opt/st/stm32cubeide_1.16.1/plugins/com.st.stm32cube.ide.mcu.externaltools.gnu-tools-for-stm32.12.3.rel1.linux64_1.0.200.202406132123/tools/bin/../lib/gcc/arm-none-eabi/12.3.1/../../../../arm-none-eabi/lib/thumb/v7e-m+fp/hard/libc_nano.a(libc_a-findfp.o) (_fwalk_sglue)
/opt/st/stm32cubeide_1.16.1/plugins/com.st.stm32cube.ide.mcu.externaltools.gnu-tools-for-stm32.12.3.rel1.linux64_1.0.200.202406132123/tools/bin/../lib/gcc/arm-none-eabi/12.3.1/../../../../arm-none-eabi/lib/thumb/v7e-m+fp/hard/libc_nano.a(libc_a-sprintf.o)
                              ./Core/Src/main.o (sprintf)
/opt/st/stm32cubeide_1.16.1/plugins/com.st.stm32cube.ide.mcu.externaltools.gnu-tools-for-stm32.12.3.rel1.linux64_1.0.200.202406132123/tools/bin/../lib/gcc/arm-none-eabi/12.3.1/../../../../arm-none-eabi/lib/thumb/v7e-m+fp/hard/libc_nano.a(libc_a-stdio.o)
                              /opt/st/stm32cubeide_1.16.1/plugins/com.st.stm32cube.ide.mcu.externaltools.gnu-tools-for-stm32.12.3.rel1.linux64_1.0.200.202406132123/tools/bin/../lib/gcc/arm-none-eabi/12.3.1/../../../../arm-none-eabi/lib/thumb/v7e-m+fp/hard/libc_nano.a(libc_a-findfp.o) (__sread)
/opt/st/stm32cubeide_1.16.1/plugins/com.st.stm32cube.ide.mcu.externaltools.gnu-tools-for-stm32.12.3.rel1.linux64_1.0.200.202406132123/tools/bin/../lib/gcc/arm-none-eabi/12.3.1/../../../../arm-none-eabi/lib/thumb/v7e-m+fp/hard/libc_nano.a(libc_a-memset.o)
                              /opt/st/stm32cubeide_1.16.1/plugins/com.st.stm32cube.ide.mcu.externaltools.gnu-tools-for-stm32.12.3.rel1.linux64_1.0.200.202406132123/tools/bin/../lib/gcc/arm-none-eabi/12.3.1/../../../../arm-none-eabi/lib/thumb/v7e-m+fp/hard/crt0.o (memset)
/opt/st/stm32cubeide_1.16.1/plugins/com.st.stm32cube.ide.mcu.externaltools.gnu-tools-for-stm32.12.3.rel1.linux64_1.0.200.202406132123/tools/bin/../lib/gcc/arm-none-eabi/12.3.1/../../../../arm-none-eabi/lib/thumb/v7e-m+fp/hard/libc_nano.a(libc_a-strncat.o)
                              ./Core/Src/Serial.o (strncat)
/opt/st/stm32cubeide_1.16.1/plugins/com.st.stm32cube.ide.mcu.externaltools.gnu-tools-for-stm32.12.3.rel1.linux64_1.0.200.202406132123/tools/bin/../lib/gcc/arm-none-eabi/12.3.1/../../../../arm-none-eabi/lib/thumb/v7e-m+fp/hard/libc_nano.a(libc_a-closer.o)
                              /opt/st/stm32cubeide_1.16.1/plugins/com.st.stm32cube.ide.mcu.externaltools.gnu-tools-for-stm32.12.3.rel1.linux64_1.0.200.202406132123/tools/bin/../lib/gcc/arm-none-eabi/12.3.1/../../../../arm-none-eabi/lib/thumb/v7e-m+fp/hard/libc_nano.a(libc_a-stdio.o) (_close_r)
/opt/st/stm32cubeide_1.16.1/plugins/com.st.stm32cube.ide.mcu.externaltools.gnu-tools-for-stm32.12.3.rel1.linux64_1.0.200.202406132123/tools/bin/../lib/gcc/arm-none-eabi/12.3.1/../../../../arm-none-eabi/lib/thumb/v7e-m+fp/hard/libc_nano.a(libc_a-reent.o)
                              /opt/st/stm32cubeide_1.16.1/plugins/com.st.stm32cube.ide.mcu.externaltools.gnu-tools-for-stm32.12.3.rel1.linux64_1.0.200.202406132123/tools/bin/../lib/gcc/arm-none-eabi/12.3.1/../../../../arm-none-eabi/lib/thumb/v7e-m+fp/hard/libc_nano.a(libc_a-closer.o) (errno)
/opt/st/stm32cubeide_1.16.1/plugins/com.st.stm32cube.ide.mcu.externaltools.gnu-tools-for-stm32.12.3.rel1.linux64_1.0.200.202406132123/tools/bin/../lib/gcc/arm-none-eabi/12.3.1/../../../../arm-none-eabi/lib/thumb/v7e-m+fp/hard/libc_nano.a(libc_a-impure.o)
[...]
Memory Configuration

Name             Origin             Length             Attributes
RAM              0x20000000         0x00050000         xrw
FLASH            0x08000000         0x00100000         xr
*default*        0x00000000         0xffffffff

Linker script and memory map

LOAD /opt/st/stm32cubeide_1.16.1/plugins/com.st.stm32cube.ide.mcu.externaltools.gnu-tools-for-stm32.12.3.rel1.linux64_1.0.200.202406132123/tools/bin/../lib/gcc/arm-none-eabi/12.3.1/thumb/v7e-m+fp/hard/crti.o
LOAD /opt/st/stm32cubeide_1.16.1/plugins/com.st.stm32cube.ide.mcu.externaltools.gnu-tools-for-stm32.12.3.rel1.linux64_1.0.200.202406132123/tools/bin/../lib/gcc/arm-none-eabi/12.3.1/thumb/v7e-m+fp/hard/crtbegin.o
LOAD /opt/st/stm32cubeide_1.16.1/plugins/com.st.stm32cube.ide.mcu.externaltools.gnu-tools-for-stm32.12.3.rel1.linux64_1.0.200.202406132123/tools/bin/../lib/gcc/arm-none-eabi/12.3.1/../../../../arm-none-eabi/lib/thumb/v7e-m+fp/hard/crt0.o
LOAD ./Core/Src/Encrypt-Files/OCB3.o
LOAD ./Core/Src/Encrypt-Files/aes_encrypt.o
LOAD ./Core/Src/Encrypt-Files/aes_keyschedule.o
LOAD ./Core/Src/Encrypt-Files/aes_keyschedule_lut.o
LOAD ./Core/Src/Serial.o
LOAD ./Core/Src/main.o
LOAD ./Core/Src/stm32f7xx_hal_msp.o
LOAD ./Core/Src/stm32f7xx_it.o
LOAD ./Core/Src/syscalls.o
LOAD ./Core/Src/sysmem.o
LOAD ./Core/Src/system_stm32f7xx.o
LOAD ./Core/Startup/startup_stm32f756zgtx.o
LOAD ./Drivers/STM32F7xx_HAL_Driver/Src/stm32f7xx_hal.o
LOAD ./Drivers/STM32F7xx_HAL_Driver/Src/stm32f7xx_hal_cortex.o
LOAD ./Drivers/STM32F7xx_HAL_Driver/Src/stm32f7xx_hal_dma.o
LOAD ./Drivers/STM32F7xx_HAL_Driver/Src/stm32f7xx_hal_dma_ex.o
LOAD ./Drivers/STM32F7xx_HAL_Driver/Src/stm32f7xx_hal_eth.o
LOAD ./Drivers/STM32F7xx_HAL_Driver/Src/stm32f7xx_hal_exti.o
LOAD ./Drivers/STM32F7xx_HAL_Driver/Src/stm32f7xx_hal_flash.o
LOAD ./Drivers/STM32F7xx_HAL_Driver/Src/stm32f7xx_hal_flash_ex.o
LOAD ./Drivers/STM32F7xx_HAL_Driver/Src/stm32f7xx_hal_gpio.o
LOAD ./Drivers/STM32F7xx_HAL_Driver/Src/stm32f7xx_hal_i2c.o
LOAD ./Drivers/STM32F7xx_HAL_Driver/Src/stm32f7xx_hal_i2c_ex.o
LOAD ./Drivers/STM32F7xx_HAL_Driver/Src/stm32f7xx_hal_pcd.o
LOAD ./Drivers/STM32F7xx_HAL_Driver/Src/stm32f7xx_hal_pcd_ex.o
LOAD ./Drivers/STM32F7xx_HAL_Driver/Src/stm32f7xx_hal_pwr.o
LOAD ./Drivers/STM32F7xx_HAL_Driver/Src/stm32f7xx_hal_pwr_ex.o
LOAD ./Drivers/STM32F7xx_HAL_Driver/Src/stm32f7xx_hal_rcc.o
LOAD ./Drivers/STM32F7xx_HAL_Driver/Src/stm32f7xx_hal_rcc_ex.o
LOAD ./Drivers/STM32F7xx_HAL_Driver/Src/stm32f7xx_hal_tim.o
LOAD ./Drivers/STM32F7xx_HAL_Driver/Src/stm32f7xx_hal_tim_ex.o
LOAD ./Drivers/STM32F7xx_HAL_Driver/Src/stm32f7xx_hal_uart.o
LOAD ./Drivers/STM32F7xx_HAL_Driver/Src/stm32f7xx_hal_uart_ex.o
LOAD ./Drivers/STM32F7xx_HAL_Driver/Src/stm32f7xx_ll_usb.o
START GROUP
LOAD /opt/st/stm32cubeide_1.16.1/plugins/com.st.stm32cube.ide.mcu.externaltools.gnu-tools-for-stm32.12.3.rel1.linux64_1.0.200.202406132123/tools/bin/../lib/gcc/arm-none-eabi/12.3.1/../../../../arm-none-eabi/lib/thumb/v7e-m+fp/hard/libc_nano.a
LOAD /opt/st/stm32cubeide_1.16.1/plugins/com.st.stm32cube.ide.mcu.externaltools.gnu-tools-for-stm32.12.3.rel1.linux64_1.0.200.202406132123/tools/bin/../lib/gcc/arm-none-eabi/12.3.1/../../../../arm-none-eabi/lib/thumb/v7e-m+fp/hard/libm.a
END GROUP
START GROUP
LOAD /opt/st/stm32cubeide_1.16.1/plugins/com.st.stm32cube.ide.mcu.externaltools.gnu-tools-for-stm32.12.3.rel1.linux64_1.0.200.202406132123/tools/bin/../lib/gcc/arm-none-eabi/12.3.1/thumb/v7e-m+fp/hard/libgcc.a
LOAD /opt/st/stm32cubeide_1.16.1/plugins/com.st.stm32cube.ide.mcu.externaltools.gnu-tools-for-stm32.12.3.rel1.linux64_1.0.200.202406132123/tools/bin/../lib/gcc/arm-none-eabi/12.3.1/../../../../arm-none-eabi/lib/thumb/v7e-m+fp/hard/libc_nano.a
END GROUP
START GROUP
LOAD /opt/st/stm32cubeide_1.16.1/plugins/com.st.stm32cube.ide.mcu.externaltools.gnu-tools-for-stm32.12.3.rel1.linux64_1.0.200.202406132123/tools/bin/../lib/gcc/arm-none-eabi/12.3.1/thumb/v7e-m+fp/hard/libgcc.a
LOAD /opt/st/stm32cubeide_1.16.1/plugins/com.st.stm32cube.ide.mcu.externaltools.gnu-tools-for-stm32.12.3.rel1.linux64_1.0.200.202406132123/tools/bin/../lib/gcc/arm-none-eabi/12.3.1/../../../../arm-none-eabi/lib/thumb/v7e-m+fp/hard/libc_nano.a
LOAD /opt/st/stm32cubeide_1.16.1/plugins/com.st.stm32cube.ide.mcu.externaltools.gnu-tools-for-stm32.12.3.rel1.linux64_1.0.200.202406132123/tools/bin/../lib/gcc/arm-none-eabi/12.3.1/../../../../arm-none-eabi/lib/thumb/v7e-m+fp/hard/libnosys.a
END GROUP
START GROUP
LOAD /opt/st/stm32cubeide_1.16.1/plugins/com.st.stm32cube.ide.mcu.externaltools.gnu-tools-for-stm32.12.3.rel1.linux64_1.0.200.202406132123/tools/bin/../lib/gcc/arm-none-eabi/12.3.1/thumb/v7e-m+fp/hard/libgcc.a
LOAD /opt/st/stm32cubeide_1.16.1/plugins/com.st.stm32cube.ide.mcu.externaltools.gnu-tools-for-stm32.12.3.rel1.linux64_1.0.200.202406132123/tools/bin/../lib/gcc/arm-none-eabi/12.3.1/../../../../arm-none-eabi/lib/thumb/v7e-m+fp/hard/libc_nano.a
LOAD /opt/st/stm32cubeide_1.16.1/plugins/com.st.stm32cube.ide.mcu.externaltools.gnu-tools-for-stm32.12.3.rel1.linux64_1.0.200.202406132123/tools/bin/../lib/gcc/arm-none-eabi/12.3.1/../../../../arm-none-eabi/lib/thumb/v7e-m+fp/hard/libnosys.a
END GROUP
LOAD /opt/st/stm32cubeide_1.16.1/plugins/com.st.stm32cube.ide.mcu.externaltools.gnu-tools-for-stm32.12.3.rel1.linux64_1.0.200.202406132123/tools/bin/../lib/gcc/arm-none-eabi/12.3.1/thumb/v7e-m+fp/hard/crtend.o
LOAD /opt/st/stm32cubeide_1.16.1/plugins/com.st.stm32cube.ide.mcu.externaltools.gnu-tools-for-stm32.12.3.rel1.linux64_1.0.200.202406132123/tools/bin/../lib/gcc/arm-none-eabi/12.3.1/thumb/v7e-m+fp/hard/crtn.o
                0x20050000                        _estack = (ORIGIN (RAM) + LENGTH (RAM))
                0x00000200                        _Min_Heap_Size = 0x200
                0x00000400                        _Min_Stack_Size = 0x400

.isr_vector     0x08000000      0x1c8
                0x08000000                        . = ALIGN (0x4)
 *(.isr_vector)
 .isr_vector    0x08000000      0x1c8 ./Core/Startup/startup_stm32f756zgtx.o
                0x08000000                g_pfnVectors
                0x080001c8                        . = ALIGN (0x4)

.text           0x080001d0     0x7948
                0x080001d0                        . = ALIGN (0x4)
 *(.text)
 .text          0x080001d0       0x40 /opt/st/stm32cubeide_1.16.1/plugins/com.st.stm32cube.ide.mcu.externaltools.gnu-tools-for-stm32.12.3.rel1.linux64_1.0.200.202406132123/tools/bin/../lib/gcc/arm-none-eabi/12.3.1/thumb/v7e-m+fp/hard/crtbegin.o
 .text          0x08000210       0xa0 /opt/st/stm32cubeide_1.16.1/plugins/com.st.stm32cube.ide.mcu.externaltools.gnu-tools-for-stm32.12.3.rel1.linux64_1.0.200.202406132123/tools/bin/../lib/gcc/arm-none-eabi/12.3.1/../../../../arm-none-eabi/lib/thumb/v7e-m+fp/hard/libc_nano.a(libc_a-memchr.o)
                0x08000210                memchr
 .text          0x080002b0       0x30 /opt/st/stm32cubeide_1.16.1/plugins/com.st.stm32cube.ide.mcu.externaltools.gnu-tools-for-stm32.12.3.rel1.linux64_1.0.200.202406132123/tools/bin/../lib/gcc/arm-none-eabi/12.3.1/thumb/v7e-m+fp/hard/libgcc.a(_aeabi_uldivmod.o)
                0x080002b0                __aeabi_uldivmod
 .text          0x080002e0      0x2bc /opt/st/stm32cubeide_1.16.1/plugins/com.st.stm32cube.ide.mcu.externaltools.gnu-tools-for-stm32.12.3.rel1.linux64_1.0.200.202406132123/tools/bin/../lib/gcc/arm-none-eabi/12.3.1/thumb/v7e-m+fp/hard/libgcc.a(_udivmoddi4.o)
                0x080002e0                __udivmoddi4
 .text          0x0800059c        0x4 /opt/st/stm32cubeide_1.16.1/plugins/com.st.stm32cube.ide.mcu.externaltools.gnu-tools-for-stm32.12.3.rel1.linux64_1.0.200.202406132123/tools/bin/../lib/gcc/arm-none-eabi/12.3.1/thumb/v7e-m+fp/hard/libgcc.a(_dvmd_tls.o)
                0x0800059c                __aeabi_ldiv0
                0x0800059c                __aeabi_idiv0
 *(.text*)
 .text.OCB3_INIT
                0x080005a0       0xf0 ./Core/Src/Encrypt-Files/OCB3.o
                0x080005a0                OCB3_INIT
 .text.array_copy
                0x08000690       0x3e ./Core/Src/Encrypt-Files/OCB3.o
                0x08000690                array_copy
 .text.mult_by_2
                0x080006ce       0xb0 ./Core/Src/Encrypt-Files/OCB3.o
                0x080006ce                mult_by_2
 .text.xor_block_u8
                0x0800077e       0x46 ./Core/Src/Encrypt-Files/OCB3.o
                0x0800077e                xor_block_u8
 .text.ntz      0x080007c4       0x30 ./Core/Src/Encrypt-Files/OCB3.o
 .text.OCB3     0x080007f4      0x618 ./Core/Src/Encrypt-Files/OCB3.o
                0x080007f4                OCB3
 .text.PMAC_OCB3
                0x08000e0c      0x4a8 ./Core/Src/Encrypt-Files/OCB3.o
                0x08000e0c                PMAC_OCB3
 .text.divide_plaintext
                0x080012b4       0x90 ./Core/Src/Encrypt-Files/OCB3.o
                0x080012b4                divide_plaintext
 .text.packing  0x08001344      0x3fe ./Core/Src/Encrypt-Files/aes_encrypt.o
                0x08001344                packing
 .text.unpacking
                0x08001742      0x48a ./Core/Src/Encrypt-Files/aes_encrypt.o
 .text.ark      0x08001bcc       0x4a ./Core/Src/Encrypt-Files/aes_encrypt.o
 .text.sbox     0x08001c16      0x5be ./Core/Src/Encrypt-Files/aes_encrypt.o
                0x08001c16                sbox
 .text.double_shiftrows
                0x080021d4       0x78 ./Core/Src/Encrypt-Files/aes_encrypt.o
 .text.mixcolumns_0
                0x0800224c      0x2a6 ./Core/Src/Encrypt-Files/aes_encrypt.o
 .text.mixcolumns_1
                0x080024f2      0x2ba ./Core/Src/Encrypt-Files/aes_encrypt.o
 .text.mixcolumns_2
                0x080027ac      0x2a6 ./Core/Src/Encrypt-Files/aes_encrypt.o
 .text.mixcolumns_3
                0x08002a52      0x1a6 ./Core/Src/Encrypt-Files/aes_encrypt.o
 .text.aes128_encrypt_ffs
                0x08002bf8      0x1ba ./Core/Src/Encrypt-Files/aes_encrypt.o
                0x08002bf8                aes128_encrypt_ffs
 *fill*         0x08002db2        0x2 
 .text.inv_shiftrows_1
                0x08002db4       0xcc ./Core/Src/Encrypt-Files/aes_keyschedule.o
 .text.inv_shiftrows_2
                0x08002e80       0x78 ./Core/Src/Encrypt-Files/aes_keyschedule.o
 .text.inv_shiftrows_3
                0x08002ef8       0xcc ./Core/Src/Encrypt-Files/aes_keyschedule.o
 .text.xor_columns
                0x08002fc4      0x134 ./Core/Src/Encrypt-Files/aes_keyschedule.o
 .text.aes128_keyschedule_ffs
                0x080030f8      0x3b6 ./Core/Src/Encrypt-Files/aes_keyschedule.o
                0x080030f8                aes128_keyschedule_ffs
 .text.serial_printf
                0x080034ae       0x38 ./Core/Src/Serial.o
                0x080034ae                serial_printf
 *fill*         0x080034e6        0x2 
 .text.DWT_Init
                0x080034e8       0x40 ./Core/Src/main.o
                0x080034e8                DWT_Init
 .text.start_timer
                0x08003528       0x18 ./Core/Src/main.o
                0x08003528                start_timer
 .text.stop_timer
                0x08003540       0x18 ./Core/Src/main.o
                0x08003540                stop_timer
 .text.main     0x08003558      0x3e4 ./Core/Src/main.o
                0x08003558                main
 .text.SystemClock_Config
                0x0800393c       0xd0 ./Core/Src/main.o
                0x0800393c                SystemClock_Config
 .text.MX_ETH_Init
                0x08003a0c       0x9c ./Core/Src/main.o
 .text.MX_USART3_UART_Init
                0x08003aa8       0x60 ./Core/Src/main.o
 .text.MX_USB_OTG_FS_PCD_Init
                0x08003b08       0x5c ./Core/Src/main.o
 .text.MX_GPIO_Init
                0x08003b64      0x144 ./Core/Src/main.o
 .text.Error_Handler
                0x08003ca8        0xc ./Core/Src/main.o
                0x08003ca8                Error_Handler
 .text.HAL_MspInit
                0x08003cb4       0x48 ./Core/Src/stm32f7xx_hal_msp.o
                0x08003cb4                HAL_MspInit
 .text.HAL_ETH_MspInit
                0x08003cfc      0x170 ./Core/Src/stm32f7xx_hal_msp.o
                0x08003cfc                HAL_ETH_MspInit
 .text.HAL_UART_MspInit
                0x08003e6c       0xc0 ./Core/Src/stm32f7xx_hal_msp.o
                0x08003e6c                HAL_UART_MspInit
 .text.HAL_PCD_MspInit
                0x08003f2c       0xf4 ./Core/Src/stm32f7xx_hal_msp.o
                0x08003f2c                HAL_PCD_MspInit
 .text.NMI_Handler
                0x08004020        0x8 ./Core/Src/stm32f7xx_it.o
                0x08004020                NMI_Handler
 .text.HardFault_Handler
                0x08004028        0x8 ./Core/Src/stm32f7xx_it.o
                0x08004028                HardFault_Handler
 .text.MemManage_Handler
                0x08004030        0x8 ./Core/Src/stm32f7xx_it.o
                0x08004030                MemManage_Handler
 .text.BusFault_Handler
                0x08004038        0x8 ./Core/Src/stm32f7xx_it.o
                0x08004038                BusFault_Handler
 .text.UsageFault_Handler
                0x08004040        0x8 ./Core/Src/stm32f7xx_it.o
                0x08004040                UsageFault_Handler
 .text.SVC_Handler
                0x08004048        0xe ./Core/Src/stm32f7xx_it.o
                0x08004048                SVC_Handler
 .text.DebugMon_Handler
                0x08004056        0xe ./Core/Src/stm32f7xx_it.o
                0x08004056                DebugMon_Handler
 .text.PendSV_Handler
                0x08004064        0xe ./Core/Src/stm32f7xx_it.o
                0x08004064                PendSV_Handler
 .text.SysTick_Handler
                0x08004072        0xc ./Core/Src/stm32f7xx_it.o
                0x08004072                SysTick_Handler
 *fill*         0x0800407e        0x2 
 .text._sbrk    0x08004080       0x6c ./Core/Src/sysmem.o
                0x08004080                _sbrk
 .text.SystemInit
                0x080040ec       0x24 ./Core/Src/system_stm32f7xx.o
                0x080040ec                SystemInit
 .text.Reset_Handler
                0x08004110       0x50 ./Core/Startup/startup_stm32f756zgtx.o
                0x08004110                Reset_Handler
 .text.Default_Handler
                0x08004160        0x2 ./Core/Startup/startup_stm32f756zgtx.o
                0x08004160                RTC_Alarm_IRQHandler
                0x08004160                HASH_RNG_IRQHandler
                0x08004160                EXTI2_IRQHandler
                0x08004160                TIM8_CC_IRQHandler
                0x08004160                UART8_IRQHandler
                0x08004160                SPI4_IRQHandler
                0x08004160                TIM1_CC_IRQHandler
                0x08004160                DMA2_Stream5_IRQHandler
                0x08004160                DMA1_Stream5_IRQHandler
                0x08004160                PVD_IRQHandler
                0x08004160                TAMP_STAMP_IRQHandler
                0x08004160                CAN2_RX1_IRQHandler
                0x08004160                EXTI3_IRQHandler
                0x08004160                TIM8_TRG_COM_TIM14_IRQHandler
                0x08004160                TIM1_UP_TIM10_IRQHandler
                0x08004160                TIM8_UP_TIM13_IRQHandler
                0x08004160                I2C3_ER_IRQHandler
                0x08004160                EXTI0_IRQHandler
                0x08004160                I2C2_EV_IRQHandler
                0x08004160                DMA1_Stream2_IRQHandler
                0x08004160                CAN1_RX0_IRQHandler
                0x08004160                FPU_IRQHandler
                0x08004160                OTG_HS_WKUP_IRQHandler
                0x08004160                LTDC_ER_IRQHandler
                0x08004160                CAN2_SCE_IRQHandler
                0x08004160                DMA2_Stream2_IRQHandler
                0x08004160                SPI1_IRQHandler
                0x08004160                TIM6_DAC_IRQHandler
                0x08004160                TIM1_BRK_TIM9_IRQHandler
                0x08004160                DCMI_IRQHandler
                0x08004160                CAN2_RX0_IRQHandler
                0x08004160                DMA2_Stream3_IRQHandler
                0x08004160                SAI2_IRQHandler
                0x08004160                USART6_IRQHandler
                0x08004160                USART3_IRQHandler
                0x08004160                CRYP_IRQHandler
                0x08004160                CAN1_RX1_IRQHandler
                0x08004160                UART5_IRQHandler
                0x08004160                DMA2_Stream0_IRQHandler
                0x08004160                TIM4_IRQHandler
                0x08004160                QUADSPI_IRQHandler
                0x08004160                I2C1_EV_IRQHandler
                0x08004160                DMA1_Stream6_IRQHandler
                0x08004160                DMA1_Stream1_IRQHandler
                0x08004160                UART4_IRQHandler
                0x08004160                TIM3_IRQHandler
                0x08004160                RCC_IRQHandler
                0x08004160                TIM8_BRK_TIM12_IRQHandler
                0x08004160                Default_Handler
                0x08004160                CEC_IRQHandler
                0x08004160                EXTI15_10_IRQHandler
                0x08004160                ADC_IRQHandler
                0x08004160                DMA1_Stream7_IRQHandler
                0x08004160                SPI5_IRQHandler
                0x08004160                TIM7_IRQHandler
                0x08004160                SDMMC1_IRQHandler
                0x08004160                CAN2_TX_IRQHandler
                0x08004160                TIM5_IRQHandler
                0x08004160                DMA2_Stream7_IRQHandler
                0x08004160                I2C3_EV_IRQHandler
                0x08004160                EXTI9_5_IRQHandler
                0x08004160                RTC_WKUP_IRQHandler
                0x08004160                LTDC_IRQHandler
                0x08004160                ETH_WKUP_IRQHandler
                0x08004160                SPDIF_RX_IRQHandler
                0x08004160                SPI2_IRQHandler
                0x08004160                OTG_HS_EP1_IN_IRQHandler
                0x08004160                DMA1_Stream0_IRQHandler
                0x08004160                CAN1_TX_IRQHandler
                0x08004160                EXTI4_IRQHandler
                0x08004160                ETH_IRQHandler
                0x08004160                OTG_HS_EP1_OUT_IRQHandler
                0x08004160                WWDG_IRQHandler
                0x08004160                SPI6_IRQHandler
                0x08004160                I2C4_EV_IRQHandler
                0x08004160                TIM2_IRQHandler
                0x08004160                OTG_FS_WKUP_IRQHandler
                0x08004160                TIM1_TRG_COM_TIM11_IRQHandler
                0x08004160                OTG_HS_IRQHandler
                0x08004160                DMA2D_IRQHandler
                0x08004160                EXTI1_IRQHandler
                0x08004160                UART7_IRQHandler
                0x08004160                USART2_IRQHandler
                0x08004160                I2C2_ER_IRQHandler
                0x08004160                DMA2_Stream1_IRQHandler
                0x08004160                CAN1_SCE_IRQHandler
                0x08004160                FLASH_IRQHandler
                0x08004160                DMA2_Stream4_IRQHandler
                0x08004160                USART1_IRQHandler
                0x08004160                OTG_FS_IRQHandler
                0x08004160                SPI3_IRQHandler
                0x08004160                DMA1_Stream4_IRQHandler
                0x08004160                I2C1_ER_IRQHandler
                0x08004160                FMC_IRQHandler
                0x08004160                LPTIM1_IRQHandler
                0x08004160                I2C4_ER_IRQHandler
                0x08004160                DMA2_Stream6_IRQHandler
                0x08004160                SAI1_IRQHandler
                0x08004160                DMA1_Stream3_IRQHandler
 .text.HAL_Init
                0x08004162       0x1a ./Drivers/STM32F7xx_HAL_Driver/Src/stm32f7xx_hal.o
                0x08004162                HAL_Init
 .text.HAL_InitTick
                0x0800417c       0x60 ./Drivers/STM32F7xx_HAL_Driver/Src/stm32f7xx_hal.o
                0x0800417c                HAL_InitTick
 .text.HAL_IncTick
                0x080041dc       0x28 ./Drivers/STM32F7xx_HAL_Driver/Src/stm32f7xx_hal.o
                0x080041dc                HAL_IncTick
 .text.HAL_GetTick
                0x08004204       0x18 ./Drivers/STM32F7xx_HAL_Driver/Src/stm32f7xx_hal.o
                0x08004204                HAL_GetTick
 .text.HAL_Delay
                0x0800421c       0x48 ./Drivers/STM32F7xx_HAL_Driver/Src/stm32f7xx_hal.o
                0x0800421c                HAL_Delay
 .text.__NVIC_SetPriorityGrouping
                0x08004264       0x48 ./Drivers/STM32F7xx_HAL_Driver/Src/stm32f7xx_hal_cortex.o
 .text.__NVIC_GetPriorityGrouping
                0x080042ac       0x1c ./Drivers/STM32F7xx_HAL_Driver/Src/stm32f7xx_hal_cortex.o
 .text.__NVIC_SetPriority
                0x080042c8       0x54 ./Drivers/STM32F7xx_HAL_Driver/Src/stm32f7xx_hal_cortex.o
 .text.NVIC_EncodePriority
                0x0800431c       0x66 ./Drivers/STM32F7xx_HAL_Driver/Src/stm32f7xx_hal_cortex.o
 *fill*         0x08004382        0x2 
 .text.SysTick_Config
                0x08004384       0x44 ./Drivers/STM32F7xx_HAL_Driver/Src/stm32f7xx_hal_cortex.o
 .text.HAL_NVIC_SetPriorityGrouping
                0x080043c8       0x16 ./Drivers/STM32F7xx_HAL_Driver/Src/stm32f7xx_hal_cortex.o
                0x080043c8                HAL_NVIC_SetPriorityGrouping
 .text.HAL_NVIC_SetPriority
                0x080043de       0x38 ./Drivers/STM32F7xx_HAL_Driver/Src/stm32f7xx_hal_cortex.o
                0x080043de                HAL_NVIC_SetPriority
 .text.HAL_SYSTICK_Config
                0x08004416       0x18 ./Drivers/STM32F7xx_HAL_Driver/Src/stm32f7xx_hal_cortex.o
                0x08004416                HAL_SYSTICK_Config
 *fill*         0x0800442e        0x2 
 .text.HAL_ETH_Init
                0x08004430       0xf8 ./Drivers/STM32F7xx_HAL_Driver/Src/stm32f7xx_hal_eth.o
                0x08004430                HAL_ETH_Init
 .text.ETH_SetMACConfig
                0x08004528      0x160 ./Drivers/STM32F7xx_HAL_Driver/Src/stm32f7xx_hal_eth.o
 .text.ETH_SetDMAConfig
                0x08004688      0x114 ./Drivers/STM32F7xx_HAL_Driver/Src/stm32f7xx_hal_eth.o
 .text.ETH_MACDMAConfig
                0x0800479c       0xe4 ./Drivers/STM32F7xx_HAL_Driver/Src/stm32f7xx_hal_eth.o
 .text.ETH_MACAddressConfig
                0x08004880       0x70 ./Drivers/STM32F7xx_HAL_Driver/Src/stm32f7xx_hal_eth.o
 .text.ETH_DMATxDescListInit
                0x080048f0       0xb2 ./Drivers/STM32F7xx_HAL_Driver/Src/stm32f7xx_hal_eth.o
 .text.ETH_DMARxDescListInit
                0x080049a2       0xda ./Drivers/STM32F7xx_HAL_Driver/Src/stm32f7xx_hal_eth.o
 .text.HAL_GPIO_Init
                0x08004a7c      0x358 ./Drivers/STM32F7xx_HAL_Driver/Src/stm32f7xx_hal_gpio.o
                0x08004a7c                HAL_GPIO_Init
 .text.HAL_GPIO_WritePin
                0x08004dd4       0x32 ./Drivers/STM32F7xx_HAL_Driver/Src/stm32f7xx_hal_gpio.o
                0x08004dd4                HAL_GPIO_WritePin
 .text.HAL_PCD_Init
                0x08004e06      0x248 ./Drivers/STM32F7xx_HAL_Driver/Src/stm32f7xx_hal_pcd.o
                0x08004e06                HAL_PCD_Init
 *fill*         0x0800504e        0x2 
 .text.HAL_PCDEx_ActivateLPM
                0x08005050       0x48 ./Drivers/STM32F7xx_HAL_Driver/Src/stm32f7xx_hal_pcd_ex.o
                0x08005050                HAL_PCDEx_ActivateLPM
 .text.HAL_PWR_EnableBkUpAccess
                0x08005098       0x20 ./Drivers/STM32F7xx_HAL_Driver/Src/stm32f7xx_hal_pwr.o
                0x08005098                HAL_PWR_EnableBkUpAccess
 .text.HAL_RCC_OscConfig
                0x080050b8      0x548 ./Drivers/STM32F7xx_HAL_Driver/Src/stm32f7xx_hal_rcc.o
                0x080050b8                HAL_RCC_OscConfig
 .text.HAL_RCC_ClockConfig
                0x08005600      0x1d8 ./Drivers/STM32F7xx_HAL_Driver/Src/stm32f7xx_hal_rcc.o
                0x08005600                HAL_RCC_ClockConfig
 .text.HAL_RCC_GetSysClockFreq
                0x080057d8      0x20c ./Drivers/STM32F7xx_HAL_Driver/Src/stm32f7xx_hal_rcc.o
                0x080057d8                HAL_RCC_GetSysClockFreq
 .text.HAL_RCC_GetHCLKFreq
                0x080059e4       0x18 ./Drivers/STM32F7xx_HAL_Driver/Src/stm32f7xx_hal_rcc.o
                0x080059e4                HAL_RCC_GetHCLKFreq
 .text.HAL_RCC_GetPCLK1Freq
                0x080059fc       0x28 ./Drivers/STM32F7xx_HAL_Driver/Src/stm32f7xx_hal_rcc.o
                0x080059fc                HAL_RCC_GetPCLK1Freq
 .text.HAL_RCC_GetPCLK2Freq
                0x08005a24       0x28 ./Drivers/STM32F7xx_HAL_Driver/Src/stm32f7xx_hal_rcc.o
                0x08005a24                HAL_RCC_GetPCLK2Freq
 .text.HAL_RCCEx_PeriphCLKConfig
                0x08005a4c      0x7e0 ./Drivers/STM32F7xx_HAL_Driver/Src/stm32f7xx_hal_rcc_ex.o
                0x08005a4c                HAL_RCCEx_PeriphCLKConfig
 .text.HAL_UART_Init
                0x0800622c       0x9c ./Drivers/STM32F7xx_HAL_Driver/Src/stm32f7xx_hal_uart.o
                0x0800622c                HAL_UART_Init
 .text.HAL_UART_Transmit
                0x080062c8      0x106 ./Drivers/STM32F7xx_HAL_Driver/Src/stm32f7xx_hal_uart.o
                0x080062c8                HAL_UART_Transmit
 *fill*         0x080063ce        0x2 
 .text.UART_SetConfig
                0x080063d0      0x4c8 ./Drivers/STM32F7xx_HAL_Driver/Src/stm32f7xx_hal_uart.o
                0x080063d0                UART_SetConfig
 .text.UART_AdvFeatureConfig
                0x08006898      0x144 ./Drivers/STM32F7xx_HAL_Driver/Src/stm32f7xx_hal_uart.o
                0x08006898                UART_AdvFeatureConfig
 .text.UART_CheckIdleState
                0x080069dc       0x6e ./Drivers/STM32F7xx_HAL_Driver/Src/stm32f7xx_hal_uart.o
                0x080069dc                UART_CheckIdleState
 .text.UART_WaitOnFlagUntilTimeout
                0x08006a4a      0x18c ./Drivers/STM32F7xx_HAL_Driver/Src/stm32f7xx_hal_uart.o
                0x08006a4a                UART_WaitOnFlagUntilTimeout
 *fill*         0x08006bd6        0x2 
 .text.USB_CoreInit
                0x08006bd8       0xb0 ./Drivers/STM32F7xx_HAL_Driver/Src/stm32f7xx_ll_usb.o
                0x08006bd8                USB_CoreInit
 .text.USB_DisableGlobalInt
                0x08006c88       0x22 ./Drivers/STM32F7xx_HAL_Driver/Src/stm32f7xx_ll_usb.o
                0x08006c88                USB_DisableGlobalInt
 .text.USB_SetCurrentMode
                0x08006caa       0x98 ./Drivers/STM32F7xx_HAL_Driver/Src/stm32f7xx_ll_usb.o
                0x08006caa                USB_SetCurrentMode
 *fill*         0x08006d42        0x2 
 .text.USB_DevInit
                0x08006d44      0x2bc ./Drivers/STM32F7xx_HAL_Driver/Src/stm32f7xx_ll_usb.o
                0x08006d44                USB_DevInit
 .text.USB_FlushTxFifo
                0x08007000       0x68 ./Drivers/STM32F7xx_HAL_Driver/Src/stm32f7xx_ll_usb.o
                0x08007000                USB_FlushTxFifo
 .text.USB_FlushRxFifo
                0x08007068       0x60 ./Drivers/STM32F7xx_HAL_Driver/Src/stm32f7xx_ll_usb.o
                0x08007068                USB_FlushRxFifo
 .text.USB_SetDevSpeed
                0x080070c8       0x32 ./Drivers/STM32F7xx_HAL_Driver/Src/stm32f7xx_ll_usb.o
                0x080070c8                USB_SetDevSpeed
 .text.USB_DevDisconnect
                0x080070fa       0x42 ./Drivers/STM32F7xx_HAL_Driver/Src/stm32f7xx_ll_usb.o
                0x080070fa                USB_DevDisconnect
 .text.USB_GetMode
                0x0800713c       0x1c ./Drivers/STM32F7xx_HAL_Driver/Src/stm32f7xx_ll_usb.o
                0x0800713c                USB_GetMode
 .text.USB_CoreReset
                0x08007158       0x68 ./Drivers/STM32F7xx_HAL_Driver/Src/stm32f7xx_ll_usb.o
 .text.sprintf  0x080071c0       0x40 /opt/st/stm32cubeide_1.16.1/plugins/com.st.stm32cube.ide.mcu.externaltools.gnu-tools-for-stm32.12.3.rel1.linux64_1.0.200.202406132123/tools/bin/../lib/gcc/arm-none-eabi/12.3.1/../../../../arm-none-eabi/lib/thumb/v7e-m+fp/hard/libc_nano.a(libc_a-sprintf.o)
                0x080071c0                sprintf
                0x080071c0                siprintf
 .text.memset   0x08007200       0x10 /opt/st/stm32cubeide_1.16.1/plugins/com.st.stm32cube.ide.mcu.externaltools.gnu-tools-for-stm32.12.3.rel1.linux64_1.0.200.202406132123/tools/bin/../lib/gcc/arm-none-eabi/12.3.1/../../../../arm-none-eabi/lib/thumb/v7e-m+fp/hard/libc_nano.a(libc_a-memset.o)
                0x08007200                memset
 .text.__errno  0x08007210        0xc /opt/st/stm32cubeide_1.16.1/plugins/com.st.stm32cube.ide.mcu.externaltools.gnu-tools-for-stm32.12.3.rel1.linux64_1.0.200.202406132123/tools/bin/../lib/gcc/arm-none-eabi/12.3.1/../../../../arm-none-eabi/lib/thumb/v7e-m+fp/hard/libc_nano.a(libc_a-errno.o)
                0x08007210                __errno
 .text.__libc_init_array
                0x0800721c       0x48 /opt/st/stm32cubeide_1.16.1/plugins/com.st.stm32cube.ide.mcu.externaltools.gnu-tools-for-stm32.12.3.rel1.linux64_1.0.200.202406132123/tools/bin/../lib/gcc/arm-none-eabi/12.3.1/../../../../arm-none-eabi/lib/thumb/v7e-m+fp/hard/libc_nano.a(libc_a-init.o)
                0x0800721c                __libc_init_array
 .text.__retarget_lock_acquire_recursive
                0x08007264        0x2 /opt/st/stm32cubeide_1.16.1/plugins/com.st.stm32cube.ide.mcu.externaltools.gnu-tools-for-stm32.12.3.rel1.linux64_1.0.200.202406132123/tools/bin/../lib/gcc/arm-none-eabi/12.3.1/../../../../arm-none-eabi/lib/thumb/v7e-m+fp/hard/libc_nano.a(libc_a-lock.o)
                0x08007264                __retarget_lock_acquire_recursive
 .text.__retarget_lock_release_recursive
                0x08007266        0x2 /opt/st/stm32cubeide_1.16.1/plugins/com.st.stm32cube.ide.mcu.externaltools.gnu-tools-for-stm32.12.3.rel1.linux64_1.0.200.202406132123/tools/bin/../lib/gcc/arm-none-eabi/12.3.1/../../../../arm-none-eabi/lib/thumb/v7e-m+fp/hard/libc_nano.a(libc_a-lock.o)
                0x08007266                __retarget_lock_release_recursive
 .text.memcpy   0x08007268       0x1c /opt/st/stm32cubeide_1.16.1/plugins/com.st.stm32cube.ide.mcu.externaltools.gnu-tools-for-stm32.12.3.rel1.linux64_1.0.200.202406132123/tools/bin/../lib/gcc/arm-none-eabi/12.3.1/../../../../arm-none-eabi/lib/thumb/v7e-m+fp/hard/libc_nano.a(libc_a-memcpy-stub.o)
                0x08007268                memcpy
 .text._free_r  0x08007284       0x94 /opt/st/stm32cubeide_1.16.1/plugins/com.st.stm32cube.ide.mcu.externaltools.gnu-tools-for-stm32.12.3.rel1.linux64_1.0.200.202406132123/tools/bin/../lib/gcc/arm-none-eabi/12.3.1/../../../../arm-none-eabi/lib/thumb/v7e-m+fp/hard/libc_nano.a(libc_a-freer.o)
                0x08007284                _free_r
 .text.sbrk_aligned
                0x08007318       0x44 /opt/st/stm32cubeide_1.16.1/plugins/com.st.stm32cube.ide.mcu.externaltools.gnu-tools-for-stm32.12.3.rel1.linux64_1.0.200.202406132123/tools/bin/../lib/gcc/arm-none-eabi/12.3.1/../../../../arm-none-eabi/lib/thumb/v7e-m+fp/hard/libc_nano.a(libc_a-mallocr.o)
 .text._malloc_r
                0x0800735c      0x100 /opt/st/stm32cubeide_1.16.1/plugins/com.st.stm32cube.ide.mcu.externaltools.gnu-tools-for-stm32.12.3.rel1.linux64_1.0.200.202406132123/tools/bin/../lib/gcc/arm-none-eabi/12.3.1/../../../../arm-none-eabi/lib/thumb/v7e-m+fp/hard/libc_nano.a(libc_a-mallocr.o)
                0x0800735c                _malloc_r
 .text.__malloc_lock
                0x0800745c        0xc /opt/st/stm32cubeide_1.16.1/plugins/com.st.stm32cube.ide.mcu.externaltools.gnu-tools-for-stm32.12.3.rel1.linux64_1.0.200.202406132123/tools/bin/../lib/gcc/arm-none-eabi/12.3.1/../../../../arm-none-eabi/lib/thumb/v7e-m+fp/hard/libc_nano.a(libc_a-mlock.o)
                0x0800745c                __malloc_lock
 .text.__malloc_unlock
                0x08007468        0xc /opt/st/stm32cubeide_1.16.1/plugins/com.st.stm32cube.ide.mcu.externaltools.gnu-tools-for-stm32.12.3.rel1.linux64_1.0.200.202406132123/tools/bin/../lib/gcc/arm-none-eabi/12.3.1/../../../../arm-none-eabi/lib/thumb/v7e-m+fp/hard/libc_nano.a(libc_a-mlock.o)
                0x08007468                __malloc_unlock
 .text.__ssputs_r
                0x08007474       0xb6 /opt/st/stm32cubeide_1.16.1/plugins/com.st.stm32cube.ide.mcu.externaltools.gnu-tools-for-stm32.12.3.rel1.linux64_1.0.200.202406132123/tools/bin/../lib/gcc/arm-none-eabi/12.3.1/../../../../arm-none-eabi/lib/thumb/v7e-m+fp/hard/libc_nano.a(libc_a-nano-svfprintf.o)
                0x08007474                __ssputs_r
 *fill*         0x0800752a        0x2 
 .text._svfprintf_r
                0x0800752c      0x1f8 /opt/st/stm32cubeide_1.16.1/plugins/com.st.stm32cube.ide.mcu.externaltools.gnu-tools-for-stm32.12.3.rel1.linux64_1.0.200.202406132123/tools/bin/../lib/gcc/arm-none-eabi/12.3.1/../../../../arm-none-eabi/lib/thumb/v7e-m+fp/hard/libc_nano.a(libc_a-nano-svfprintf.o)
                0x0800752c                _svfprintf_r
                0x0800752c                _svfiprintf_r
 .text._printf_common
                0x08007724       0xda /opt/st/stm32cubeide_1.16.1/plugins/com.st.stm32cube.ide.mcu.externaltools.gnu-tools-for-stm32.12.3.rel1.linux64_1.0.200.202406132123/tools/bin/../lib/gcc/arm-none-eabi/12.3.1/../../../../arm-none-eabi/lib/thumb/v7e-m+fp/hard/libc_nano.a(libc_a-nano-vfprintf_i.o)
                0x08007724                _printf_common
 *fill*         0x080077fe        0x2 
 .text._printf_i
                0x08007800      0x240 /opt/st/stm32cubeide_1.16.1/plugins/com.st.stm32cube.ide.mcu.externaltools.gnu-tools-for-stm32.12.3.rel1.linux64_1.0.200.202406132123/tools/bin/../lib/gcc/arm-none-eabi/12.3.1/../../../../arm-none-eabi/lib/thumb/v7e-m+fp/hard/libc_nano.a(libc_a-nano-vfprintf_i.o)
                0x08007800                _printf_i
 .text.memmove  0x08007a40       0x34 /opt/st/stm32cubeide_1.16.1/plugins/com.st.stm32cube.ide.mcu.externaltools.gnu-tools-for-stm32.12.3.rel1.linux64_1.0.200.202406132123/tools/bin/../lib/gcc/arm-none-eabi/12.3.1/../../../../arm-none-eabi/lib/thumb/v7e-m+fp/hard/libc_nano.a(libc_a-memmove.o)
                0x08007a40                memmove
 .text._sbrk_r  0x08007a74       0x20 /opt/st/stm32cubeide_1.16.1/plugins/com.st.stm32cube.ide.mcu.externaltools.gnu-tools-for-stm32.12.3.rel1.linux64_1.0.200.202406132123/tools/bin/../lib/gcc/arm-none-eabi/12.3.1/../../../../arm-none-eabi/lib/thumb/v7e-m+fp/hard/libc_nano.a(libc_a-sbrkr.o)
                0x08007a74                _sbrk_r
 .text._realloc_r
                0x08007a94       0x5c /opt/st/stm32cubeide_1.16.1/plugins/com.st.stm32cube.ide.mcu.externaltools.gnu-tools-for-stm32.12.3.rel1.linux64_1.0.200.202406132123/tools/bin/../lib/gcc/arm-none-eabi/12.3.1/../../../../arm-none-eabi/lib/thumb/v7e-m+fp/hard/libc_nano.a(libc_a-reallocr.o)
                0x08007a94                _realloc_r
 .text._malloc_usable_size_r
                0x08007af0       0x10 /opt/st/stm32cubeide_1.16.1/plugins/com.st.stm32cube.ide.mcu.externaltools.gnu-tools-for-stm32.12.3.rel1.linux64_1.0.200.202406132123/tools/bin/../lib/gcc/arm-none-eabi/12.3.1/../../../../arm-none-eabi/lib/thumb/v7e-m+fp/hard/libc_nano.a(libc_a-msizer.o)
                0x08007af0                _malloc_usable_size_r
 *(.glue_7)
 .glue_7        0x08007b00        0x0 linker stubs
 *(.glue_7t)
 .glue_7t       0x08007b00        0x0 linker stubs
 *(.eh_frame)
 .eh_frame      0x08007b00        0x0 /opt/st/stm32cubeide_1.16.1/plugins/com.st.stm32cube.ide.mcu.externaltools.gnu-tools-for-stm32.12.3.rel1.linux64_1.0.200.202406132123/tools/bin/../lib/gcc/arm-none-eabi/12.3.1/thumb/v7e-m+fp/hard/crtbegin.o
 *(.init)
 .init          0x08007b00        0x4 /opt/st/stm32cubeide_1.16.1/plugins/com.st.stm32cube.ide.mcu.externaltools.gnu-tools-for-stm32.12.3.rel1.linux64_1.0.200.202406132123/tools/bin/../lib/gcc/arm-none-eabi/12.3.1/thumb/v7e-m+fp/hard/crti.o
                0x08007b00                _init
 .init          0x08007b04        0x8 /opt/st/stm32cubeide_1.16.1/plugins/com.st.stm32cube.ide.mcu.externaltools.gnu-tools-for-stm32.12.3.rel1.linux64_1.0.200.202406132123/tools/bin/../lib/gcc/arm-none-eabi/12.3.1/thumb/v7e-m+fp/hard/crtn.o
 *(.fini)
 .fini          0x08007b0c        0x4 /opt/st/stm32cubeide_1.16.1/plugins/com.st.stm32cube.ide.mcu.externaltools.gnu-tools-for-stm32.12.3.rel1.linux64_1.0.200.202406132123/tools/bin/../lib/gcc/arm-none-eabi/12.3.1/thumb/v7e-m+fp/hard/crti.o
                0x08007b0c                _fini
 .fini          0x08007b10        0x8 /opt/st/stm32cubeide_1.16.1/plugins/com.st.stm32cube.ide.mcu.externaltools.gnu-tools-for-stm32.12.3.rel1.linux64_1.0.200.202406132123/tools/bin/../lib/gcc/arm-none-eabi/12.3.1/thumb/v7e-m+fp/hard/crtn.o
                0x08007b18                        . = ALIGN (0x4)
                0x08007b18                        _etext = .

.vfp11_veneer   0x08007b18        0x0
 .vfp11_veneer  0x08007b18        0x0 linker stubs

.v4_bx          0x08007b18        0x0
 .v4_bx         0x08007b18        0x0 linker stubs

.iplt           0x08007b18        0x0
 .iplt          0x08007b18        0x0 /opt/st/stm32cubeide_1.16.1/plugins/com.st.stm32cube.ide.mcu.externaltools.gnu-tools-for-stm32.12.3.rel1.linux64_1.0.200.202406132123/tools/bin/../lib/gcc/arm-none-eabi/12.3.1/thumb/v7e-m+fp/hard/crtbegin.o

.rodata         0x08007b18       0xe4
                0x08007b18                        . = ALIGN (0x4)
 *(.rodata)
 .rodata        0x08007b18       0x20 ./Core/Src/Encrypt-Files/OCB3.o
 .rodata        0x08007b38       0x57 ./Core/Src/main.o
 *(.rodata*)
 *fill*         0x08007b8f        0x1 
 .rodata.tz_table.0
                0x08007b90       0x20 ./Core/Src/Encrypt-Files/OCB3.o
 .rodata.AHBPrescTable
                0x08007bb0       0x10 ./Core/Src/system_stm32f7xx.o
                0x08007bb0                AHBPrescTable
 .rodata.APBPrescTable
                0x08007bc0        0x8 ./Core/Src/system_stm32f7xx.o
                0x08007bc0                APBPrescTable
 .rodata._svfprintf_r.str1.1
                0x08007bc8       0x11 /opt/st/stm32cubeide_1.16.1/plugins/com.st.stm32cube.ide.mcu.externaltools.gnu-tools-for-stm32.12.3.rel1.linux64_1.0.200.202406132123/tools/bin/../lib/gcc/arm-none-eabi/12.3.1/../../../../arm-none-eabi/lib/thumb/v7e-m+fp/hard/libc_nano.a(libc_a-nano-svfprintf.o)
 .rodata._printf_i.str1.1
                0x08007bd9       0x22 /opt/st/stm32cubeide_1.16.1/plugins/com.st.stm32cube.ide.mcu.externaltools.gnu-tools-for-stm32.12.3.rel1.linux64_1.0.200.202406132123/tools/bin/../lib/gcc/arm-none-eabi/12.3.1/../../../../arm-none-eabi/lib/thumb/v7e-m+fp/hard/libc_nano.a(libc_a-nano-vfprintf_i.o)
                0x08007bfc                        . = ALIGN (0x4)
 *fill*         0x08007bfb        0x1 

.ARM.extab      0x08007bfc        0x0
                0x08007bfc                        . = ALIGN (0x4)
 *(.ARM.extab* .gnu.linkonce.armextab.*)
                0x08007bfc                        . = ALIGN (0x4)

.ARM            0x08007bfc        0x8
                0x08007bfc                        . = ALIGN (0x4)
                0x08007bfc                        __exidx_start = .
 *(.ARM.exidx*)
 .ARM.exidx     0x08007bfc        0x8 /opt/st/stm32cubeide_1.16.1/plugins/com.st.stm32cube.ide.mcu.externaltools.gnu-tools-for-stm32.12.3.rel1.linux64_1.0.200.202406132123/tools/bin/../lib/gcc/arm-none-eabi/12.3.1/../../../../arm-none-eabi/lib/thumb/v7e-m+fp/hard/libc_nano.a(libc_a-memchr.o)
 .ARM.exidx     0x08007c04        0x0 /opt/st/stm32cubeide_1.16.1/plugins/com.st.stm32cube.ide.mcu.externaltools.gnu-tools-for-stm32.12.3.rel1.linux64_1.0.200.202406132123/tools/bin/../lib/gcc/arm-none-eabi/12.3.1/thumb/v7e-m+fp/hard/libgcc.a(_udivmoddi4.o)
                                  0x8 (size before relaxing)
                0x08007c04                        __exidx_end = .
                0x08007c04                        . = ALIGN (0x4)

.rel.dyn        0x08007c04        0x0
 .rel.iplt      0x08007c04        0x0 /opt/st/stm32cubeide_1.16.1/plugins/com.st.stm32cube.ide.mcu.externaltools.gnu-tools-for-stm32.12.3.rel1.linux64_1.0.200.202406132123/tools/bin/../lib/gcc/arm-none-eabi/12.3.1/thumb/v7e-m+fp/hard/crtbegin.o

.preinit_array  0x08007c04        0x0
                0x08007c04                        . = ALIGN (0x4)
                0x08007c04                        PROVIDE (__preinit_array_start = .)
 *(.preinit_array*)
                0x08007c04                        PROVIDE (__preinit_array_end = .)
                0x08007c04                        . = ALIGN (0x4)

.init_array     0x08007c04        0x4
                0x08007c04                        . = ALIGN (0x4)
                0x08007c04                        PROVIDE (__init_array_start = .)
 *(SORT_BY_NAME(.init_array.*))
 *(.init_array*)
 .init_array    0x08007c04        0x4 /opt/st/stm32cubeide_1.16.1/plugins/com.st.stm32cube.ide.mcu.externaltools.gnu-tools-for-stm32.12.3.rel1.linux64_1.0.200.202406132123/tools/bin/../lib/gcc/arm-none-eabi/12.3.1/thumb/v7e-m+fp/hard/crtbegin.o
                0x08007c08                        PROVIDE (__init_array_end = .)
                0x08007c08                        . = ALIGN (0x4)

.fini_array     0x08007c08        0x4
                0x08007c08                        . = ALIGN (0x4)
                [!provide]                        PROVIDE (__fini_array_start = .)
 *(SORT_BY_NAME(.fini_array.*))
 *(.fini_array*)
 .fini_array    0x08007c08        0x4 /opt/st/stm32cubeide_1.16.1/plugins/com.st.stm32cube.ide.mcu.externaltools.gnu-tools-for-stm32.12.3.rel1.linux64_1.0.200.202406132123/tools/bin/../lib/gcc/arm-none-eabi/12.3.1/thumb/v7e-m+fp/hard/crtbegin.o
                [!provide]                        PROVIDE (__fini_array_end = .)
                0x08007c0c                        . = ALIGN (0x4)
                0x08007c0c                        _sidata = LOADADDR (.data)

.data           0x20000000       0x98 load address 0x08007c0c
                0x20000000                        . = ALIGN (0x4)
                0x20000000                        _sdata = .
 *(.data)
 *(.data*)
 .data.key1     0x20000000       0x10 ./Core/Src/main.o
 .data.nonce    0x20000010       0x10 ./Core/Src/main.o
 .data.bytes    0x20000020       0x1c ./Core/Src/main.o
 .data.SystemCoreClock
                0x2000003c        0x4 ./Core/Src/system_stm32f7xx.o
                0x2000003c                SystemCoreClock
 .data.uwTickPrio
                0x20000040        0x4 ./Drivers/STM32F7xx_HAL_Driver/Src/stm32f7xx_hal.o
                0x20000040                uwTickPrio
 .data.uwTickFreq
                0x20000044        0x1 ./Drivers/STM32F7xx_HAL_Driver/Src/stm32f7xx_hal.o
                0x20000044                uwTickFreq
 *fill*         0x20000045        0x3 
 .data._impure_ptr
                0x20000048        0x4 /opt/st/stm32cubeide_1.16.1/plugins/com.st.stm32cube.ide.mcu.externaltools.gnu-tools-for-stm32.12.3.rel1.linux64_1.0.200.202406132123/tools/bin/../lib/gcc/arm-none-eabi/12.3.1/../../../../arm-none-eabi/lib/thumb/v7e-m+fp/hard/libc_nano.a(libc_a-impure.o)
                0x20000048                _impure_ptr
 .data._impure_data
                0x2000004c       0x4c /opt/st/stm32cubeide_1.16.1/plugins/com.st.stm32cube.ide.mcu.externaltools.gnu-tools-for-stm32.12.3.rel1.linux64_1.0.200.202406132123/tools/bin/../lib/gcc/arm-none-eabi/12.3.1/../../../../arm-none-eabi/lib/thumb/v7e-m+fp/hard/libc_nano.a(libc_a-impure.o)
                0x2000004c                _impure_data
 *(.RamFunc)
 *(.RamFunc*)
                0x20000098                        . = ALIGN (0x4)
                0x20000098                        _edata = .

.igot.plt       0x20000098        0x0 load address 0x08007ca4
 .igot.plt      0x20000098        0x0 /opt/st/stm32cubeide_1.16.1/plugins/com.st.stm32cube.ide.mcu.externaltools.gnu-tools-for-stm32.12.3.rel1.linux64_1.0.200.202406132123/tools/bin/../lib/gcc/arm-none-eabi/12.3.1/thumb/v7e-m+fp/hard/crtbegin.o

.RxDecripSection
                0x20000098       0xa0 load address 0x08007ca4
 .RxDecripSection
                0x20000098       0xa0 ./Core/Src/main.o
                0x20000098                DMARxDscrTab

.TxDecripSection
                0x20000138       0xa0 load address 0x08007d44
 .TxDecripSection
                0x20000138       0xa0 ./Core/Src/main.o
                0x20000138                DMATxDscrTab
                0x200001d8                        . = ALIGN (0x4)

.bss            0x200001d8     0x3e8c load address 0x08007de4
                0x200001d8                        _sbss = .
                0x200001d8                        __bss_start__ = _sbss
 *(.bss)
 .bss           0x200001d8       0x1c /opt/st/stm32cubeide_1.16.1/plugins/com.st.stm32cube.ide.mcu.externaltools.gnu-tools-for-stm32.12.3.rel1.linux64_1.0.200.202406132123/tools/bin/../lib/gcc/arm-none-eabi/12.3.1/thumb/v7e-m+fp/hard/crtbegin.o
 *(.bss*)
 .bss.L         0x200001f4      0x100 ./Core/Src/Encrypt-Files/OCB3.o
                0x200001f4                L
 .bss.TxConfig  0x200002f4       0x38 ./Core/Src/main.o
                0x200002f4                TxConfig
 .bss.heth      0x2000032c       0xb0 ./Core/Src/main.o
                0x2000032c                heth
 .bss.huart3    0x200003dc       0x88 ./Core/Src/main.o
                0x200003dc                huart3
 .bss.hpcd_USB_OTG_FS
                0x20000464      0x508 ./Core/Src/main.o
                0x20000464                hpcd_USB_OTG_FS
 .bss.tag       0x2000096c       0x10 ./Core/Src/main.o
 .bss.plaintext
                0x2000097c     0x1000 ./Core/Src/main.o
 .bss.ciphertext
                0x2000197c     0x1000 ./Core/Src/main.o
 .bss.asociated_data
                0x2000297c     0x1000 ./Core/Src/main.o
 .bss.buffer    0x2000397c      0x400 ./Core/Src/main.o
                0x2000397c                buffer
 .bss.performance
                0x20003d7c      0x190 ./Core/Src/main.o
                0x20003d7c                performance
 .bss.MACAddr.0
                0x20003f0c        0x6 ./Core/Src/main.o
 *fill*         0x20003f12        0x2 
 .bss.__sbrk_heap_end
                0x20003f14        0x4 ./Core/Src/sysmem.o
 .bss.uwTick    0x20003f18        0x4 ./Drivers/STM32F7xx_HAL_Driver/Src/stm32f7xx_hal.o
                0x20003f18                uwTick
 .bss.__sf      0x20003f1c      0x138 /opt/st/stm32cubeide_1.16.1/plugins/com.st.stm32cube.ide.mcu.externaltools.gnu-tools-for-stm32.12.3.rel1.linux64_1.0.200.202406132123/tools/bin/../lib/gcc/arm-none-eabi/12.3.1/../../../../arm-none-eabi/lib/thumb/v7e-m+fp/hard/libc_nano.a(libc_a-findfp.o)
                0x20003f1c                __sf
 .bss.errno     0x20004054        0x4 /opt/st/stm32cubeide_1.16.1/plugins/com.st.stm32cube.ide.mcu.externaltools.gnu-tools-for-stm32.12.3.rel1.linux64_1.0.200.202406132123/tools/bin/../lib/gcc/arm-none-eabi/12.3.1/../../../../arm-none-eabi/lib/thumb/v7e-m+fp/hard/libc_nano.a(libc_a-reent.o)
                0x20004054                errno
 .bss.__lock___malloc_recursive_mutex
                0x20004058        0x1 /opt/st/stm32cubeide_1.16.1/plugins/com.st.stm32cube.ide.mcu.externaltools.gnu-tools-for-stm32.12.3.rel1.linux64_1.0.200.202406132123/tools/bin/../lib/gcc/arm-none-eabi/12.3.1/../../../../arm-none-eabi/lib/thumb/v7e-m+fp/hard/libc_nano.a(libc_a-lock.o)
                0x20004058                __lock___malloc_recursive_mutex
 *fill*         0x20004059        0x3 
 .bss.__malloc_sbrk_start
                0x2000405c        0x4 /opt/st/stm32cubeide_1.16.1/plugins/com.st.stm32cube.ide.mcu.externaltools.gnu-tools-for-stm32.12.3.rel1.linux64_1.0.200.202406132123/tools/bin/../lib/gcc/arm-none-eabi/12.3.1/../../../../arm-none-eabi/lib/thumb/v7e-m+fp/hard/libc_nano.a(libc_a-mallocr.o)
                0x2000405c                __malloc_sbrk_start
 .bss.__malloc_free_list
                0x20004060        0x4 /opt/st/stm32cubeide_1.16.1/plugins/com.st.stm32cube.ide.mcu.externaltools.gnu-tools-for-stm32.12.3.rel1.linux64_1.0.200.202406132123/tools/bin/../lib/gcc/arm-none-eabi/12.3.1/../../../../arm-none-eabi/lib/thumb/v7e-m+fp/hard/libc_nano.a(libc_a-mallocr.o)
                0x20004060                __malloc_free_list
 *(COMMON)
                0x20004064                        . = ALIGN (0x4)
                0x20004064                        _ebss = .
                0x20004064                        __bss_end__ = _ebss

._user_heap_stack
                0x20004064      0x604 load address 0x08007de4
                0x20004068                        . = ALIGN (0x8)
 *fill*         0x20004064        0x4 
                [!provide]                        PROVIDE (end = .)
                0x20004068                        PROVIDE (_end = .)
                0x20004268                        . = (. + _Min_Heap_Size)
 *fill*         0x20004068      0x200 
                0x20004668                        . = (. + _Min_Stack_Size)
 *fill*         0x20004268      0x400 
                0x20004668                        . = ALIGN (0x8)

/DISCARD/
 libc.a(*)
 libm.a(*)
 libgcc.a(*)

.ARM.attributes
                0x00000000       0x30
 *(.ARM.attributes)
 .ARM.attributes
                0x00000000       0x22 /opt/st/stm32cubeide_1.16.1/plugins/com.st.stm32cube.ide.mcu.externaltools.gnu-tools-for-stm32.12.3.rel1.linux64_1.0.200.202406132123/tools/bin/../lib/gcc/arm-none-eabi/12.3.1/thumb/v7e-m+fp/hard/crti.o
 .ARM.attributes
                0x00000022       0x34 /opt/st/stm32cubeide_1.16.1/plugins/com.st.stm32cube.ide.mcu.externaltools.gnu-tools-for-stm32.12.3.rel1.linux64_1.0.200.202406132123/tools/bin/../lib/gcc/arm-none-eabi/12.3.1/thumb/v7e-m+fp/hard/crtbegin.o
 .ARM.attributes
                0x00000056       0x34 ./Core/Src/Encrypt-Files/OCB3.o
 .ARM.attributes
                0x0000008a       0x34 ./Core/Src/Encrypt-Files/aes_encrypt.o
 .ARM.attributes
                0x000000be       0x34 ./Core/Src/Encrypt-Files/aes_keyschedule.o
 .ARM.attributes
                0x000000f2       0x34 ./Core/Src/Serial.o
 .ARM.attributes
                0x00000126       0x34 ./Core/Src/main.o
 .ARM.attributes
                0x0000015a       0x34 ./Core/Src/stm32f7xx_hal_msp.o
 .ARM.attributes
                0x0000018e       0x34 ./Core/Src/stm32f7xx_it.o
 .ARM.attributes
                0x000001c2       0x34 ./Core/Src/sysmem.o
 .ARM.attributes
                0x000001f6       0x34 ./Core/Src/system_stm32f7xx.o
 .ARM.attributes
                0x0000022a       0x21 ./Core/Startup/startup_stm32f756zgtx.o
 .ARM.attributes
                0x0000024b       0x34 ./Drivers/STM32F7xx_HAL_Driver/Src/stm32f7xx_hal.o
 .ARM.attributes
                0x0000027f       0x34 ./Drivers/STM32F7xx_HAL_Driver/Src/stm32f7xx_hal_cortex.o
 .ARM.attributes
                0x000002b3       0x34 ./Drivers/STM32F7xx_HAL_Driver/Src/stm32f7xx_hal_eth.o
 .ARM.attributes
                0x000002e7       0x34 ./Drivers/STM32F7xx_HAL_Driver/Src/stm32f7xx_hal_gpio.o
 .ARM.attributes
                0x0000031b       0x34 ./Drivers/STM32F7xx_HAL_Driver/Src/stm32f7xx_hal_pcd.o
 .ARM.attributes
                0x0000034f       0x34 ./Drivers/STM32F7xx_HAL_Driver/Src/stm32f7xx_hal_pcd_ex.o
 .ARM.attributes
                0x00000383       0x34 ./Drivers/STM32F7xx_HAL_Driver/Src/stm32f7xx_hal_pwr.o
 .ARM.attributes
                0x000003b7       0x34 ./Drivers/STM32F7xx_HAL_Driver/Src/stm32f7xx_hal_rcc.o
 .ARM.attributes
                0x000003eb       0x34 ./Drivers/STM32F7xx_HAL_Driver/Src/stm32f7xx_hal_rcc_ex.o
 .ARM.attributes
                0x0000041f       0x34 ./Drivers/STM32F7xx_HAL_Driver/Src/stm32f7xx_hal_uart.o
 .ARM.attributes
                0x00000453       0x34 ./Drivers/STM32F7xx_HAL_Driver/Src/stm32f7xx_ll_usb.o
 .ARM.attributes
                0x00000487       0x34 /opt/st/stm32cubeide_1.16.1/plugins/com.st.stm32cube.ide.mcu.externaltools.gnu-tools-for-stm32.12.3.rel1.linux64_1.0.200.202406132123/tools/bin/../lib/gcc/arm-none-eabi/12.3.1/../../../../arm-none-eabi/lib/thumb/v7e-m+fp/hard/libc_nano.a(libc_a-findfp.o)
 .ARM.attributes
                0x000004bb       0x34 /opt/st/stm32cubeide_1.16.1/plugins/com.st.stm32cube.ide.mcu.externaltools.gnu-tools-for-stm32.12.3.rel1.linux64_1.0.200.202406132123/tools/bin/../lib/gcc/arm-none-eabi/12.3.1/../../../../arm-none-eabi/lib/thumb/v7e-m+fp/hard/libc_nano.a(libc_a-sprintf.o)
 .ARM.attributes
                0x000004ef       0x34 /opt/st/stm32cubeide_1.16.1/plugins/com.st.stm32cube.ide.mcu.externaltools.gnu-tools-for-stm32.12.3.rel1.linux64_1.0.200.202406132123/tools/bin/../lib/gcc/arm-none-eabi/12.3.1/../../../../arm-none-eabi/lib/thumb/v7e-m+fp/hard/libc_nano.a(libc_a-memset.o)
 .ARM.attributes
                0x00000523       0x34 /opt/st/stm32cubeide_1.16.1/plugins/com.st.stm32cube.ide.mcu.externaltools.gnu-tools-for-stm32.12.3.rel1.linux64_1.0.200.202406132123/tools/bin/../lib/gcc/arm-none-eabi/12.3.1/../../../../arm-none-eabi/lib/thumb/v7e-m+fp/hard/libc_nano.a(libc_a-reent.o)
 .ARM.attributes
                0x00000557       0x34 /opt/st/stm32cubeide_1.16.1/plugins/com.st.stm32cube.ide.mcu.externaltools.gnu-tools-for-stm32.12.3.rel1.linux64_1.0.200.202406132123/tools/bin/../lib/gcc/arm-none-eabi/12.3.1/../../../../arm-none-eabi/lib/thumb/v7e-m+fp/hard/libc_nano.a(libc_a-impure.o)
 .ARM.attributes
                0x0000058b       0x34 /opt/st/stm32cubeide_1.16.1/plugins/com.st.stm32cube.ide.mcu.externaltools.gnu-tools-for-stm32.12.3.rel1.linux64_1.0.200.202406132123/tools/bin/../lib/gcc/arm-none-eabi/12.3.1/../../../../arm-none-eabi/lib/thumb/v7e-m+fp/hard/libc_nano.a(libc_a-errno.o)
 .ARM.attributes
                0x000005bf       0x34 /opt/st/stm32cubeide_1.16.1/plugins/com.st.stm32cube.ide.mcu.externaltools.gnu-tools-for-stm32.12.3.rel1.linux64_1.0.200.202406132123/tools/bin/../lib/gcc/arm-none-eabi/12.3.1/../../../../arm-none-eabi/lib/thumb/v7e-m+fp/hard/libc_nano.a(libc_a-init.o)
 .ARM.attributes
                0x000005f3       0x34 /opt/st/stm32cubeide_1.16.1/plugins/com.st.stm32cube.ide.mcu.externaltools.gnu-tools-for-stm32.12.3.rel1.linux64_1.0.200.202406132123/tools/bin/../lib/gcc/arm-none-eabi/12.3.1/../../../../arm-none-eabi/lib/thumb/v7e-m+fp/hard/libc_nano.a(libc_a-lock.o)
 .ARM.attributes
                0x00000627       0x34 /opt/st/stm32cubeide_1.16.1/plugins/com.st.stm32cube.ide.mcu.externaltools.gnu-tools-for-stm32.12.3.rel1.linux64_1.0.200.202406132123/tools/bin/../lib/gcc/arm-none-eabi/12.3.1/../../../../arm-none-eabi/lib/thumb/v7e-m+fp/hard/libc_nano.a(libc_a-memcpy-stub.o)
 .ARM.attributes
                0x0000065b       0x34 /opt/st/stm32cubeide_1.16.1/plugins/com.st.stm32cube.ide.mcu.externaltools.gnu-tools-for-stm32.12.3.rel1.linux64_1.0.200.202406132123/tools/bin/../lib/gcc/arm-none-eabi/12.3.1/../../../../arm-none-eabi/lib/thumb/v7e-m+fp/hard/libc_nano.a(libc_a-freer.o)
 .ARM.attributes
                0x0000068f       0x34 /opt/st/stm32cubeide_1.16.1/plugins/com.st.stm32cube.ide.mcu.externaltools.gnu-tools-for-stm32.12.3.rel1.linux64_1.0.200.202406132123/tools/bin/../lib/gcc/arm-none-eabi/12.3.1/../../../../arm-none-eabi/lib/thumb/v7e-m+fp/hard/libc_nano.a(libc_a-mallocr.o)
 .ARM.attributes
                0x000006c3       0x34 /opt/st/stm32cubeide_1.16.1/plugins/com.st.stm32cube.ide.mcu.externaltools.gnu-tools-for-stm32.12.3.rel1.linux64_1.0.200.202406132123/tools/bin/../lib/gcc/arm-none-eabi/12.3.1/../../../../arm-none-eabi/lib/thumb/v7e-m+fp/hard/libc_nano.a(libc_a-mlock.o)
 .ARM.attributes
                0x000006f7       0x34 /opt/st/stm32cubeide_1.16.1/plugins/com.st.stm32cube.ide.mcu.externaltools.gnu-tools-for-stm32.12.3.rel1.linux64_1.0.200.202406132123/tools/bin/../lib/gcc/arm-none-eabi/12.3.1/../../../../arm-none-eabi/lib/thumb/v7e-m+fp/hard/libc_nano.a(libc_a-nano-svfprintf.o)
 .ARM.attributes
                0x0000072b       0x34 /opt/st/stm32cubeide_1.16.1/plugins/com.st.stm32cube.ide.mcu.externaltools.gnu-tools-for-stm32.12.3.rel1.linux64_1.0.200.202406132123/tools/bin/../lib/gcc/arm-none-eabi/12.3.1/../../../../arm-none-eabi/lib/thumb/v7e-m+fp/hard/libc_nano.a(libc_a-nano-vfprintf_i.o)
 .ARM.attributes
                0x0000075f       0x34 /opt/st/stm32cubeide_1.16.1/plugins/com.st.stm32cube.ide.mcu.externaltools.gnu-tools-for-stm32.12.3.rel1.linux64_1.0.200.202406132123/tools/bin/../lib/gcc/arm-none-eabi/12.3.1/../../../../arm-none-eabi/lib/thumb/v7e-m+fp/hard/libc_nano.a(libc_a-memmove.o)
 .ARM.attributes
                0x00000793       0x34 /opt/st/stm32cubeide_1.16.1/plugins/com.st.stm32cube.ide.mcu.externaltools.gnu-tools-for-stm32.12.3.rel1.linux64_1.0.200.202406132123/tools/bin/../lib/gcc/arm-none-eabi/12.3.1/../../../../arm-none-eabi/lib/thumb/v7e-m+fp/hard/libc_nano.a(libc_a-sbrkr.o)
 .ARM.attributes
                0x000007c7       0x1c /opt/st/stm32cubeide_1.16.1/plugins/com.st.stm32cube.ide.mcu.externaltools.gnu-tools-for-stm32.12.3.rel1.linux64_1.0.200.202406132123/tools/bin/../lib/gcc/arm-none-eabi/12.3.1/../../../../arm-none-eabi/lib/thumb/v7e-m+fp/hard/libc_nano.a(libc_a-memchr.o)
 .ARM.attributes
                0x000007e3       0x34 /opt/st/stm32cubeide_1.16.1/plugins/com.st.stm32cube.ide.mcu.externaltools.gnu-tools-for-stm32.12.3.rel1.linux64_1.0.200.202406132123/tools/bin/../lib/gcc/arm-none-eabi/12.3.1/../../../../arm-none-eabi/lib/thumb/v7e-m+fp/hard/libc_nano.a(libc_a-reallocr.o)
 .ARM.attributes
                0x00000817       0x34 /opt/st/stm32cubeide_1.16.1/plugins/com.st.stm32cube.ide.mcu.externaltools.gnu-tools-for-stm32.12.3.rel1.linux64_1.0.200.202406132123/tools/bin/../lib/gcc/arm-none-eabi/12.3.1/../../../../arm-none-eabi/lib/thumb/v7e-m+fp/hard/libc_nano.a(libc_a-msizer.o)
 .ARM.attributes
                0x0000084b       0x22 /opt/st/stm32cubeide_1.16.1/plugins/com.st.stm32cube.ide.mcu.externaltools.gnu-tools-for-stm32.12.3.rel1.linux64_1.0.200.202406132123/tools/bin/../lib/gcc/arm-none-eabi/12.3.1/thumb/v7e-m+fp/hard/libgcc.a(_aeabi_uldivmod.o)
 .ARM.attributes
                0x0000086d       0x34 /opt/st/stm32cubeide_1.16.1/plugins/com.st.stm32cube.ide.mcu.externaltools.gnu-tools-for-stm32.12.3.rel1.linux64_1.0.200.202406132123/tools/bin/../lib/gcc/arm-none-eabi/12.3.1/thumb/v7e-m+fp/hard/libgcc.a(_udivmoddi4.o)
 .ARM.attributes
                0x000008a1       0x22 /opt/st/stm32cubeide_1.16.1/plugins/com.st.stm32cube.ide.mcu.externaltools.gnu-tools-for-stm32.12.3.rel1.linux64_1.0.200.202406132123/tools/bin/../lib/gcc/arm-none-eabi/12.3.1/thumb/v7e-m+fp/hard/libgcc.a(_dvmd_tls.o)
 .ARM.attributes
                0x000008c3       0x22 /opt/st/stm32cubeide_1.16.1/plugins/com.st.stm32cube.ide.mcu.externaltools.gnu-tools-for-stm32.12.3.rel1.linux64_1.0.200.202406132123/tools/bin/../lib/gcc/arm-none-eabi/12.3.1/thumb/v7e-m+fp/hard/crtn.o
OUTPUT(OCB3-TEST.elf elf32-littlearm)
LOAD linker stubs
LOAD /opt/st/stm32cubeide_1.16.1/plugins/com.st.stm32cube.ide.mcu.externaltools.gnu-tools-for-stm32.12.3.rel1.linux64_1.0.200.202406132123/tools/bin/../lib/gcc/arm-none-eabi/12.3.1/../../../../arm-none-eabi/lib/thumb/v7e-m+fp/hard/libc.a
LOAD /opt/st/stm32cubeide_1.16.1/plugins/com.st.stm32cube.ide.mcu.externaltools.gnu-tools-for-stm32.12.3.rel1.linux64_1.0.200.202406132123/tools/bin/../lib/gcc/arm-none-eabi/12.3.1/../../../../arm-none-eabi/lib/thumb/v7e-m+fp/hard/libm.a
LOAD /opt/st/stm32cubeide_1.16.1/plugins/com.st.stm32cube.ide.mcu.externaltools.gnu-tools-for-stm32.12.3.rel1.linux64_1.0.200.202406132123/tools/bin/../lib/gcc/arm-none-eabi/12.3.1/thumb/v7e-m+fp/hard/libgcc.a

.debug_info     0x00000000    0x12d5f
 .debug_info    0x00000000      0x8df ./Core/Src/Encrypt-Files/OCB3.o
 .debug_info    0x000008df      0x832 ./Core/Src/Encrypt-Files/aes_encrypt.o
 .debug_info    0x00001111      0x432 ./Core/Src/Encrypt-Files/aes_keyschedule.o
 .debug_info    0x00001543      0x7cd ./Core/Src/Serial.o
 .debug_info    0x00001d10     0x2127 ./Core/Src/main.o
 .debug_info    0x00003e37     0x1b58 ./Core/Src/stm32f7xx_hal_msp.o
 .debug_info    0x0000598f      0x112 ./Core/Src/stm32f7xx_it.o
 .debug_info    0x00005aa1      0x168 ./Core/Src/sysmem.o
 .debug_info    0x00005c09      0x6ed ./Core/Src/system_stm32f7xx.o
 .debug_info    0x000062f6       0x30 ./Core/Startup/startup_stm32f756zgtx.o
 .debug_info    0x00006326      0x9de ./Drivers/STM32F7xx_HAL_Driver/Src/stm32f7xx_hal.o
 .debug_info    0x00006d04      0xf4f ./Drivers/STM32F7xx_HAL_Driver/Src/stm32f7xx_hal_cortex.o
 .debug_info    0x00007c53     0x2084 ./Drivers/STM32F7xx_HAL_Driver/Src/stm32f7xx_hal_eth.o
 .debug_info    0x00009cd7      0x6e7 ./Drivers/STM32F7xx_HAL_Driver/Src/stm32f7xx_hal_gpio.o
 .debug_info    0x0000a3be     0x156c ./Drivers/STM32F7xx_HAL_Driver/Src/stm32f7xx_hal_pcd.o
 .debug_info    0x0000b92a      0x78b ./Drivers/STM32F7xx_HAL_Driver/Src/stm32f7xx_hal_pcd_ex.o
 .debug_info    0x0000c0b5      0x90e ./Drivers/STM32F7xx_HAL_Driver/Src/stm32f7xx_hal_pwr.o
 .debug_info    0x0000c9c3      0x8dc ./Drivers/STM32F7xx_HAL_Driver/Src/stm32f7xx_hal_rcc.o
 .debug_info    0x0000d29f      0x6bd ./Drivers/STM32F7xx_HAL_Driver/Src/stm32f7xx_hal_rcc_ex.o
 .debug_info    0x0000d95c     0x3a47 ./Drivers/STM32F7xx_HAL_Driver/Src/stm32f7xx_hal_uart.o
 .debug_info    0x000113a3     0x19bc ./Drivers/STM32F7xx_HAL_Driver/Src/stm32f7xx_ll_usb.o

.debug_abbrev   0x00000000     0x28cb
 .debug_abbrev  0x00000000      0x1b6 ./Core/Src/Encrypt-Files/OCB3.o
 .debug_abbrev  0x000001b6      0x174 ./Core/Src/Encrypt-Files/aes_encrypt.o
 .debug_abbrev  0x0000032a      0x14b ./Core/Src/Encrypt-Files/aes_keyschedule.o
 .debug_abbrev  0x00000475      0x19d ./Core/Src/Serial.o
 .debug_abbrev  0x00000612      0x379 ./Core/Src/main.o
 .debug_abbrev  0x0000098b      0x27d ./Core/Src/stm32f7xx_hal_msp.o
 .debug_abbrev  0x00000c08       0x73 ./Core/Src/stm32f7xx_it.o
 .debug_abbrev  0x00000c7b       0xbc ./Core/Src/sysmem.o
 .debug_abbrev  0x00000d37      0x13b ./Core/Src/system_stm32f7xx.o
 .debug_abbrev  0x00000e72       0x24 ./Core/Startup/startup_stm32f756zgtx.o
 .debug_abbrev  0x00000e96      0x213 ./Drivers/STM32F7xx_HAL_Driver/Src/stm32f7xx_hal.o
 .debug_abbrev  0x000010a9      0x329 ./Drivers/STM32F7xx_HAL_Driver/Src/stm32f7xx_hal_cortex.o
 .debug_abbrev  0x000013d2      0x2ec ./Drivers/STM32F7xx_HAL_Driver/Src/stm32f7xx_hal_eth.o
 .debug_abbrev  0x000016be      0x1d4 ./Drivers/STM32F7xx_HAL_Driver/Src/stm32f7xx_hal_gpio.o
 .debug_abbrev  0x00001892      0x2e7 ./Drivers/STM32F7xx_HAL_Driver/Src/stm32f7xx_hal_pcd.o
 .debug_abbrev  0x00001b79      0x1ca ./Drivers/STM32F7xx_HAL_Driver/Src/stm32f7xx_hal_pcd_ex.o
 .debug_abbrev  0x00001d43      0x1c5 ./Drivers/STM32F7xx_HAL_Driver/Src/stm32f7xx_hal_pwr.o
 .debug_abbrev  0x00001f08      0x288 ./Drivers/STM32F7xx_HAL_Driver/Src/stm32f7xx_hal_rcc.o
 .debug_abbrev  0x00002190      0x1c9 ./Drivers/STM32F7xx_HAL_Driver/Src/stm32f7xx_hal_rcc_ex.o
 .debug_abbrev  0x00002359      0x2e6 ./Drivers/STM32F7xx_HAL_Driver/Src/stm32f7xx_hal_uart.o
 .debug_abbrev  0x0000263f      0x28c ./Drivers/STM32F7xx_HAL_Driver/Src/stm32f7xx_ll_usb.o

.debug_aranges  0x00000000      0xe50
 .debug_aranges
                0x00000000       0x68 ./Core/Src/Encrypt-Files/OCB3.o
 .debug_aranges
                0x00000068       0xa0 ./Core/Src/Encrypt-Files/aes_encrypt.o
 .debug_aranges
                0x00000108       0x68 ./Core/Src/Encrypt-Files/aes_keyschedule.o
 .debug_aranges
                0x00000170       0x28 ./Core/Src/Serial.o
 .debug_aranges
                0x00000198       0x70 ./Core/Src/main.o
 .debug_aranges
                0x00000208       0x50 ./Core/Src/stm32f7xx_hal_msp.o
 .debug_aranges
                0x00000258       0x60 ./Core/Src/stm32f7xx_it.o
 .debug_aranges
                0x000002b8       0x20 ./Core/Src/sysmem.o
 .debug_aranges
                0x000002d8       0x28 ./Core/Src/system_stm32f7xx.o
 .debug_aranges
                0x00000300       0x28 ./Core/Startup/startup_stm32f756zgtx.o
 .debug_aranges
                0x00000328      0x100 ./Drivers/STM32F7xx_HAL_Driver/Src/stm32f7xx_hal.o
 .debug_aranges
                0x00000428      0x118 ./Drivers/STM32F7xx_HAL_Driver/Src/stm32f7xx_hal_cortex.o
 .debug_aranges
                0x00000540      0x1e0 ./Drivers/STM32F7xx_HAL_Driver/Src/stm32f7xx_hal_eth.o
 .debug_aranges
                0x00000720       0x58 ./Drivers/STM32F7xx_HAL_Driver/Src/stm32f7xx_hal_gpio.o
 .debug_aranges
                0x00000778      0x148 ./Drivers/STM32F7xx_HAL_Driver/Src/stm32f7xx_hal_pcd.o
 .debug_aranges
                0x000008c0       0x48 ./Drivers/STM32F7xx_HAL_Driver/Src/stm32f7xx_hal_pcd_ex.o
 .debug_aranges
                0x00000908       0xa0 ./Drivers/STM32F7xx_HAL_Driver/Src/stm32f7xx_hal_pwr.o
 .debug_aranges
                0x000009a8       0x88 ./Drivers/STM32F7xx_HAL_Driver/Src/stm32f7xx_hal_rcc.o
 .debug_aranges
                0x00000a30       0x50 ./Drivers/STM32F7xx_HAL_Driver/Src/stm32f7xx_hal_rcc_ex.o
 .debug_aranges
                0x00000a80      0x228 ./Drivers/STM32F7xx_HAL_Driver/Src/stm32f7xx_hal_uart.o
 .debug_aranges
                0x00000ca8      0x1a8 ./Drivers/STM32F7xx_HAL_Driver/Src/stm32f7xx_ll_usb.o

.debug_rnglists
                0x00000000      0xb03
 .debug_rnglists
                0x00000000       0x4f ./Core/Src/Encrypt-Files/OCB3.o
 .debug_rnglists
                0x0000004f       0x82 ./Core/Src/Encrypt-Files/aes_encrypt.o
 .debug_rnglists
                0x000000d1       0x52 ./Core/Src/Encrypt-Files/aes_keyschedule.o
 .debug_rnglists
                0x00000123       0x19 ./Core/Src/Serial.o
 .debug_rnglists
                0x0000013c       0x53 ./Core/Src/main.o
 .debug_rnglists
                0x0000018f       0x3a ./Core/Src/stm32f7xx_hal_msp.o
 .debug_rnglists
                0x000001c9       0x43 ./Core/Src/stm32f7xx_it.o
 .debug_rnglists
                0x0000020c       0x13 ./Core/Src/sysmem.o
 .debug_rnglists
                0x0000021f       0x1a ./Core/Src/system_stm32f7xx.o
 .debug_rnglists
                0x00000239       0x19 ./Core/Startup/startup_stm32f756zgtx.o
 .debug_rnglists
                0x00000252       0xbb ./Drivers/STM32F7xx_HAL_Driver/Src/stm32f7xx_hal.o
 .debug_rnglists
                0x0000030d       0xce ./Drivers/STM32F7xx_HAL_Driver/Src/stm32f7xx_hal_cortex.o
 .debug_rnglists
                0x000003db      0x17d ./Drivers/STM32F7xx_HAL_Driver/Src/stm32f7xx_hal_eth.o
 .debug_rnglists
                0x00000558       0x3f ./Drivers/STM32F7xx_HAL_Driver/Src/stm32f7xx_hal_gpio.o
 .debug_rnglists
                0x00000597       0xfc ./Drivers/STM32F7xx_HAL_Driver/Src/stm32f7xx_hal_pcd.o
 .debug_rnglists
                0x00000693       0x32 ./Drivers/STM32F7xx_HAL_Driver/Src/stm32f7xx_hal_pcd_ex.o
 .debug_rnglists
                0x000006c5       0x74 ./Drivers/STM32F7xx_HAL_Driver/Src/stm32f7xx_hal_pwr.o
 .debug_rnglists
                0x00000739       0x67 ./Drivers/STM32F7xx_HAL_Driver/Src/stm32f7xx_hal_rcc.o
 .debug_rnglists
                0x000007a0       0x3c ./Drivers/STM32F7xx_HAL_Driver/Src/stm32f7xx_hal_rcc_ex.o
 .debug_rnglists
                0x000007dc      0x1d9 ./Drivers/STM32F7xx_HAL_Driver/Src/stm32f7xx_hal_uart.o
 .debug_rnglists
                0x000009b5      0x14e ./Drivers/STM32F7xx_HAL_Driver/Src/stm32f7xx_ll_usb.o

.debug_macro    0x00000000    0x27cf5
 .debug_macro   0x00000000      0x14a ./Core/Src/Encrypt-Files/OCB3.o
 .debug_macro   0x0000014a      0xab4 ./Core/Src/Encrypt-Files/OCB3.o
 .debug_macro   0x00000bfe       0x22 ./Core/Src/Encrypt-Files/OCB3.o
 .debug_macro   0x00000c20       0x5b ./Core/Src/Encrypt-Files/OCB3.o
 .debug_macro   0x00000c7b       0x2a ./Core/Src/Encrypt-Files/OCB3.o
 .debug_macro   0x00000ca5       0x94 ./Core/Src/Encrypt-Files/OCB3.o
 .debug_macro   0x00000d39       0x43 ./Core/Src/Encrypt-Files/OCB3.o
 .debug_macro   0x00000d7c       0x34 ./Core/Src/Encrypt-Files/OCB3.o
 .debug_macro   0x00000db0       0x16 ./Core/Src/Encrypt-Files/OCB3.o
 .debug_macro   0x00000dc6       0x57 ./Core/Src/Encrypt-Files/OCB3.o
 .debug_macro   0x00000e1d       0x9e ./Core/Src/Encrypt-Files/OCB3.o
 .debug_macro   0x00000ebb      0x369 ./Core/Src/Encrypt-Files/OCB3.o
 .debug_macro   0x00001224      0x10b ./Core/Src/Encrypt-Files/OCB3.o
 .debug_macro   0x0000132f       0x10 ./Core/Src/Encrypt-Files/OCB3.o
 .debug_macro   0x0000133f       0x16 ./Core/Src/Encrypt-Files/OCB3.o
 .debug_macro   0x00001355       0x43 ./Core/Src/Encrypt-Files/OCB3.o
 .debug_macro   0x00001398       0x34 ./Core/Src/Encrypt-Files/OCB3.o
 .debug_macro   0x000013cc       0x10 ./Core/Src/Encrypt-Files/OCB3.o
 .debug_macro   0x000013dc       0x58 ./Core/Src/Encrypt-Files/OCB3.o
 .debug_macro   0x00001434       0x8e ./Core/Src/Encrypt-Files/OCB3.o
 .debug_macro   0x000014c2       0x1c ./Core/Src/Encrypt-Files/OCB3.o
 .debug_macro   0x000014de      0x177 ./Core/Src/Encrypt-Files/OCB3.o
 .debug_macro   0x00001655       0x16 ./Core/Src/Encrypt-Files/OCB3.o
 .debug_macro   0x0000166b       0x16 ./Core/Src/Encrypt-Files/OCB3.o
 .debug_macro   0x00001681      0x146 ./Core/Src/Encrypt-Files/OCB3.o
 .debug_macro   0x000017c7      0x103 ./Core/Src/Encrypt-Files/OCB3.o
 .debug_macro   0x000018ca       0x6a ./Core/Src/Encrypt-Files/OCB3.o
 .debug_macro   0x00001934      0x1df ./Core/Src/Encrypt-Files/OCB3.o
 .debug_macro   0x00001b13      0x153 ./Core/Src/Encrypt-Files/aes_encrypt.o
 .debug_macro   0x00001c66       0x8e ./Core/Src/Encrypt-Files/aes_encrypt.o
 .debug_macro   0x00001cf4       0x51 ./Core/Src/Encrypt-Files/aes_encrypt.o
 .debug_macro   0x00001d45       0x34 ./Core/Src/Encrypt-Files/aes_encrypt.o
 .debug_macro   0x00001d79       0x61 ./Core/Src/Encrypt-Files/aes_encrypt.o
 .debug_macro   0x00001dda      0x177 ./Core/Src/Encrypt-Files/aes_keyschedule.o
 .debug_macro   0x00001f51      0x189 ./Core/Src/Encrypt-Files/aes_keyschedule.o
 .debug_macro   0x000020da       0x10 ./Core/Src/Encrypt-Files/aes_keyschedule.o
 .debug_macro   0x000020ea       0x35 ./Core/Src/Encrypt-Files/aes_keyschedule.o
 .debug_macro   0x0000211f       0x20 ./Core/Src/Encrypt-Files/aes_keyschedule.o
 .debug_macro   0x0000213f       0x1c ./Core/Src/Encrypt-Files/aes_keyschedule.o
 .debug_macro   0x0000215b       0x1c ./Core/Src/Encrypt-Files/aes_keyschedule.o
 .debug_macro   0x00002177      0x2d4 ./Core/Src/Serial.o
 .debug_macro   0x0000244b      0x299 ./Core/Src/Serial.o
 .debug_macro   0x000026e4       0x2e ./Core/Src/Serial.o
 .debug_macro   0x00002712       0x3b ./Core/Src/Serial.o
 .debug_macro   0x0000274d       0x1c ./Core/Src/Serial.o
 .debug_macro   0x00002769       0x22 ./Core/Src/Serial.o
 .debug_macro   0x0000278b       0xd9 ./Core/Src/Serial.o
 .debug_macro   0x00002864     0x12cd ./Core/Src/Serial.o
 .debug_macro   0x00003b31      0x11f ./Core/Src/Serial.o
 .debug_macro   0x00003c50       0x19 ./Core/Src/Serial.o
 .debug_macro   0x00003c69    0x19864 ./Core/Src/Serial.o
 .debug_macro   0x0001d4cd       0x6d ./Core/Src/Serial.o
 .debug_macro   0x0001d53a     0x3749 ./Core/Src/Serial.o
 .debug_macro   0x00020c83       0x63 ./Core/Src/Serial.o
 .debug_macro   0x00020ce6     0x1939 ./Core/Src/Serial.o
 .debug_macro   0x0002261f      0x6c4 ./Core/Src/Serial.o
 .debug_macro   0x00022ce3      0x185 ./Core/Src/Serial.o
 .debug_macro   0x00022e68      0x115 ./Core/Src/Serial.o
 .debug_macro   0x00022f7d      0x1fd ./Core/Src/Serial.o
 .debug_macro   0x0002317a       0xa5 ./Core/Src/Serial.o
 .debug_macro   0x0002321f      0x24f ./Core/Src/Serial.o
 .debug_macro   0x0002346e       0x41 ./Core/Src/Serial.o
 .debug_macro   0x000234af       0x58 ./Core/Src/Serial.o
 .debug_macro   0x00023507      0x236 ./Core/Src/Serial.o
 .debug_macro   0x0002373d      0xd44 ./Core/Src/Serial.o
 .debug_macro   0x00024481      0x14e ./Core/Src/Serial.o
 .debug_macro   0x000245cf      0x25a ./Core/Src/Serial.o
 .debug_macro   0x00024829       0x12 ./Core/Src/Serial.o
 .debug_macro   0x0002483b      0x22c ./Core/Src/Serial.o
 .debug_macro   0x00024a67       0x61 ./Core/Src/Serial.o
 .debug_macro   0x00024ac8       0xa5 ./Core/Src/Serial.o
 .debug_macro   0x00024b6d      0x12e ./Core/Src/Serial.o
 .debug_macro   0x00024c9b      0x108 ./Core/Src/Serial.o
 .debug_macro   0x00024da3       0x35 ./Core/Src/Serial.o
 .debug_macro   0x00024dd8      0x56d ./Core/Src/Serial.o
 .debug_macro   0x00025345       0x44 ./Core/Src/Serial.o
 .debug_macro   0x00025389      0x256 ./Core/Src/Serial.o
 .debug_macro   0x000255df       0xba ./Core/Src/Serial.o
 .debug_macro   0x00025699      0x14d ./Core/Src/Serial.o
 .debug_macro   0x000257e6      0x339 ./Core/Src/main.o
 .debug_macro   0x00025b1f      0x13c ./Core/Src/main.o
 .debug_macro   0x00025c5b      0x20b ./Core/Src/stm32f7xx_hal_msp.o
 .debug_macro   0x00025e66      0x215 ./Core/Src/stm32f7xx_it.o
 .debug_macro   0x0002607b       0xff ./Core/Src/sysmem.o
 .debug_macro   0x0002617a      0x23c ./Core/Src/sysmem.o
 .debug_macro   0x000263b6      0x1fc ./Core/Src/system_stm32f7xx.o
 .debug_macro   0x000265b2      0x220 ./Drivers/STM32F7xx_HAL_Driver/Src/stm32f7xx_hal.o
 .debug_macro   0x000267d2      0x1fc ./Drivers/STM32F7xx_HAL_Driver/Src/stm32f7xx_hal_cortex.o
 .debug_macro   0x000269ce      0x2d6 ./Drivers/STM32F7xx_HAL_Driver/Src/stm32f7xx_hal_eth.o
 .debug_macro   0x00026ca4      0x202 ./Drivers/STM32F7xx_HAL_Driver/Src/stm32f7xx_hal_gpio.o
 .debug_macro   0x00026ea6      0x208 ./Drivers/STM32F7xx_HAL_Driver/Src/stm32f7xx_hal_pcd.o
 .debug_macro   0x000270ae      0x1fc ./Drivers/STM32F7xx_HAL_Driver/Src/stm32f7xx_hal_pcd_ex.o
 .debug_macro   0x000272aa      0x21a ./Drivers/STM32F7xx_HAL_Driver/Src/stm32f7xx_hal_pwr.o
 .debug_macro   0x000274c4      0x220 ./Drivers/STM32F7xx_HAL_Driver/Src/stm32f7xx_hal_rcc.o
 .debug_macro   0x000276e4      0x1fc ./Drivers/STM32F7xx_HAL_Driver/Src/stm32f7xx_hal_rcc_ex.o
 .debug_macro   0x000278e0      0x219 ./Drivers/STM32F7xx_HAL_Driver/Src/stm32f7xx_hal_uart.o
 .debug_macro   0x00027af9      0x1fc ./Drivers/STM32F7xx_HAL_Driver/Src/stm32f7xx_ll_usb.o

.debug_line     0x00000000    0x1253b
 .debug_line    0x00000000      0xbf6 ./Core/Src/Encrypt-Files/OCB3.o
 .debug_line    0x00000bf6      0xeea ./Core/Src/Encrypt-Files/aes_encrypt.o
 .debug_line    0x00001ae0      0xd83 ./Core/Src/Encrypt-Files/aes_keyschedule.o
 .debug_line    0x00002863      0x864 ./Core/Src/Serial.o
 .debug_line    0x000030c7      0xcd8 ./Core/Src/main.o
 .debug_line    0x00003d9f      0x842 ./Core/Src/stm32f7xx_hal_msp.o
 .debug_line    0x000045e1      0x7ae ./Core/Src/stm32f7xx_it.o
 .debug_line    0x00004d8f      0x4b8 ./Core/Src/sysmem.o
 .debug_line    0x00005247      0x76e ./Core/Src/system_stm32f7xx.o
 .debug_line    0x000059b5       0x7a ./Core/Startup/startup_stm32f756zgtx.o
 .debug_line    0x00005a2f      0xa0e ./Drivers/STM32F7xx_HAL_Driver/Src/stm32f7xx_hal.o
 .debug_line    0x0000643d      0xc86 ./Drivers/STM32F7xx_HAL_Driver/Src/stm32f7xx_hal_cortex.o
 .debug_line    0x000070c3     0x1975 ./Drivers/STM32F7xx_HAL_Driver/Src/stm32f7xx_hal_eth.o
 .debug_line    0x00008a38      0xb8e ./Drivers/STM32F7xx_HAL_Driver/Src/stm32f7xx_hal_gpio.o
 .debug_line    0x000095c6     0x149d ./Drivers/STM32F7xx_HAL_Driver/Src/stm32f7xx_hal_pcd.o
 .debug_line    0x0000aa63      0x80d ./Drivers/STM32F7xx_HAL_Driver/Src/stm32f7xx_hal_pcd_ex.o
 .debug_line    0x0000b270      0x910 ./Drivers/STM32F7xx_HAL_Driver/Src/stm32f7xx_hal_pwr.o
 .debug_line    0x0000bb80      0xe3f ./Drivers/STM32F7xx_HAL_Driver/Src/stm32f7xx_hal_rcc.o
 .debug_line    0x0000c9bf      0xdf3 ./Drivers/STM32F7xx_HAL_Driver/Src/stm32f7xx_hal_rcc_ex.o
 .debug_line    0x0000d7b2     0x30c3 ./Drivers/STM32F7xx_HAL_Driver/Src/stm32f7xx_hal_uart.o
 .debug_line    0x00010875     0x1cc6 ./Drivers/STM32F7xx_HAL_Driver/Src/stm32f7xx_ll_usb.o

.debug_str      0x00000000    0xf1b26
 .debug_str     0x00000000     0x7748 ./Core/Src/Encrypt-Files/OCB3.o
                               0x7982 (size before relaxing)
 .debug_str     0x00007748      0x3a1 ./Core/Src/Encrypt-Files/aes_encrypt.o
                               0x7b99 (size before relaxing)
 .debug_str     0x00007ae9      0x17a ./Core/Src/Encrypt-Files/aes_keyschedule.o
                               0x7bb3 (size before relaxing)
 .debug_str     0x00007c63    0xe44ca ./Core/Src/Serial.o
                              0xebc26 (size before relaxing)
 .debug_str     0x000ec12d     0x1359 ./Core/Src/main.o
                              0xed621 (size before relaxing)
 .debug_str     0x000ed486      0x308 ./Core/Src/stm32f7xx_hal_msp.o
                              0xe9cc3 (size before relaxing)
 .debug_str     0x000ed78e       0xc9 ./Core/Src/stm32f7xx_it.o
                              0xe8b16 (size before relaxing)
 .debug_str     0x000ed857      0x4dc ./Core/Src/sysmem.o
                               0x60f4 (size before relaxing)
 .debug_str     0x000edd33      0x190 ./Core/Src/system_stm32f7xx.o
                              0xe883e (size before relaxing)
 .debug_str     0x000edec3       0x44 ./Core/Startup/startup_stm32f756zgtx.o
                                 0xa5 (size before relaxing)
 .debug_str     0x000edf07      0x9cd ./Drivers/STM32F7xx_HAL_Driver/Src/stm32f7xx_hal.o
                              0xe91b6 (size before relaxing)
 .debug_str     0x000ee8d4      0x33e ./Drivers/STM32F7xx_HAL_Driver/Src/stm32f7xx_hal_cortex.o
                              0xe91a1 (size before relaxing)
 .debug_str     0x000eec12     0x11c7 ./Drivers/STM32F7xx_HAL_Driver/Src/stm32f7xx_hal_eth.o
                              0xea00b (size before relaxing)
 .debug_str     0x000efdd9       0xe8 ./Drivers/STM32F7xx_HAL_Driver/Src/stm32f7xx_hal_gpio.o
                              0xe88fc (size before relaxing)
 .debug_str     0x000efec1      0x81e ./Drivers/STM32F7xx_HAL_Driver/Src/stm32f7xx_hal_pcd.o
                              0xe925b (size before relaxing)
 .debug_str     0x000f06df      0x12d ./Drivers/STM32F7xx_HAL_Driver/Src/stm32f7xx_hal_pcd_ex.o
                              0xe8b5c (size before relaxing)
 .debug_str     0x000f080c      0x2ac ./Drivers/STM32F7xx_HAL_Driver/Src/stm32f7xx_hal_pwr.o
                              0xe8adf (size before relaxing)
 .debug_str     0x000f0ab8      0x23e ./Drivers/STM32F7xx_HAL_Driver/Src/stm32f7xx_hal_rcc.o
                              0xe8ba0 (size before relaxing)
 .debug_str     0x000f0cf6      0x147 ./Drivers/STM32F7xx_HAL_Driver/Src/stm32f7xx_hal_rcc_ex.o
                              0xe8ad8 (size before relaxing)
 .debug_str     0x000f0e3d      0x88e ./Drivers/STM32F7xx_HAL_Driver/Src/stm32f7xx_hal_uart.o
                              0xe94ed (size before relaxing)
 .debug_str     0x000f16cb      0x45b ./Drivers/STM32F7xx_HAL_Driver/Src/stm32f7xx_ll_usb.o
                              0xe90e1 (size before relaxing)

.comment        0x00000000       0x43
 .comment       0x00000000       0x43 ./Core/Src/Encrypt-Files/OCB3.o
                                 0x44 (size before relaxing)
 .comment       0x00000043       0x44 ./Core/Src/Encrypt-Files/aes_encrypt.o
 .comment       0x00000043       0x44 ./Core/Src/Encrypt-Files/aes_keyschedule.o
 .comment       0x00000043       0x44 ./Core/Src/Serial.o
 .comment       0x00000043       0x44 ./Core/Src/main.o
 .comment       0x00000043       0x44 ./Core/Src/stm32f7xx_hal_msp.o
 .comment       0x00000043       0x44 ./Core/Src/stm32f7xx_it.o
 .comment       0x00000043       0x44 ./Core/Src/sysmem.o
 .comment       0x00000043       0x44 ./Core/Src/system_stm32f7xx.o
 .comment       0x00000043       0x44 ./Drivers/STM32F7xx_HAL_Driver/Src/stm32f7xx_hal.o
 .comment       0x00000043       0x44 ./Drivers/STM32F7xx_HAL_Driver/Src/stm32f7xx_hal_cortex.o
 .comment       0x00000043       0x44 ./Drivers/STM32F7xx_HAL_Driver/Src/stm32f7xx_hal_eth.o
 .comment       0x00000043       0x44 ./Drivers/STM32F7xx_HAL_Driver/Src/stm32f7xx_hal_gpio.o
 .comment       0x00000043       0x44 ./Drivers/STM32F7xx_HAL_Driver/Src/stm32f7xx_hal_pcd.o
 .comment       0x00000043       0x44 ./Drivers/STM32F7xx_HAL_Driver/Src/stm32f7xx_hal_pcd_ex.o
 .comment       0x00000043       0x44 ./Drivers/STM32F7xx_HAL_Driver/Src/stm32f7xx_hal_pwr.o
 .comment       0x00000043       0x44 ./Drivers/STM32F7xx_HAL_Driver/Src/stm32f7xx_hal_rcc.o
 .comment       0x00000043       0x44 ./Drivers/STM32F7xx_HAL_Driver/Src/stm32f7xx_hal_rcc_ex.o
 .comment       0x00000043       0x44 ./Drivers/STM32F7xx_HAL_Driver/Src/stm32f7xx_hal_uart.o
 .comment       0x00000043       0x44 ./Drivers/STM32F7xx_HAL_Driver/Src/stm32f7xx_ll_usb.o

.debug_frame    0x00000000     0x4068
 .debug_frame   0x00000000      0x1c4 ./Core/Src/Encrypt-Files/OCB3.o
 .debug_frame   0x000001c4      0x298 ./Core/Src/Encrypt-Files/aes_encrypt.o
 .debug_frame   0x0000045c      0x19c ./Core/Src/Encrypt-Files/aes_keyschedule.o
 .debug_frame   0x000005f8       0x58 ./Core/Src/Serial.o
 .debug_frame   0x00000650      0x170 ./Core/Src/main.o
 .debug_frame   0x000007c0      0x118 ./Core/Src/stm32f7xx_hal_msp.o
 .debug_frame   0x000008d8      0x104 ./Core/Src/stm32f7xx_it.o
 .debug_frame   0x000009dc       0x34 ./Core/Src/sysmem.o
 .debug_frame   0x00000a10       0x58 ./Core/Src/system_stm32f7xx.o
 .debug_frame   0x00000a68      0x3b4 ./Drivers/STM32F7xx_HAL_Driver/Src/stm32f7xx_hal.o
 .debug_frame   0x00000e1c      0x498 ./Drivers/STM32F7xx_HAL_Driver/Src/stm32f7xx_hal_cortex.o
 .debug_frame   0x000012b4      0x898 ./Drivers/STM32F7xx_HAL_Driver/Src/stm32f7xx_hal_eth.o
 .debug_frame   0x00001b4c      0x14c ./Drivers/STM32F7xx_HAL_Driver/Src/stm32f7xx_hal_gpio.o
 .debug_frame   0x00001c98      0x5bc ./Drivers/STM32F7xx_HAL_Driver/Src/stm32f7xx_hal_pcd.o
 .debug_frame   0x00002254      0x100 ./Drivers/STM32F7xx_HAL_Driver/Src/stm32f7xx_hal_pcd_ex.o
 .debug_frame   0x00002354      0x254 ./Drivers/STM32F7xx_HAL_Driver/Src/stm32f7xx_hal_pwr.o
 .debug_frame   0x000025a8      0x1f8 ./Drivers/STM32F7xx_HAL_Driver/Src/stm32f7xx_hal_rcc.o
 .debug_frame   0x000027a0      0x118 ./Drivers/STM32F7xx_HAL_Driver/Src/stm32f7xx_hal_rcc_ex.o
 .debug_frame   0x000028b8      0x9e4 ./Drivers/STM32F7xx_HAL_Driver/Src/stm32f7xx_hal_uart.o
 .debug_frame   0x0000329c      0x7e8 ./Drivers/STM32F7xx_HAL_Driver/Src/stm32f7xx_ll_usb.o
 .debug_frame   0x00003a84      0x144 /opt/st/stm32cubeide_1.16.1/plugins/com.st.stm32cube.ide.mcu.externaltools.gnu-tools-for-stm32.12.3.rel1.linux64_1.0.200.202406132123/tools/bin/../lib/gcc/arm-none-eabi/12.3.1/../../../../arm-none-eabi/lib/thumb/v7e-m+fp/hard/libc_nano.a(libc_a-findfp.o)
 .debug_frame   0x00003bc8       0x6c /opt/st/stm32cubeide_1.16.1/plugins/com.st.stm32cube.ide.mcu.externaltools.gnu-tools-for-stm32.12.3.rel1.linux64_1.0.200.202406132123/tools/bin/../lib/gcc/arm-none-eabi/12.3.1/../../../../arm-none-eabi/lib/thumb/v7e-m+fp/hard/libc_nano.a(libc_a-sprintf.o)
 .debug_frame   0x00003c34       0x20 /opt/st/stm32cubeide_1.16.1/plugins/com.st.stm32cube.ide.mcu.externaltools.gnu-tools-for-stm32.12.3.rel1.linux64_1.0.200.202406132123/tools/bin/../lib/gcc/arm-none-eabi/12.3.1/../../../../arm-none-eabi/lib/thumb/v7e-m+fp/hard/libc_nano.a(libc_a-memset.o)
 .debug_frame   0x00003c54       0x38 /opt/st/stm32cubeide_1.16.1/plugins/com.st.stm32cube.ide.mcu.externaltools.gnu-tools-for-stm32.12.3.rel1.linux64_1.0.200.202406132123/tools/bin/../lib/gcc/arm-none-eabi/12.3.1/../../../../arm-none-eabi/lib/thumb/v7e-m+fp/hard/libc_nano.a(libc_a-reent.o)
 .debug_frame   0x00003c8c       0x20 /opt/st/stm32cubeide_1.16.1/plugins/com.st.stm32cube.ide.mcu.externaltools.gnu-tools-for-stm32.12.3.rel1.linux64_1.0.200.202406132123/tools/bin/../lib/gcc/arm-none-eabi/12.3.1/../../../../arm-none-eabi/lib/thumb/v7e-m+fp/hard/libc_nano.a(libc_a-errno.o)
 .debug_frame   0x00003cac       0x2c /opt/st/stm32cubeide_1.16.1/plugins/com.st.stm32cube.ide.mcu.externaltools.gnu-tools-for-stm32.12.3.rel1.linux64_1.0.200.202406132123/tools/bin/../lib/gcc/arm-none-eabi/12.3.1/../../../../arm-none-eabi/lib/thumb/v7e-m+fp/hard/libc_nano.a(libc_a-init.o)
 .debug_frame   0x00003cd8       0xb0 /opt/st/stm32cubeide_1.16.1/plugins/com.st.stm32cube.ide.mcu.externaltools.gnu-tools-for-stm32.12.3.rel1.linux64_1.0.200.202406132123/tools/bin/../lib/gcc/arm-none-eabi/12.3.1/../../../../arm-none-eabi/lib/thumb/v7e-m+fp/hard/libc_nano.a(libc_a-lock.o)
 .debug_frame   0x00003d88       0x28 /opt/st/stm32cubeide_1.16.1/plugins/com.st.stm32cube.ide.mcu.externaltools.gnu-tools-for-stm32.12.3.rel1.linux64_1.0.200.202406132123/tools/bin/../lib/gcc/arm-none-eabi/12.3.1/../../../../arm-none-eabi/lib/thumb/v7e-m+fp/hard/libc_nano.a(libc_a-memcpy-stub.o)
 .debug_frame   0x00003db0       0x38 /opt/st/stm32cubeide_1.16.1/plugins/com.st.stm32cube.ide.mcu.externaltools.gnu-tools-for-stm32.12.3.rel1.linux64_1.0.200.202406132123/tools/bin/../lib/gcc/arm-none-eabi/12.3.1/../../../../arm-none-eabi/lib/thumb/v7e-m+fp/hard/libc_nano.a(libc_a-freer.o)
 .debug_frame   0x00003de8       0x50 /opt/st/stm32cubeide_1.16.1/plugins/com.st.stm32cube.ide.mcu.externaltools.gnu-tools-for-stm32.12.3.rel1.linux64_1.0.200.202406132123/tools/bin/../lib/gcc/arm-none-eabi/12.3.1/../../../../arm-none-eabi/lib/thumb/v7e-m+fp/hard/libc_nano.a(libc_a-mallocr.o)
 .debug_frame   0x00003e38       0x30 /opt/st/stm32cubeide_1.16.1/plugins/com.st.stm32cube.ide.mcu.externaltools.gnu-tools-for-stm32.12.3.rel1.linux64_1.0.200.202406132123/tools/bin/../lib/gcc/arm-none-eabi/12.3.1/../../../../arm-none-eabi/lib/thumb/v7e-m+fp/hard/libc_nano.a(libc_a-mlock.o)
 .debug_frame   0x00003e68       0x90 /opt/st/stm32cubeide_1.16.1/plugins/com.st.stm32cube.ide.mcu.externaltools.gnu-tools-for-stm32.12.3.rel1.linux64_1.0.200.202406132123/tools/bin/../lib/gcc/arm-none-eabi/12.3.1/../../../../arm-none-eabi/lib/thumb/v7e-m+fp/hard/libc_nano.a(libc_a-nano-svfprintf.o)
 .debug_frame   0x00003ef8       0x60 /opt/st/stm32cubeide_1.16.1/plugins/com.st.stm32cube.ide.mcu.externaltools.gnu-tools-for-stm32.12.3.rel1.linux64_1.0.200.202406132123/tools/bin/../lib/gcc/arm-none-eabi/12.3.1/../../../../arm-none-eabi/lib/thumb/v7e-m+fp/hard/libc_nano.a(libc_a-nano-vfprintf_i.o)
 .debug_frame   0x00003f58       0x28 /opt/st/stm32cubeide_1.16.1/plugins/com.st.stm32cube.ide.mcu.externaltools.gnu-tools-for-stm32.12.3.rel1.linux64_1.0.200.202406132123/tools/bin/../lib/gcc/arm-none-eabi/12.3.1/../../../../arm-none-eabi/lib/thumb/v7e-m+fp/hard/libc_nano.a(libc_a-memmove.o)
 .debug_frame   0x00003f80       0x2c /opt/st/stm32cubeide_1.16.1/plugins/com.st.stm32cube.ide.mcu.externaltools.gnu-tools-for-stm32.12.3.rel1.linux64_1.0.200.202406132123/tools/bin/../lib/gcc/arm-none-eabi/12.3.1/../../../../arm-none-eabi/lib/thumb/v7e-m+fp/hard/libc_nano.a(libc_a-sbrkr.o)
 .debug_frame   0x00003fac       0x3c /opt/st/stm32cubeide_1.16.1/plugins/com.st.stm32cube.ide.mcu.externaltools.gnu-tools-for-stm32.12.3.rel1.linux64_1.0.200.202406132123/tools/bin/../lib/gcc/arm-none-eabi/12.3.1/../../../../arm-none-eabi/lib/thumb/v7e-m+fp/hard/libc_nano.a(libc_a-reallocr.o)
 .debug_frame   0x00003fe8       0x20 /opt/st/stm32cubeide_1.16.1/plugins/com.st.stm32cube.ide.mcu.externaltools.gnu-tools-for-stm32.12.3.rel1.linux64_1.0.200.202406132123/tools/bin/../lib/gcc/arm-none-eabi/12.3.1/../../../../arm-none-eabi/lib/thumb/v7e-m+fp/hard/libc_nano.a(libc_a-msizer.o)
 .debug_frame   0x00004008       0x2c /opt/st/stm32cubeide_1.16.1/plugins/com.st.stm32cube.ide.mcu.externaltools.gnu-tools-for-stm32.12.3.rel1.linux64_1.0.200.202406132123/tools/bin/../lib/gcc/arm-none-eabi/12.3.1/thumb/v7e-m+fp/hard/libgcc.a(_aeabi_uldivmod.o)
 .debug_frame   0x00004034       0x34 /opt/st/stm32cubeide_1.16.1/plugins/com.st.stm32cube.ide.mcu.externaltools.gnu-tools-for-stm32.12.3.rel1.linux64_1.0.200.202406132123/tools/bin/../lib/gcc/arm-none-eabi/12.3.1/thumb/v7e-m+fp/hard/libgcc.a(_udivmoddi4.o)

.debug_line_str
                0x00000000       0x89
 .debug_line_str
                0x00000000       0x89 ./Core/Startup/startup_stm32f756zgtx.o
