../Core/Src/main.c:103:6:DWT_Init	4	static
../Core/Src/main.c:111:6:start_timer	4	static
../Core/Src/main.c:115:10:stop_timer	4	static
../Core/Src/main.c:119:6:print_array_2	24	static
../Core/Src/main.c:136:5:main	72	static
../Core/Src/main.c:307:6:SystemClock_Config	88	static
../Core/Src/main.c:357:13:MX_ETH_Init	8	static
../Core/Src/main.c:406:13:MX_USART3_UART_Init	8	static
../Core/Src/main.c:441:13:MX_USB_OTG_FS_PCD_Init	8	static
../Core/Src/main.c:476:13:MX_GPIO_Init	56	static
../Core/Src/main.c:534:6:Error_Handler	4	static,ignoring_inline_asm
