Archive member included to satisfy reference by file (symbol)

/opt/st/stm32cubeide_1.16.1/plugins/com.st.stm32cube.ide.mcu.externaltools.gnu-tools-for-stm32.12.3.rel1.linux64_1.0.200.202406132123/tools/bin/../lib/gcc/arm-none-eabi/12.3.1/../../../../arm-none-eabi/lib/thumb/v7e-m+fp/hard/libc_nano.a(libc_a-exit.o)
                              /opt/st/stm32cubeide_1.16.1/plugins/com.st.stm32cube.ide.mcu.externaltools.gnu-tools-for-stm32.12.3.rel1.linux64_1.0.200.202406132123/tools/bin/../lib/gcc/arm-none-eabi/12.3.1/../../../../arm-none-eabi/lib/thumb/v7e-m+fp/hard/crt0.o (exit)
/opt/st/stm32cubeide_1.16.1/plugins/com.st.stm32cube.ide.mcu.externaltools.gnu-tools-for-stm32.12.3.rel1.linux64_1.0.200.202406132123/tools/bin/../lib/gcc/arm-none-eabi/12.3.1/../../../../arm-none-eabi/lib/thumb/v7e-m+fp/hard/libc_nano.a(libc_a-findfp.o)
                              /opt/st/stm32cubeide_1.16.1/plugins/com.st.stm32cube.ide.mcu.externaltools.gnu-tools-for-stm32.12.3.rel1.linux64_1.0.200.202406132123/tools/bin/../lib/gcc/arm-none-eabi/12.3.1/../../../../arm-none-eabi/lib/thumb/v7e-m+fp/hard/libc_nano.a(libc_a-exit.o) (__stdio_exit_handler)
/opt/st/stm32cubeide_1.16.1/plugins/com.st.stm32cube.ide.mcu.externaltools.gnu-tools-for-stm32.12.3.rel1.linux64_1.0.200.202406132123/tools/bin/../lib/gcc/arm-none-eabi/12.3.1/../../../../arm-none-eabi/lib/thumb/v7e-m+fp/hard/libc_nano.a(libc_a-fwalk.o)
                              /opt/st/stm32cubeide_1.16.1/plugins/com.st.stm32cube.ide.mcu.externaltools.gnu-tools-for-stm32.12.3.rel1.linux64_1.0.200.202406132123/tools/bin/../lib/gcc/arm-none-eabi/12.3.1/../../../../arm-none-eabi/lib/thumb/v7e-m+fp/hard/libc_nano.a(libc_a-findfp.o) (_fwalk_sglue)
/opt/st/stm32cubeide_1.16.1/plugins/com.st.stm32cube.ide.mcu.externaltools.gnu-tools-for-stm32.12.3.rel1.linux64_1.0.200.202406132123/tools/bin/../lib/gcc/arm-none-eabi/12.3.1/../../../../arm-none-eabi/lib/thumb/v7e-m+fp/hard/libc_nano.a(libc_a-printf.o)
                              ./Core/Src/Encrypt-Files/EliMAC.o (printf)
/opt/st/stm32cubeide_1.16.1/plugins/com.st.stm32cube.ide.mcu.externaltools.gnu-tools-for-stm32.12.3.rel1.linux64_1.0.200.202406132123/tools/bin/../lib/gcc/arm-none-eabi/12.3.1/../../../../arm-none-eabi/lib/thumb/v7e-m+fp/hard/libc_nano.a(libc_a-putchar.o)
                              ./Core/Src/Encrypt-Files/EliMAC.o (putchar)
/opt/st/stm32cubeide_1.16.1/plugins/com.st.stm32cube.ide.mcu.externaltools.gnu-tools-for-stm32.12.3.rel1.linux64_1.0.200.202406132123/tools/bin/../lib/gcc/arm-none-eabi/12.3.1/../../../../arm-none-eabi/lib/thumb/v7e-m+fp/hard/libc_nano.a(libc_a-sprintf.o)
                              ./Core/Src/main.o (sprintf)
/opt/st/stm32cubeide_1.16.1/plugins/com.st.stm32cube.ide.mcu.externaltools.gnu-tools-for-stm32.12.3.rel1.linux64_1.0.200.202406132123/tools/bin/../lib/gcc/arm-none-eabi/12.3.1/../../../../arm-none-eabi/lib/thumb/v7e-m+fp/hard/libc_nano.a(libc_a-stdio.o)
                              /opt/st/stm32cubeide_1.16.1/plugins/com.st.stm32cube.ide.mcu.externaltools.gnu-tools-for-stm32.12.3.rel1.linux64_1.0.200.202406132123/tools/bin/../lib/gcc/arm-none-eabi/12.3.1/../../../../arm-none-eabi/lib/thumb/v7e-m+fp/hard/libc_nano.a(libc_a-findfp.o) (__sread)
/opt/st/stm32cubeide_1.16.1/plugins/com.st.stm32cube.ide.mcu.externaltools.gnu-tools-for-stm32.12.3.rel1.linux64_1.0.200.202406132123/tools/bin/../lib/gcc/arm-none-eabi/12.3.1/../../../../arm-none-eabi/lib/thumb/v7e-m+fp/hard/libc_nano.a(libc_a-memset.o)
                              /opt/st/stm32cubeide_1.16.1/plugins/com.st.stm32cube.ide.mcu.externaltools.gnu-tools-for-stm32.12.3.rel1.linux64_1.0.200.202406132123/tools/bin/../lib/gcc/arm-none-eabi/12.3.1/../../../../arm-none-eabi/lib/thumb/v7e-m+fp/hard/crt0.o (memset)
/opt/st/stm32cubeide_1.16.1/plugins/com.st.stm32cube.ide.mcu.externaltools.gnu-tools-for-stm32.12.3.rel1.linux64_1.0.200.202406132123/tools/bin/../lib/gcc/arm-none-eabi/12.3.1/../../../../arm-none-eabi/lib/thumb/v7e-m+fp/hard/libc_nano.a(libc_a-strncat.o)
                              ./Core/Src/Serial.o (strncat)
/opt/st/stm32cubeide_1.16.1/plugins/com.st.stm32cube.ide.mcu.externaltools.gnu-tools-for-stm32.12.3.rel1.linux64_1.0.200.202406132123/tools/bin/../lib/gcc/arm-none-eabi/12.3.1/../../../../arm-none-eabi/lib/thumb/v7e-m+fp/hard/libc_nano.a(libc_a-closer.o)
                              /opt/st/stm32cubeide_1.16.1/plugins/com.st.stm32cube.ide.mcu.externaltools.gnu-tools-for-stm32.12.3.rel1.linux64_1.0.200.202406132123/tools/bin/../lib/gcc/arm-none-eabi/12.3.1/../../../../arm-none-eabi/lib/thumb/v7e-m+fp/hard/libc_nano.a(libc_a-stdio.o) (_close_r)
/opt/st/stm32cubeide_1.16.1/plugins/com.st.stm32cube.ide.mcu.externaltools.gnu-tools-for-stm32.12.3.rel1.linux64_1.0.200.202406132123/tools/bin/../lib/gcc/arm-none-eabi/12.3.1/../../../../arm-none-eabi/lib/thumb/v7e-m+fp/hard/libc_nano.a(libc_a-reent.o)
[...]
Memory Configuration

Name             Origin             Length             Attributes
RAM              0x20000000         0x00050000         xrw
FLASH            0x08000000         0x00100000         xr
*default*        0x00000000         0xffffffff

Linker script and memory map

LOAD /opt/st/stm32cubeide_1.16.1/plugins/com.st.stm32cube.ide.mcu.externaltools.gnu-tools-for-stm32.12.3.rel1.linux64_1.0.200.202406132123/tools/bin/../lib/gcc/arm-none-eabi/12.3.1/thumb/v7e-m+fp/hard/crti.o
LOAD /opt/st/stm32cubeide_1.16.1/plugins/com.st.stm32cube.ide.mcu.externaltools.gnu-tools-for-stm32.12.3.rel1.linux64_1.0.200.202406132123/tools/bin/../lib/gcc/arm-none-eabi/12.3.1/thumb/v7e-m+fp/hard/crtbegin.o
LOAD /opt/st/stm32cubeide_1.16.1/plugins/com.st.stm32cube.ide.mcu.externaltools.gnu-tools-for-stm32.12.3.rel1.linux64_1.0.200.202406132123/tools/bin/../lib/gcc/arm-none-eabi/12.3.1/../../../../arm-none-eabi/lib/thumb/v7e-m+fp/hard/crt0.o
LOAD ./Core/Src/Encrypt-Files/EliMAC.o
LOAD ./Core/Src/Encrypt-Files/aes_encrypt.o
LOAD ./Core/Src/Encrypt-Files/aes_keyschedule.o
LOAD ./Core/Src/Encrypt-Files/aes_keyschedule_lut.o
LOAD ./Core/Src/Serial.o
LOAD ./Core/Src/main.o
LOAD ./Core/Src/stm32f7xx_hal_msp.o
LOAD ./Core/Src/stm32f7xx_it.o
LOAD ./Core/Src/syscalls.o
LOAD ./Core/Src/sysmem.o
LOAD ./Core/Src/system_stm32f7xx.o
LOAD ./Core/Startup/startup_stm32f756zgtx.o
LOAD ./Drivers/STM32F7xx_HAL_Driver/Src/stm32f7xx_hal.o
LOAD ./Drivers/STM32F7xx_HAL_Driver/Src/stm32f7xx_hal_cortex.o
LOAD ./Drivers/STM32F7xx_HAL_Driver/Src/stm32f7xx_hal_dma.o
LOAD ./Drivers/STM32F7xx_HAL_Driver/Src/stm32f7xx_hal_dma_ex.o
LOAD ./Drivers/STM32F7xx_HAL_Driver/Src/stm32f7xx_hal_eth.o
LOAD ./Drivers/STM32F7xx_HAL_Driver/Src/stm32f7xx_hal_exti.o
LOAD ./Drivers/STM32F7xx_HAL_Driver/Src/stm32f7xx_hal_flash.o
LOAD ./Drivers/STM32F7xx_HAL_Driver/Src/stm32f7xx_hal_flash_ex.o
LOAD ./Drivers/STM32F7xx_HAL_Driver/Src/stm32f7xx_hal_gpio.o
LOAD ./Drivers/STM32F7xx_HAL_Driver/Src/stm32f7xx_hal_i2c.o
LOAD ./Drivers/STM32F7xx_HAL_Driver/Src/stm32f7xx_hal_i2c_ex.o
LOAD ./Drivers/STM32F7xx_HAL_Driver/Src/stm32f7xx_hal_pcd.o
LOAD ./Drivers/STM32F7xx_HAL_Driver/Src/stm32f7xx_hal_pcd_ex.o
LOAD ./Drivers/STM32F7xx_HAL_Driver/Src/stm32f7xx_hal_pwr.o
LOAD ./Drivers/STM32F7xx_HAL_Driver/Src/stm32f7xx_hal_pwr_ex.o
LOAD ./Drivers/STM32F7xx_HAL_Driver/Src/stm32f7xx_hal_rcc.o
LOAD ./Drivers/STM32F7xx_HAL_Driver/Src/stm32f7xx_hal_rcc_ex.o
LOAD ./Drivers/STM32F7xx_HAL_Driver/Src/stm32f7xx_hal_tim.o
LOAD ./Drivers/STM32F7xx_HAL_Driver/Src/stm32f7xx_hal_tim_ex.o
LOAD ./Drivers/STM32F7xx_HAL_Driver/Src/stm32f7xx_hal_uart.o
LOAD ./Drivers/STM32F7xx_HAL_Driver/Src/stm32f7xx_hal_uart_ex.o
LOAD ./Drivers/STM32F7xx_HAL_Driver/Src/stm32f7xx_ll_usb.o
START GROUP
LOAD /opt/st/stm32cubeide_1.16.1/plugins/com.st.stm32cube.ide.mcu.externaltools.gnu-tools-for-stm32.12.3.rel1.linux64_1.0.200.202406132123/tools/bin/../lib/gcc/arm-none-eabi/12.3.1/../../../../arm-none-eabi/lib/thumb/v7e-m+fp/hard/libc_nano.a
LOAD /opt/st/stm32cubeide_1.16.1/plugins/com.st.stm32cube.ide.mcu.externaltools.gnu-tools-for-stm32.12.3.rel1.linux64_1.0.200.202406132123/tools/bin/../lib/gcc/arm-none-eabi/12.3.1/../../../../arm-none-eabi/lib/thumb/v7e-m+fp/hard/libm.a
END GROUP
START GROUP
LOAD /opt/st/stm32cubeide_1.16.1/plugins/com.st.stm32cube.ide.mcu.externaltools.gnu-tools-for-stm32.12.3.rel1.linux64_1.0.200.202406132123/tools/bin/../lib/gcc/arm-none-eabi/12.3.1/thumb/v7e-m+fp/hard/libgcc.a
LOAD /opt/st/stm32cubeide_1.16.1/plugins/com.st.stm32cube.ide.mcu.externaltools.gnu-tools-for-stm32.12.3.rel1.linux64_1.0.200.202406132123/tools/bin/../lib/gcc/arm-none-eabi/12.3.1/../../../../arm-none-eabi/lib/thumb/v7e-m+fp/hard/libc_nano.a
END GROUP
START GROUP
LOAD /opt/st/stm32cubeide_1.16.1/plugins/com.st.stm32cube.ide.mcu.externaltools.gnu-tools-for-stm32.12.3.rel1.linux64_1.0.200.202406132123/tools/bin/../lib/gcc/arm-none-eabi/12.3.1/thumb/v7e-m+fp/hard/libgcc.a
LOAD /opt/st/stm32cubeide_1.16.1/plugins/com.st.stm32cube.ide.mcu.externaltools.gnu-tools-for-stm32.12.3.rel1.linux64_1.0.200.202406132123/tools/bin/../lib/gcc/arm-none-eabi/12.3.1/../../../../arm-none-eabi/lib/thumb/v7e-m+fp/hard/libc_nano.a
LOAD /opt/st/stm32cubeide_1.16.1/plugins/com.st.stm32cube.ide.mcu.externaltools.gnu-tools-for-stm32.12.3.rel1.linux64_1.0.200.202406132123/tools/bin/../lib/gcc/arm-none-eabi/12.3.1/../../../../arm-none-eabi/lib/thumb/v7e-m+fp/hard/libnosys.a
END GROUP
START GROUP
LOAD /opt/st/stm32cubeide_1.16.1/plugins/com.st.stm32cube.ide.mcu.externaltools.gnu-tools-for-stm32.12.3.rel1.linux64_1.0.200.202406132123/tools/bin/../lib/gcc/arm-none-eabi/12.3.1/thumb/v7e-m+fp/hard/libgcc.a
LOAD /opt/st/stm32cubeide_1.16.1/plugins/com.st.stm32cube.ide.mcu.externaltools.gnu-tools-for-stm32.12.3.rel1.linux64_1.0.200.202406132123/tools/bin/../lib/gcc/arm-none-eabi/12.3.1/../../../../arm-none-eabi/lib/thumb/v7e-m+fp/hard/libc_nano.a
LOAD /opt/st/stm32cubeide_1.16.1/plugins/com.st.stm32cube.ide.mcu.externaltools.gnu-tools-for-stm32.12.3.rel1.linux64_1.0.200.202406132123/tools/bin/../lib/gcc/arm-none-eabi/12.3.1/../../../../arm-none-eabi/lib/thumb/v7e-m+fp/hard/libnosys.a
END GROUP
LOAD /opt/st/stm32cubeide_1.16.1/plugins/com.st.stm32cube.ide.mcu.externaltools.gnu-tools-for-stm32.12.3.rel1.linux64_1.0.200.202406132123/tools/bin/../lib/gcc/arm-none-eabi/12.3.1/thumb/v7e-m+fp/hard/crtend.o
LOAD /opt/st/stm32cubeide_1.16.1/plugins/com.st.stm32cube.ide.mcu.externaltools.gnu-tools-for-stm32.12.3.rel1.linux64_1.0.200.202406132123/tools/bin/../lib/gcc/arm-none-eabi/12.3.1/thumb/v7e-m+fp/hard/crtn.o
                0x20050000                        _estack = (ORIGIN (RAM) + LENGTH (RAM))
                0x00000200                        _Min_Heap_Size = 0x200
                0x00000400                        _Min_Stack_Size = 0x400

.isr_vector     0x08000000      0x1c8
                0x08000000                        . = ALIGN (0x4)
 *(.isr_vector)
 .isr_vector    0x08000000      0x1c8 ./Core/Startup/startup_stm32f756zgtx.o
                0x08000000                g_pfnVectors
                0x080001c8                        . = ALIGN (0x4)

.text           0x080001d0     0x6914
                0x080001d0                        . = ALIGN (0x4)
 *(.text)
 .text          0x080001d0       0x40 /opt/st/stm32cubeide_1.16.1/plugins/com.st.stm32cube.ide.mcu.externaltools.gnu-tools-for-stm32.12.3.rel1.linux64_1.0.200.202406132123/tools/bin/../lib/gcc/arm-none-eabi/12.3.1/thumb/v7e-m+fp/hard/crtbegin.o
 .text          0x08000210      0xebc ./Core/Src/Encrypt-Files/aes_encrypt.o
                0x08000ae4                aes128_encrypt_ffs
                0x08000bbc                two_Rounds_aes128_encrypt_ffs
                0x08000c2c                four_Rounds_aes128_encrypt_ffs
                0x08000cac                six_Rounds_aes128_encrypt_ffs
                0x08000d3c                eigth_Rounds_aes128_encrypt_ffs
                0x08000ddc                aes256_encrypt_ffs
                0x08000ed4                aes128_encrypt_sfs
                0x08000fbc                aes256_encrypt_sfs
 .text          0x080010cc      0xa14 ./Core/Src/Encrypt-Files/aes_keyschedule_lut.o
                0x08001534                aes128_keyschedule_ffs_lut
                0x08001674                aes256_keyschedule_ffs_lut
                0x08001800                aes128_keyschedule_sfs_lut
                0x08001948                aes256_keyschedule_sfs_lut
 .text          0x08001ae0       0xa0 /opt/st/stm32cubeide_1.16.1/plugins/com.st.stm32cube.ide.mcu.externaltools.gnu-tools-for-stm32.12.3.rel1.linux64_1.0.200.202406132123/tools/bin/../lib/gcc/arm-none-eabi/12.3.1/../../../../arm-none-eabi/lib/thumb/v7e-m+fp/hard/libc_nano.a(libc_a-memchr.o)
                0x08001ae0                memchr
 .text          0x08001b80       0x30 /opt/st/stm32cubeide_1.16.1/plugins/com.st.stm32cube.ide.mcu.externaltools.gnu-tools-for-stm32.12.3.rel1.linux64_1.0.200.202406132123/tools/bin/../lib/gcc/arm-none-eabi/12.3.1/thumb/v7e-m+fp/hard/libgcc.a(_aeabi_uldivmod.o)
                0x08001b80                __aeabi_uldivmod
 .text          0x08001bb0      0x2bc /opt/st/stm32cubeide_1.16.1/plugins/com.st.stm32cube.ide.mcu.externaltools.gnu-tools-for-stm32.12.3.rel1.linux64_1.0.200.202406132123/tools/bin/../lib/gcc/arm-none-eabi/12.3.1/thumb/v7e-m+fp/hard/libgcc.a(_udivmoddi4.o)
                0x08001bb0                __udivmoddi4
 .text          0x08001e6c        0x4 /opt/st/stm32cubeide_1.16.1/plugins/com.st.stm32cube.ide.mcu.externaltools.gnu-tools-for-stm32.12.3.rel1.linux64_1.0.200.202406132123/tools/bin/../lib/gcc/arm-none-eabi/12.3.1/thumb/v7e-m+fp/hard/libgcc.a(_dvmd_tls.o)
                0x08001e6c                __aeabi_ldiv0
                0x08001e6c                __aeabi_idiv0
 *(.text*)
 .text.ELIMAC   0x08001e70      0x344 ./Core/Src/Encrypt-Files/EliMAC.o
                0x08001e70                ELIMAC
 .text.H        0x080021b4      0x1c4 ./Core/Src/Encrypt-Files/EliMAC.o
                0x080021b4                H
 .text.I        0x08002378      0x1c4 ./Core/Src/Encrypt-Files/EliMAC.o
                0x08002378                I
 .text.add_nonce
                0x0800253c       0x50 ./Core/Src/Encrypt-Files/EliMAC.o
                0x0800253c                add_nonce
 .text.xor_nonce
                0x0800258c       0x4a ./Core/Src/Encrypt-Files/EliMAC.o
                0x0800258c                xor_nonce
 .text.divide_plaintext
                0x080025d6       0x90 ./Core/Src/Encrypt-Files/EliMAC.o
                0x080025d6                divide_plaintext
 .text.serial_printf
                0x08002666       0x38 ./Core/Src/Serial.o
                0x08002666                serial_printf
 *fill*         0x0800269e        0x2 
 .text.DWT_Init
                0x080026a0       0x40 ./Core/Src/main.o
                0x080026a0                DWT_Init
 .text.start_timer
                0x080026e0       0x18 ./Core/Src/main.o
                0x080026e0                start_timer
 .text.stop_timer
                0x080026f8       0x18 ./Core/Src/main.o
                0x080026f8                stop_timer
 .text.main     0x08002710      0x16c ./Core/Src/main.o
                0x08002710                main
 .text.SystemClock_Config
                0x0800287c       0xd0 ./Core/Src/main.o
                0x0800287c                SystemClock_Config
 .text.MX_ETH_Init
                0x0800294c       0x9c ./Core/Src/main.o
 .text.MX_USART3_UART_Init
                0x080029e8       0x60 ./Core/Src/main.o
 .text.MX_USB_OTG_FS_PCD_Init
                0x08002a48       0x5c ./Core/Src/main.o
 .text.MX_GPIO_Init
                0x08002aa4      0x144 ./Core/Src/main.o
 .text.Error_Handler
                0x08002be8        0xc ./Core/Src/main.o
                0x08002be8                Error_Handler
 .text.HAL_MspInit
                0x08002bf4       0x48 ./Core/Src/stm32f7xx_hal_msp.o
                0x08002bf4                HAL_MspInit
 .text.HAL_ETH_MspInit
                0x08002c3c      0x170 ./Core/Src/stm32f7xx_hal_msp.o
                0x08002c3c                HAL_ETH_MspInit
 .text.HAL_UART_MspInit
                0x08002dac       0xc0 ./Core/Src/stm32f7xx_hal_msp.o
                0x08002dac                HAL_UART_MspInit
 .text.HAL_PCD_MspInit
                0x08002e6c       0xf4 ./Core/Src/stm32f7xx_hal_msp.o
                0x08002e6c                HAL_PCD_MspInit
 .text.NMI_Handler
                0x08002f60        0x8 ./Core/Src/stm32f7xx_it.o
                0x08002f60                NMI_Handler
 .text.HardFault_Handler
                0x08002f68        0x8 ./Core/Src/stm32f7xx_it.o
                0x08002f68                HardFault_Handler
 .text.MemManage_Handler
                0x08002f70        0x8 ./Core/Src/stm32f7xx_it.o
                0x08002f70                MemManage_Handler
 .text.BusFault_Handler
                0x08002f78        0x8 ./Core/Src/stm32f7xx_it.o
                0x08002f78                BusFault_Handler
 .text.UsageFault_Handler
                0x08002f80        0x8 ./Core/Src/stm32f7xx_it.o
                0x08002f80                UsageFault_Handler
 .text.SVC_Handler
                0x08002f88        0xe ./Core/Src/stm32f7xx_it.o
                0x08002f88                SVC_Handler
 .text.DebugMon_Handler
                0x08002f96        0xe ./Core/Src/stm32f7xx_it.o
                0x08002f96                DebugMon_Handler
 .text.PendSV_Handler
                0x08002fa4        0xe ./Core/Src/stm32f7xx_it.o
                0x08002fa4                PendSV_Handler
 .text.SysTick_Handler
                0x08002fb2        0xc ./Core/Src/stm32f7xx_it.o
                0x08002fb2                SysTick_Handler
 *fill*         0x08002fbe        0x2 
 .text._sbrk    0x08002fc0       0x6c ./Core/Src/sysmem.o
                0x08002fc0                _sbrk
 .text.SystemInit
                0x0800302c       0x24 ./Core/Src/system_stm32f7xx.o
                0x0800302c                SystemInit
 .text.Reset_Handler
                0x08003050       0x50 ./Core/Startup/startup_stm32f756zgtx.o
                0x08003050                Reset_Handler
 .text.Default_Handler
                0x080030a0        0x2 ./Core/Startup/startup_stm32f756zgtx.o
                0x080030a0                RTC_Alarm_IRQHandler
                0x080030a0                HASH_RNG_IRQHandler
                0x080030a0                EXTI2_IRQHandler
                0x080030a0                TIM8_CC_IRQHandler
                0x080030a0                UART8_IRQHandler
                0x080030a0                SPI4_IRQHandler
                0x080030a0                TIM1_CC_IRQHandler
                0x080030a0                DMA2_Stream5_IRQHandler
                0x080030a0                DMA1_Stream5_IRQHandler
                0x080030a0                PVD_IRQHandler
                0x080030a0                TAMP_STAMP_IRQHandler
                0x080030a0                CAN2_RX1_IRQHandler
                0x080030a0                EXTI3_IRQHandler
                0x080030a0                TIM8_TRG_COM_TIM14_IRQHandler
                0x080030a0                TIM1_UP_TIM10_IRQHandler
                0x080030a0                TIM8_UP_TIM13_IRQHandler
                0x080030a0                I2C3_ER_IRQHandler
                0x080030a0                EXTI0_IRQHandler
                0x080030a0                I2C2_EV_IRQHandler
                0x080030a0                DMA1_Stream2_IRQHandler
                0x080030a0                CAN1_RX0_IRQHandler
                0x080030a0                FPU_IRQHandler
                0x080030a0                OTG_HS_WKUP_IRQHandler
                0x080030a0                LTDC_ER_IRQHandler
                0x080030a0                CAN2_SCE_IRQHandler
                0x080030a0                DMA2_Stream2_IRQHandler
                0x080030a0                SPI1_IRQHandler
                0x080030a0                TIM6_DAC_IRQHandler
                0x080030a0                TIM1_BRK_TIM9_IRQHandler
                0x080030a0                DCMI_IRQHandler
                0x080030a0                CAN2_RX0_IRQHandler
                0x080030a0                DMA2_Stream3_IRQHandler
                0x080030a0                SAI2_IRQHandler
                0x080030a0                USART6_IRQHandler
                0x080030a0                USART3_IRQHandler
                0x080030a0                CRYP_IRQHandler
                0x080030a0                CAN1_RX1_IRQHandler
                0x080030a0                UART5_IRQHandler
                0x080030a0                DMA2_Stream0_IRQHandler
                0x080030a0                TIM4_IRQHandler
                0x080030a0                QUADSPI_IRQHandler
                0x080030a0                I2C1_EV_IRQHandler
                0x080030a0                DMA1_Stream6_IRQHandler
                0x080030a0                DMA1_Stream1_IRQHandler
                0x080030a0                UART4_IRQHandler
                0x080030a0                TIM3_IRQHandler
                0x080030a0                RCC_IRQHandler
                0x080030a0                TIM8_BRK_TIM12_IRQHandler
                0x080030a0                Default_Handler
                0x080030a0                CEC_IRQHandler
                0x080030a0                EXTI15_10_IRQHandler
                0x080030a0                ADC_IRQHandler
                0x080030a0                DMA1_Stream7_IRQHandler
                0x080030a0                SPI5_IRQHandler
                0x080030a0                TIM7_IRQHandler
                0x080030a0                SDMMC1_IRQHandler
                0x080030a0                CAN2_TX_IRQHandler
                0x080030a0                TIM5_IRQHandler
                0x080030a0                DMA2_Stream7_IRQHandler
                0x080030a0                I2C3_EV_IRQHandler
                0x080030a0                EXTI9_5_IRQHandler
                0x080030a0                RTC_WKUP_IRQHandler
                0x080030a0                LTDC_IRQHandler
                0x080030a0                ETH_WKUP_IRQHandler
                0x080030a0                SPDIF_RX_IRQHandler
                0x080030a0                SPI2_IRQHandler
                0x080030a0                OTG_HS_EP1_IN_IRQHandler
                0x080030a0                DMA1_Stream0_IRQHandler
                0x080030a0                CAN1_TX_IRQHandler
                0x080030a0                EXTI4_IRQHandler
                0x080030a0                ETH_IRQHandler
                0x080030a0                OTG_HS_EP1_OUT_IRQHandler
                0x080030a0                WWDG_IRQHandler
                0x080030a0                SPI6_IRQHandler
                0x080030a0                I2C4_EV_IRQHandler
                0x080030a0                TIM2_IRQHandler
                0x080030a0                OTG_FS_WKUP_IRQHandler
                0x080030a0                TIM1_TRG_COM_TIM11_IRQHandler
                0x080030a0                OTG_HS_IRQHandler
                0x080030a0                DMA2D_IRQHandler
                0x080030a0                EXTI1_IRQHandler
                0x080030a0                UART7_IRQHandler
                0x080030a0                USART2_IRQHandler
                0x080030a0                I2C2_ER_IRQHandler
                0x080030a0                DMA2_Stream1_IRQHandler
                0x080030a0                CAN1_SCE_IRQHandler
                0x080030a0                FLASH_IRQHandler
                0x080030a0                DMA2_Stream4_IRQHandler
                0x080030a0                USART1_IRQHandler
                0x080030a0                OTG_FS_IRQHandler
                0x080030a0                SPI3_IRQHandler
                0x080030a0                DMA1_Stream4_IRQHandler
                0x080030a0                I2C1_ER_IRQHandler
                0x080030a0                FMC_IRQHandler
                0x080030a0                LPTIM1_IRQHandler
                0x080030a0                I2C4_ER_IRQHandler
                0x080030a0                DMA2_Stream6_IRQHandler
                0x080030a0                SAI1_IRQHandler
                0x080030a0                DMA1_Stream3_IRQHandler
 .text.HAL_Init
                0x080030a2       0x1a ./Drivers/STM32F7xx_HAL_Driver/Src/stm32f7xx_hal.o
                0x080030a2                HAL_Init
 .text.HAL_InitTick
                0x080030bc       0x60 ./Drivers/STM32F7xx_HAL_Driver/Src/stm32f7xx_hal.o
                0x080030bc                HAL_InitTick
 .text.HAL_IncTick
                0x0800311c       0x28 ./Drivers/STM32F7xx_HAL_Driver/Src/stm32f7xx_hal.o
                0x0800311c                HAL_IncTick
 .text.HAL_GetTick
                0x08003144       0x18 ./Drivers/STM32F7xx_HAL_Driver/Src/stm32f7xx_hal.o
                0x08003144                HAL_GetTick
 .text.HAL_Delay
                0x0800315c       0x48 ./Drivers/STM32F7xx_HAL_Driver/Src/stm32f7xx_hal.o
                0x0800315c                HAL_Delay
 .text.__NVIC_SetPriorityGrouping
                0x080031a4       0x48 ./Drivers/STM32F7xx_HAL_Driver/Src/stm32f7xx_hal_cortex.o
 .text.__NVIC_GetPriorityGrouping
                0x080031ec       0x1c ./Drivers/STM32F7xx_HAL_Driver/Src/stm32f7xx_hal_cortex.o
 .text.__NVIC_SetPriority
                0x08003208       0x54 ./Drivers/STM32F7xx_HAL_Driver/Src/stm32f7xx_hal_cortex.o
 .text.NVIC_EncodePriority
                0x0800325c       0x66 ./Drivers/STM32F7xx_HAL_Driver/Src/stm32f7xx_hal_cortex.o
 *fill*         0x080032c2        0x2 
 .text.SysTick_Config
                0x080032c4       0x44 ./Drivers/STM32F7xx_HAL_Driver/Src/stm32f7xx_hal_cortex.o
 .text.HAL_NVIC_SetPriorityGrouping
                0x08003308       0x16 ./Drivers/STM32F7xx_HAL_Driver/Src/stm32f7xx_hal_cortex.o
                0x08003308                HAL_NVIC_SetPriorityGrouping
 .text.HAL_NVIC_SetPriority
                0x0800331e       0x38 ./Drivers/STM32F7xx_HAL_Driver/Src/stm32f7xx_hal_cortex.o
                0x0800331e                HAL_NVIC_SetPriority
 .text.HAL_SYSTICK_Config
                0x08003356       0x18 ./Drivers/STM32F7xx_HAL_Driver/Src/stm32f7xx_hal_cortex.o
                0x08003356                HAL_SYSTICK_Config
 *fill*         0x0800336e        0x2 
 .text.HAL_ETH_Init
                0x08003370      0x134 ./Drivers/STM32F7xx_HAL_Driver/Src/stm32f7xx_hal_eth.o
                0x08003370                HAL_ETH_Init
 .text.ETH_SetMACConfig
                0x080034a4      0x168 ./Drivers/STM32F7xx_HAL_Driver/Src/stm32f7xx_hal_eth.o
 .text.ETH_SetDMAConfig
                0x0800360c      0x114 ./Drivers/STM32F7xx_HAL_Driver/Src/stm32f7xx_hal_eth.o
 .text.ETH_MACDMAConfig
                0x08003720       0xea ./Drivers/STM32F7xx_HAL_Driver/Src/stm32f7xx_hal_eth.o
 *fill*         0x0800380a        0x2 
 .text.ETH_MACAddressConfig
                0x0800380c       0x70 ./Drivers/STM32F7xx_HAL_Driver/Src/stm32f7xx_hal_eth.o
 .text.ETH_DMATxDescListInit
                0x0800387c       0xb2 ./Drivers/STM32F7xx_HAL_Driver/Src/stm32f7xx_hal_eth.o
 .text.ETH_DMARxDescListInit
                0x0800392e       0xde ./Drivers/STM32F7xx_HAL_Driver/Src/stm32f7xx_hal_eth.o
 .text.HAL_GPIO_Init
                0x08003a0c      0x358 ./Drivers/STM32F7xx_HAL_Driver/Src/stm32f7xx_hal_gpio.o
                0x08003a0c                HAL_GPIO_Init
 .text.HAL_GPIO_WritePin
                0x08003d64       0x32 ./Drivers/STM32F7xx_HAL_Driver/Src/stm32f7xx_hal_gpio.o
                0x08003d64                HAL_GPIO_WritePin
 .text.HAL_PCD_Init
                0x08003d96      0x22c ./Drivers/STM32F7xx_HAL_Driver/Src/stm32f7xx_hal_pcd.o
                0x08003d96                HAL_PCD_Init
 *fill*         0x08003fc2        0x2 
 .text.HAL_PCDEx_ActivateLPM
                0x08003fc4       0x48 ./Drivers/STM32F7xx_HAL_Driver/Src/stm32f7xx_hal_pcd_ex.o
                0x08003fc4                HAL_PCDEx_ActivateLPM
 .text.HAL_PWR_EnableBkUpAccess
                0x0800400c       0x20 ./Drivers/STM32F7xx_HAL_Driver/Src/stm32f7xx_hal_pwr.o
                0x0800400c                HAL_PWR_EnableBkUpAccess
 .text.HAL_RCC_OscConfig
                0x0800402c      0x548 ./Drivers/STM32F7xx_HAL_Driver/Src/stm32f7xx_hal_rcc.o
                0x0800402c                HAL_RCC_OscConfig
 .text.HAL_RCC_ClockConfig
                0x08004574      0x1d8 ./Drivers/STM32F7xx_HAL_Driver/Src/stm32f7xx_hal_rcc.o
                0x08004574                HAL_RCC_ClockConfig
 .text.HAL_RCC_GetSysClockFreq
                0x0800474c      0x20c ./Drivers/STM32F7xx_HAL_Driver/Src/stm32f7xx_hal_rcc.o
                0x0800474c                HAL_RCC_GetSysClockFreq
 .text.HAL_RCC_GetHCLKFreq
                0x08004958       0x18 ./Drivers/STM32F7xx_HAL_Driver/Src/stm32f7xx_hal_rcc.o
                0x08004958                HAL_RCC_GetHCLKFreq
 .text.HAL_RCC_GetPCLK1Freq
                0x08004970       0x28 ./Drivers/STM32F7xx_HAL_Driver/Src/stm32f7xx_hal_rcc.o
                0x08004970                HAL_RCC_GetPCLK1Freq
 .text.HAL_RCC_GetPCLK2Freq
                0x08004998       0x28 ./Drivers/STM32F7xx_HAL_Driver/Src/stm32f7xx_hal_rcc.o
                0x08004998                HAL_RCC_GetPCLK2Freq
 .text.HAL_RCCEx_PeriphCLKConfig
                0x080049c0      0x7e0 ./Drivers/STM32F7xx_HAL_Driver/Src/stm32f7xx_hal_rcc_ex.o
                0x080049c0                HAL_RCCEx_PeriphCLKConfig
 .text.HAL_UART_Init
                0x080051a0       0x9c ./Drivers/STM32F7xx_HAL_Driver/Src/stm32f7xx_hal_uart.o
                0x080051a0                HAL_UART_Init
 .text.HAL_UART_Transmit
                0x0800523c      0x112 ./Drivers/STM32F7xx_HAL_Driver/Src/stm32f7xx_hal_uart.o
                0x0800523c                HAL_UART_Transmit
 *fill*         0x0800534e        0x2 
 .text.UART_SetConfig
                0x08005350      0x4c8 ./Drivers/STM32F7xx_HAL_Driver/Src/stm32f7xx_hal_uart.o
                0x08005350                UART_SetConfig
 .text.UART_AdvFeatureConfig
                0x08005818      0x144 ./Drivers/STM32F7xx_HAL_Driver/Src/stm32f7xx_hal_uart.o
                0x08005818                UART_AdvFeatureConfig
 .text.UART_CheckIdleState
                0x0800595c       0xae ./Drivers/STM32F7xx_HAL_Driver/Src/stm32f7xx_hal_uart.o
                0x0800595c                UART_CheckIdleState
 .text.UART_WaitOnFlagUntilTimeout
                0x08005a0a       0xda ./Drivers/STM32F7xx_HAL_Driver/Src/stm32f7xx_hal_uart.o
                0x08005a0a                UART_WaitOnFlagUntilTimeout
 .text.UART_EndRxTransfer
                0x08005ae4       0xc8 ./Drivers/STM32F7xx_HAL_Driver/Src/stm32f7xx_hal_uart.o
 .text.USB_CoreInit
                0x08005bac       0xb4 ./Drivers/STM32F7xx_HAL_Driver/Src/stm32f7xx_ll_usb.o
                0x08005bac                USB_CoreInit
 .text.USB_DisableGlobalInt
                0x08005c60       0x22 ./Drivers/STM32F7xx_HAL_Driver/Src/stm32f7xx_ll_usb.o
                0x08005c60                USB_DisableGlobalInt
 .text.USB_SetCurrentMode
                0x08005c82       0x98 ./Drivers/STM32F7xx_HAL_Driver/Src/stm32f7xx_ll_usb.o
                0x08005c82                USB_SetCurrentMode
 *fill*         0x08005d1a        0x2 
 .text.USB_DevInit
                0x08005d1c      0x2bc ./Drivers/STM32F7xx_HAL_Driver/Src/stm32f7xx_ll_usb.o
                0x08005d1c                USB_DevInit
 .text.USB_FlushTxFifo
                0x08005fd8       0x64 ./Drivers/STM32F7xx_HAL_Driver/Src/stm32f7xx_ll_usb.o
                0x08005fd8                USB_FlushTxFifo
 .text.USB_FlushRxFifo
                0x0800603c       0x5c ./Drivers/STM32F7xx_HAL_Driver/Src/stm32f7xx_ll_usb.o
                0x0800603c                USB_FlushRxFifo
 .text.USB_SetDevSpeed
                0x08006098       0x32 ./Drivers/STM32F7xx_HAL_Driver/Src/stm32f7xx_ll_usb.o
                0x08006098                USB_SetDevSpeed
 .text.USB_DevDisconnect
                0x080060ca       0x42 ./Drivers/STM32F7xx_HAL_Driver/Src/stm32f7xx_ll_usb.o
                0x080060ca                USB_DevDisconnect
 .text.USB_GetMode
                0x0800610c       0x1c ./Drivers/STM32F7xx_HAL_Driver/Src/stm32f7xx_ll_usb.o
                0x0800610c                USB_GetMode
 .text.USB_CoreReset
                0x08006128       0x62 ./Drivers/STM32F7xx_HAL_Driver/Src/stm32f7xx_ll_usb.o
 *fill*         0x0800618a        0x2 
 .text.sprintf  0x0800618c       0x40 /opt/st/stm32cubeide_1.16.1/plugins/com.st.stm32cube.ide.mcu.externaltools.gnu-tools-for-stm32.12.3.rel1.linux64_1.0.200.202406132123/tools/bin/../lib/gcc/arm-none-eabi/12.3.1/../../../../arm-none-eabi/lib/thumb/v7e-m+fp/hard/libc_nano.a(libc_a-sprintf.o)
                0x0800618c                sprintf
                0x0800618c                siprintf
 .text.memset   0x080061cc       0x10 /opt/st/stm32cubeide_1.16.1/plugins/com.st.stm32cube.ide.mcu.externaltools.gnu-tools-for-stm32.12.3.rel1.linux64_1.0.200.202406132123/tools/bin/../lib/gcc/arm-none-eabi/12.3.1/../../../../arm-none-eabi/lib/thumb/v7e-m+fp/hard/libc_nano.a(libc_a-memset.o)
                0x080061cc                memset
 .text.__errno  0x080061dc        0xc /opt/st/stm32cubeide_1.16.1/plugins/com.st.stm32cube.ide.mcu.externaltools.gnu-tools-for-stm32.12.3.rel1.linux64_1.0.200.202406132123/tools/bin/../lib/gcc/arm-none-eabi/12.3.1/../../../../arm-none-eabi/lib/thumb/v7e-m+fp/hard/libc_nano.a(libc_a-errno.o)
                0x080061dc                __errno
 .text.__libc_init_array
                0x080061e8       0x48 /opt/st/stm32cubeide_1.16.1/plugins/com.st.stm32cube.ide.mcu.externaltools.gnu-tools-for-stm32.12.3.rel1.linux64_1.0.200.202406132123/tools/bin/../lib/gcc/arm-none-eabi/12.3.1/../../../../arm-none-eabi/lib/thumb/v7e-m+fp/hard/libc_nano.a(libc_a-init.o)
                0x080061e8                __libc_init_array
 .text.__retarget_lock_acquire_recursive
                0x08006230        0x2 /opt/st/stm32cubeide_1.16.1/plugins/com.st.stm32cube.ide.mcu.externaltools.gnu-tools-for-stm32.12.3.rel1.linux64_1.0.200.202406132123/tools/bin/../lib/gcc/arm-none-eabi/12.3.1/../../../../arm-none-eabi/lib/thumb/v7e-m+fp/hard/libc_nano.a(libc_a-lock.o)
                0x08006230                __retarget_lock_acquire_recursive
 .text.__retarget_lock_release_recursive
                0x08006232        0x2 /opt/st/stm32cubeide_1.16.1/plugins/com.st.stm32cube.ide.mcu.externaltools.gnu-tools-for-stm32.12.3.rel1.linux64_1.0.200.202406132123/tools/bin/../lib/gcc/arm-none-eabi/12.3.1/../../../../arm-none-eabi/lib/thumb/v7e-m+fp/hard/libc_nano.a(libc_a-lock.o)
                0x08006232                __retarget_lock_release_recursive
 .text._free_r  0x08006234       0x94 /opt/st/stm32cubeide_1.16.1/plugins/com.st.stm32cube.ide.mcu.externaltools.gnu-tools-for-stm32.12.3.rel1.linux64_1.0.200.202406132123/tools/bin/../lib/gcc/arm-none-eabi/12.3.1/../../../../arm-none-eabi/lib/thumb/v7e-m+fp/hard/libc_nano.a(libc_a-freer.o)
                0x08006234                _free_r
 .text.sbrk_aligned
                0x080062c8       0x44 /opt/st/stm32cubeide_1.16.1/plugins/com.st.stm32cube.ide.mcu.externaltools.gnu-tools-for-stm32.12.3.rel1.linux64_1.0.200.202406132123/tools/bin/../lib/gcc/arm-none-eabi/12.3.1/../../../../arm-none-eabi/lib/thumb/v7e-m+fp/hard/libc_nano.a(libc_a-mallocr.o)
 .text._malloc_r
                0x0800630c      0x100 /opt/st/stm32cubeide_1.16.1/plugins/com.st.stm32cube.ide.mcu.externaltools.gnu-tools-for-stm32.12.3.rel1.linux64_1.0.200.202406132123/tools/bin/../lib/gcc/arm-none-eabi/12.3.1/../../../../arm-none-eabi/lib/thumb/v7e-m+fp/hard/libc_nano.a(libc_a-mallocr.o)
                0x0800630c                _malloc_r
 .text.__malloc_lock
                0x0800640c        0xc /opt/st/stm32cubeide_1.16.1/plugins/com.st.stm32cube.ide.mcu.externaltools.gnu-tools-for-stm32.12.3.rel1.linux64_1.0.200.202406132123/tools/bin/../lib/gcc/arm-none-eabi/12.3.1/../../../../arm-none-eabi/lib/thumb/v7e-m+fp/hard/libc_nano.a(libc_a-mlock.o)
                0x0800640c                __malloc_lock
 .text.__malloc_unlock
                0x08006418        0xc /opt/st/stm32cubeide_1.16.1/plugins/com.st.stm32cube.ide.mcu.externaltools.gnu-tools-for-stm32.12.3.rel1.linux64_1.0.200.202406132123/tools/bin/../lib/gcc/arm-none-eabi/12.3.1/../../../../arm-none-eabi/lib/thumb/v7e-m+fp/hard/libc_nano.a(libc_a-mlock.o)
                0x08006418                __malloc_unlock
 .text.__ssputs_r
                0x08006424       0xb6 /opt/st/stm32cubeide_1.16.1/plugins/com.st.stm32cube.ide.mcu.externaltools.gnu-tools-for-stm32.12.3.rel1.linux64_1.0.200.202406132123/tools/bin/../lib/gcc/arm-none-eabi/12.3.1/../../../../arm-none-eabi/lib/thumb/v7e-m+fp/hard/libc_nano.a(libc_a-nano-svfprintf.o)
                0x08006424                __ssputs_r
 *fill*         0x080064da        0x2 
 .text._svfprintf_r
                0x080064dc      0x1f8 /opt/st/stm32cubeide_1.16.1/plugins/com.st.stm32cube.ide.mcu.externaltools.gnu-tools-for-stm32.12.3.rel1.linux64_1.0.200.202406132123/tools/bin/../lib/gcc/arm-none-eabi/12.3.1/../../../../arm-none-eabi/lib/thumb/v7e-m+fp/hard/libc_nano.a(libc_a-nano-svfprintf.o)
                0x080064dc                _svfprintf_r
                0x080064dc                _svfiprintf_r
 .text._printf_common
                0x080066d4       0xda /opt/st/stm32cubeide_1.16.1/plugins/com.st.stm32cube.ide.mcu.externaltools.gnu-tools-for-stm32.12.3.rel1.linux64_1.0.200.202406132123/tools/bin/../lib/gcc/arm-none-eabi/12.3.1/../../../../arm-none-eabi/lib/thumb/v7e-m+fp/hard/libc_nano.a(libc_a-nano-vfprintf_i.o)
                0x080066d4                _printf_common
 *fill*         0x080067ae        0x2 
 .text._printf_i
                0x080067b0      0x240 /opt/st/stm32cubeide_1.16.1/plugins/com.st.stm32cube.ide.mcu.externaltools.gnu-tools-for-stm32.12.3.rel1.linux64_1.0.200.202406132123/tools/bin/../lib/gcc/arm-none-eabi/12.3.1/../../../../arm-none-eabi/lib/thumb/v7e-m+fp/hard/libc_nano.a(libc_a-nano-vfprintf_i.o)
                0x080067b0                _printf_i
 .text.memmove  0x080069f0       0x34 /opt/st/stm32cubeide_1.16.1/plugins/com.st.stm32cube.ide.mcu.externaltools.gnu-tools-for-stm32.12.3.rel1.linux64_1.0.200.202406132123/tools/bin/../lib/gcc/arm-none-eabi/12.3.1/../../../../arm-none-eabi/lib/thumb/v7e-m+fp/hard/libc_nano.a(libc_a-memmove.o)
                0x080069f0                memmove
 .text._sbrk_r  0x08006a24       0x20 /opt/st/stm32cubeide_1.16.1/plugins/com.st.stm32cube.ide.mcu.externaltools.gnu-tools-for-stm32.12.3.rel1.linux64_1.0.200.202406132123/tools/bin/../lib/gcc/arm-none-eabi/12.3.1/../../../../arm-none-eabi/lib/thumb/v7e-m+fp/hard/libc_nano.a(libc_a-sbrkr.o)
                0x08006a24                _sbrk_r
 .text.memcpy   0x08006a44       0x1c /opt/st/stm32cubeide_1.16.1/plugins/com.st.stm32cube.ide.mcu.externaltools.gnu-tools-for-stm32.12.3.rel1.linux64_1.0.200.202406132123/tools/bin/../lib/gcc/arm-none-eabi/12.3.1/../../../../arm-none-eabi/lib/thumb/v7e-m+fp/hard/libc_nano.a(libc_a-memcpy-stub.o)
                0x08006a44                memcpy
 .text._realloc_r
                0x08006a60       0x5c /opt/st/stm32cubeide_1.16.1/plugins/com.st.stm32cube.ide.mcu.externaltools.gnu-tools-for-stm32.12.3.rel1.linux64_1.0.200.202406132123/tools/bin/../lib/gcc/arm-none-eabi/12.3.1/../../../../arm-none-eabi/lib/thumb/v7e-m+fp/hard/libc_nano.a(libc_a-reallocr.o)
                0x08006a60                _realloc_r
 .text._malloc_usable_size_r
                0x08006abc       0x10 /opt/st/stm32cubeide_1.16.1/plugins/com.st.stm32cube.ide.mcu.externaltools.gnu-tools-for-stm32.12.3.rel1.linux64_1.0.200.202406132123/tools/bin/../lib/gcc/arm-none-eabi/12.3.1/../../../../arm-none-eabi/lib/thumb/v7e-m+fp/hard/libc_nano.a(libc_a-msizer.o)
                0x08006abc                _malloc_usable_size_r
 *(.glue_7)
 .glue_7        0x08006acc        0x0 linker stubs
 *(.glue_7t)
 .glue_7t       0x08006acc        0x0 linker stubs
 *(.eh_frame)
 .eh_frame      0x08006acc        0x0 /opt/st/stm32cubeide_1.16.1/plugins/com.st.stm32cube.ide.mcu.externaltools.gnu-tools-for-stm32.12.3.rel1.linux64_1.0.200.202406132123/tools/bin/../lib/gcc/arm-none-eabi/12.3.1/thumb/v7e-m+fp/hard/crtbegin.o
 *(.init)
 .init          0x08006acc        0x4 /opt/st/stm32cubeide_1.16.1/plugins/com.st.stm32cube.ide.mcu.externaltools.gnu-tools-for-stm32.12.3.rel1.linux64_1.0.200.202406132123/tools/bin/../lib/gcc/arm-none-eabi/12.3.1/thumb/v7e-m+fp/hard/crti.o
                0x08006acc                _init
 .init          0x08006ad0        0x8 /opt/st/stm32cubeide_1.16.1/plugins/com.st.stm32cube.ide.mcu.externaltools.gnu-tools-for-stm32.12.3.rel1.linux64_1.0.200.202406132123/tools/bin/../lib/gcc/arm-none-eabi/12.3.1/thumb/v7e-m+fp/hard/crtn.o
 *(.fini)
 .fini          0x08006ad8        0x4 /opt/st/stm32cubeide_1.16.1/plugins/com.st.stm32cube.ide.mcu.externaltools.gnu-tools-for-stm32.12.3.rel1.linux64_1.0.200.202406132123/tools/bin/../lib/gcc/arm-none-eabi/12.3.1/thumb/v7e-m+fp/hard/crti.o
                0x08006ad8                _fini
 .fini          0x08006adc        0x8 /opt/st/stm32cubeide_1.16.1/plugins/com.st.stm32cube.ide.mcu.externaltools.gnu-tools-for-stm32.12.3.rel1.linux64_1.0.200.202406132123/tools/bin/../lib/gcc/arm-none-eabi/12.3.1/thumb/v7e-m+fp/hard/crtn.o
                0x08006ae4                        . = ALIGN (0x4)
                0x08006ae4                        _etext = .

.vfp11_veneer   0x08006ae4        0x0
 .vfp11_veneer  0x08006ae4        0x0 linker stubs

.v4_bx          0x08006ae4        0x0
 .v4_bx         0x08006ae4        0x0 linker stubs

.iplt           0x08006ae4        0x0
 .iplt          0x08006ae4        0x0 /opt/st/stm32cubeide_1.16.1/plugins/com.st.stm32cube.ide.mcu.externaltools.gnu-tools-for-stm32.12.3.rel1.linux64_1.0.200.202406132123/tools/bin/../lib/gcc/arm-none-eabi/12.3.1/thumb/v7e-m+fp/hard/crtbegin.o

.rodata         0x08006ae4       0xe0
                0x08006ae4                        . = ALIGN (0x4)
 *(.rodata)
 .rodata        0x08006ae4       0x56 ./Core/Src/Encrypt-Files/EliMAC.o
 *fill*         0x08006b3a        0x2 
 .rodata        0x08006b3c       0x39 ./Core/Src/main.o
 *(.rodata*)
 *fill*         0x08006b75        0x3 
 .rodata.AHBPrescTable
                0x08006b78       0x10 ./Core/Src/system_stm32f7xx.o
                0x08006b78                AHBPrescTable
 .rodata.APBPrescTable
                0x08006b88        0x8 ./Core/Src/system_stm32f7xx.o
                0x08006b88                APBPrescTable
 .rodata._svfprintf_r.str1.1
                0x08006b90       0x11 /opt/st/stm32cubeide_1.16.1/plugins/com.st.stm32cube.ide.mcu.externaltools.gnu-tools-for-stm32.12.3.rel1.linux64_1.0.200.202406132123/tools/bin/../lib/gcc/arm-none-eabi/12.3.1/../../../../arm-none-eabi/lib/thumb/v7e-m+fp/hard/libc_nano.a(libc_a-nano-svfprintf.o)
 .rodata._printf_i.str1.1
                0x08006ba1       0x22 /opt/st/stm32cubeide_1.16.1/plugins/com.st.stm32cube.ide.mcu.externaltools.gnu-tools-for-stm32.12.3.rel1.linux64_1.0.200.202406132123/tools/bin/../lib/gcc/arm-none-eabi/12.3.1/../../../../arm-none-eabi/lib/thumb/v7e-m+fp/hard/libc_nano.a(libc_a-nano-vfprintf_i.o)
                0x08006bc4                        . = ALIGN (0x4)
 *fill*         0x08006bc3        0x1 

.ARM.extab      0x08006bc4        0x0
                0x08006bc4                        . = ALIGN (0x4)
 *(.ARM.extab* .gnu.linkonce.armextab.*)
                0x08006bc4                        . = ALIGN (0x4)

.ARM            0x08006bc4        0x8
                0x08006bc4                        . = ALIGN (0x4)
                0x08006bc4                        __exidx_start = .
 *(.ARM.exidx*)
 .ARM.exidx     0x08006bc4        0x8 /opt/st/stm32cubeide_1.16.1/plugins/com.st.stm32cube.ide.mcu.externaltools.gnu-tools-for-stm32.12.3.rel1.linux64_1.0.200.202406132123/tools/bin/../lib/gcc/arm-none-eabi/12.3.1/../../../../arm-none-eabi/lib/thumb/v7e-m+fp/hard/libc_nano.a(libc_a-memchr.o)
 .ARM.exidx     0x08006bcc        0x0 /opt/st/stm32cubeide_1.16.1/plugins/com.st.stm32cube.ide.mcu.externaltools.gnu-tools-for-stm32.12.3.rel1.linux64_1.0.200.202406132123/tools/bin/../lib/gcc/arm-none-eabi/12.3.1/thumb/v7e-m+fp/hard/libgcc.a(_udivmoddi4.o)
                                  0x8 (size before relaxing)
                0x08006bcc                        __exidx_end = .
                0x08006bcc                        . = ALIGN (0x4)

.preinit_array  0x08006bcc        0x0
                0x08006bcc                        . = ALIGN (0x4)
                0x08006bcc                        PROVIDE (__preinit_array_start = .)
 *(.preinit_array*)
                0x08006bcc                        PROVIDE (__preinit_array_end = .)
                0x08006bcc                        . = ALIGN (0x4)

.init_array     0x08006bcc        0x4
                0x08006bcc                        . = ALIGN (0x4)
                0x08006bcc                        PROVIDE (__init_array_start = .)
 *(SORT_BY_NAME(.init_array.*))
 *(.init_array*)
 .init_array    0x08006bcc        0x4 /opt/st/stm32cubeide_1.16.1/plugins/com.st.stm32cube.ide.mcu.externaltools.gnu-tools-for-stm32.12.3.rel1.linux64_1.0.200.202406132123/tools/bin/../lib/gcc/arm-none-eabi/12.3.1/thumb/v7e-m+fp/hard/crtbegin.o
                0x08006bd0                        PROVIDE (__init_array_end = .)
                0x08006bd0                        . = ALIGN (0x4)

.fini_array     0x08006bd0        0x4
                0x08006bd0                        . = ALIGN (0x4)
                [!provide]                        PROVIDE (__fini_array_start = .)
 *(SORT_BY_NAME(.fini_array.*))
 *(.fini_array*)
 .fini_array    0x08006bd0        0x4 /opt/st/stm32cubeide_1.16.1/plugins/com.st.stm32cube.ide.mcu.externaltools.gnu-tools-for-stm32.12.3.rel1.linux64_1.0.200.202406132123/tools/bin/../lib/gcc/arm-none-eabi/12.3.1/thumb/v7e-m+fp/hard/crtbegin.o
                [!provide]                        PROVIDE (__fini_array_end = .)
                0x08006bd4                        . = ALIGN (0x4)
                0x08006bd4                        _sidata = LOADADDR (.data)

.rel.dyn        0x08006bd4        0x0
 .rel.iplt      0x08006bd4        0x0 /opt/st/stm32cubeide_1.16.1/plugins/com.st.stm32cube.ide.mcu.externaltools.gnu-tools-for-stm32.12.3.rel1.linux64_1.0.200.202406132123/tools/bin/../lib/gcc/arm-none-eabi/12.3.1/thumb/v7e-m+fp/hard/crtbegin.o

.data           0x20000000       0x8c load address 0x08006bd4
                0x20000000                        . = ALIGN (0x4)
                0x20000000                        _sdata = .
 *(.data)
 *(.data*)
 .data.key1     0x20000000       0x10 ./Core/Src/main.o
 .data.bytes    0x20000010       0x20 ./Core/Src/main.o
 .data.SystemCoreClock
                0x20000030        0x4 ./Core/Src/system_stm32f7xx.o
                0x20000030                SystemCoreClock
 .data.uwTickPrio
                0x20000034        0x4 ./Drivers/STM32F7xx_HAL_Driver/Src/stm32f7xx_hal.o
                0x20000034                uwTickPrio
 .data.uwTickFreq
                0x20000038        0x1 ./Drivers/STM32F7xx_HAL_Driver/Src/stm32f7xx_hal.o
                0x20000038                uwTickFreq
 *fill*         0x20000039        0x3 
 .data._impure_ptr
                0x2000003c        0x4 /opt/st/stm32cubeide_1.16.1/plugins/com.st.stm32cube.ide.mcu.externaltools.gnu-tools-for-stm32.12.3.rel1.linux64_1.0.200.202406132123/tools/bin/../lib/gcc/arm-none-eabi/12.3.1/../../../../arm-none-eabi/lib/thumb/v7e-m+fp/hard/libc_nano.a(libc_a-impure.o)
                0x2000003c                _impure_ptr
 .data._impure_data
                0x20000040       0x4c /opt/st/stm32cubeide_1.16.1/plugins/com.st.stm32cube.ide.mcu.externaltools.gnu-tools-for-stm32.12.3.rel1.linux64_1.0.200.202406132123/tools/bin/../lib/gcc/arm-none-eabi/12.3.1/../../../../arm-none-eabi/lib/thumb/v7e-m+fp/hard/libc_nano.a(libc_a-impure.o)
                0x20000040                _impure_data
 *(.RamFunc)
 *(.RamFunc*)
                0x2000008c                        . = ALIGN (0x4)
                0x2000008c                        _edata = .

.igot.plt       0x2000008c        0x0 load address 0x08006c60
 .igot.plt      0x2000008c        0x0 /opt/st/stm32cubeide_1.16.1/plugins/com.st.stm32cube.ide.mcu.externaltools.gnu-tools-for-stm32.12.3.rel1.linux64_1.0.200.202406132123/tools/bin/../lib/gcc/arm-none-eabi/12.3.1/thumb/v7e-m+fp/hard/crtbegin.o

.RxDecripSection
                0x2000008c       0xa0 load address 0x08006c60
 .RxDecripSection
                0x2000008c       0xa0 ./Core/Src/main.o
                0x2000008c                DMARxDscrTab

.TxDecripSection
                0x2000012c       0xa0 load address 0x08006d00
 .TxDecripSection
                0x2000012c       0xa0 ./Core/Src/main.o
                0x2000012c                DMATxDscrTab
                0x200001cc                        . = ALIGN (0x4)

.bss            0x200001cc     0x2c4c load address 0x08006da0
                0x200001cc                        _sbss = .
                0x200001cc                        __bss_start__ = _sbss
 *(.bss)
 .bss           0x200001cc       0x1c /opt/st/stm32cubeide_1.16.1/plugins/com.st.stm32cube.ide.mcu.externaltools.gnu-tools-for-stm32.12.3.rel1.linux64_1.0.200.202406132123/tools/bin/../lib/gcc/arm-none-eabi/12.3.1/thumb/v7e-m+fp/hard/crtbegin.o
 *(.bss*)
 .bss.TxConfig  0x200001e8       0x38 ./Core/Src/main.o
                0x200001e8                TxConfig
 .bss.heth      0x20000220       0xb0 ./Core/Src/main.o
                0x20000220                heth
 .bss.huart3    0x200002d0       0x88 ./Core/Src/main.o
                0x200002d0                huart3
 .bss.hpcd_USB_OTG_FS
                0x20000358      0x4e0 ./Core/Src/main.o
                0x20000358                hpcd_USB_OTG_FS
 .bss.tag       0x20000838       0x10 ./Core/Src/main.o
 .bss.plaintext
                0x20000848     0x1000 ./Core/Src/main.o
 .bss.asociated_data
                0x20001848     0x1000 ./Core/Src/main.o
 .bss.buffer    0x20002848      0x400 ./Core/Src/main.o
                0x20002848                buffer
 .bss.performance
                0x20002c48       0x78 ./Core/Src/main.o
                0x20002c48                performance
 .bss.MACAddr.0
                0x20002cc0        0x6 ./Core/Src/main.o
 *fill*         0x20002cc6        0x2 
 .bss.__sbrk_heap_end
                0x20002cc8        0x4 ./Core/Src/sysmem.o
 .bss.uwTick    0x20002ccc        0x4 ./Drivers/STM32F7xx_HAL_Driver/Src/stm32f7xx_hal.o
                0x20002ccc                uwTick
 .bss.__sf      0x20002cd0      0x138 /opt/st/stm32cubeide_1.16.1/plugins/com.st.stm32cube.ide.mcu.externaltools.gnu-tools-for-stm32.12.3.rel1.linux64_1.0.200.202406132123/tools/bin/../lib/gcc/arm-none-eabi/12.3.1/../../../../arm-none-eabi/lib/thumb/v7e-m+fp/hard/libc_nano.a(libc_a-findfp.o)
                0x20002cd0                __sf
 .bss.errno     0x20002e08        0x4 /opt/st/stm32cubeide_1.16.1/plugins/com.st.stm32cube.ide.mcu.externaltools.gnu-tools-for-stm32.12.3.rel1.linux64_1.0.200.202406132123/tools/bin/../lib/gcc/arm-none-eabi/12.3.1/../../../../arm-none-eabi/lib/thumb/v7e-m+fp/hard/libc_nano.a(libc_a-reent.o)
                0x20002e08                errno
 .bss.__lock___malloc_recursive_mutex
                0x20002e0c        0x1 /opt/st/stm32cubeide_1.16.1/plugins/com.st.stm32cube.ide.mcu.externaltools.gnu-tools-for-stm32.12.3.rel1.linux64_1.0.200.202406132123/tools/bin/../lib/gcc/arm-none-eabi/12.3.1/../../../../arm-none-eabi/lib/thumb/v7e-m+fp/hard/libc_nano.a(libc_a-lock.o)
                0x20002e0c                __lock___malloc_recursive_mutex
 *fill*         0x20002e0d        0x3 
 .bss.__malloc_sbrk_start
                0x20002e10        0x4 /opt/st/stm32cubeide_1.16.1/plugins/com.st.stm32cube.ide.mcu.externaltools.gnu-tools-for-stm32.12.3.rel1.linux64_1.0.200.202406132123/tools/bin/../lib/gcc/arm-none-eabi/12.3.1/../../../../arm-none-eabi/lib/thumb/v7e-m+fp/hard/libc_nano.a(libc_a-mallocr.o)
                0x20002e10                __malloc_sbrk_start
 .bss.__malloc_free_list
                0x20002e14        0x4 /opt/st/stm32cubeide_1.16.1/plugins/com.st.stm32cube.ide.mcu.externaltools.gnu-tools-for-stm32.12.3.rel1.linux64_1.0.200.202406132123/tools/bin/../lib/gcc/arm-none-eabi/12.3.1/../../../../arm-none-eabi/lib/thumb/v7e-m+fp/hard/libc_nano.a(libc_a-mallocr.o)
                0x20002e14                __malloc_free_list
 *(COMMON)
                0x20002e18                        . = ALIGN (0x4)
                0x20002e18                        _ebss = .
                0x20002e18                        __bss_end__ = _ebss

._user_heap_stack
                0x20002e18      0x600 load address 0x08006da0
                0x20002e18                        . = ALIGN (0x8)
                [!provide]                        PROVIDE (end = .)
                0x20002e18                        PROVIDE (_end = .)
                0x20003018                        . = (. + _Min_Heap_Size)
 *fill*         0x20002e18      0x200 
                0x20003418                        . = (. + _Min_Stack_Size)
 *fill*         0x20003018      0x400 
                0x20003418                        . = ALIGN (0x8)

/DISCARD/
 libc.a(*)
 libm.a(*)
 libgcc.a(*)

.ARM.attributes
                0x00000000       0x30
 *(.ARM.attributes)
 .ARM.attributes
                0x00000000       0x22 /opt/st/stm32cubeide_1.16.1/plugins/com.st.stm32cube.ide.mcu.externaltools.gnu-tools-for-stm32.12.3.rel1.linux64_1.0.200.202406132123/tools/bin/../lib/gcc/arm-none-eabi/12.3.1/thumb/v7e-m+fp/hard/crti.o
 .ARM.attributes
                0x00000022       0x34 /opt/st/stm32cubeide_1.16.1/plugins/com.st.stm32cube.ide.mcu.externaltools.gnu-tools-for-stm32.12.3.rel1.linux64_1.0.200.202406132123/tools/bin/../lib/gcc/arm-none-eabi/12.3.1/thumb/v7e-m+fp/hard/crtbegin.o
 .ARM.attributes
                0x00000056       0x34 ./Core/Src/Encrypt-Files/EliMAC.o
 .ARM.attributes
                0x0000008a       0x20 ./Core/Src/Encrypt-Files/aes_encrypt.o
 .ARM.attributes
                0x000000aa       0x20 ./Core/Src/Encrypt-Files/aes_keyschedule_lut.o
 .ARM.attributes
                0x000000ca       0x34 ./Core/Src/Serial.o
 .ARM.attributes
                0x000000fe       0x34 ./Core/Src/main.o
 .ARM.attributes
                0x00000132       0x34 ./Core/Src/stm32f7xx_hal_msp.o
 .ARM.attributes
                0x00000166       0x34 ./Core/Src/stm32f7xx_it.o
 .ARM.attributes
                0x0000019a       0x34 ./Core/Src/sysmem.o
 .ARM.attributes
                0x000001ce       0x34 ./Core/Src/system_stm32f7xx.o
 .ARM.attributes
                0x00000202       0x21 ./Core/Startup/startup_stm32f756zgtx.o
 .ARM.attributes
                0x00000223       0x34 ./Drivers/STM32F7xx_HAL_Driver/Src/stm32f7xx_hal.o
 .ARM.attributes
                0x00000257       0x34 ./Drivers/STM32F7xx_HAL_Driver/Src/stm32f7xx_hal_cortex.o
 .ARM.attributes
                0x0000028b       0x34 ./Drivers/STM32F7xx_HAL_Driver/Src/stm32f7xx_hal_eth.o
 .ARM.attributes
                0x000002bf       0x34 ./Drivers/STM32F7xx_HAL_Driver/Src/stm32f7xx_hal_gpio.o
 .ARM.attributes
                0x000002f3       0x34 ./Drivers/STM32F7xx_HAL_Driver/Src/stm32f7xx_hal_pcd.o
 .ARM.attributes
                0x00000327       0x34 ./Drivers/STM32F7xx_HAL_Driver/Src/stm32f7xx_hal_pcd_ex.o
 .ARM.attributes
                0x0000035b       0x34 ./Drivers/STM32F7xx_HAL_Driver/Src/stm32f7xx_hal_pwr.o
 .ARM.attributes
                0x0000038f       0x34 ./Drivers/STM32F7xx_HAL_Driver/Src/stm32f7xx_hal_rcc.o
 .ARM.attributes
                0x000003c3       0x34 ./Drivers/STM32F7xx_HAL_Driver/Src/stm32f7xx_hal_rcc_ex.o
 .ARM.attributes
                0x000003f7       0x34 ./Drivers/STM32F7xx_HAL_Driver/Src/stm32f7xx_hal_uart.o
 .ARM.attributes
                0x0000042b       0x34 ./Drivers/STM32F7xx_HAL_Driver/Src/stm32f7xx_ll_usb.o
 .ARM.attributes
                0x0000045f       0x34 /opt/st/stm32cubeide_1.16.1/plugins/com.st.stm32cube.ide.mcu.externaltools.gnu-tools-for-stm32.12.3.rel1.linux64_1.0.200.202406132123/tools/bin/../lib/gcc/arm-none-eabi/12.3.1/../../../../arm-none-eabi/lib/thumb/v7e-m+fp/hard/libc_nano.a(libc_a-findfp.o)
 .ARM.attributes
                0x00000493       0x34 /opt/st/stm32cubeide_1.16.1/plugins/com.st.stm32cube.ide.mcu.externaltools.gnu-tools-for-stm32.12.3.rel1.linux64_1.0.200.202406132123/tools/bin/../lib/gcc/arm-none-eabi/12.3.1/../../../../arm-none-eabi/lib/thumb/v7e-m+fp/hard/libc_nano.a(libc_a-sprintf.o)
 .ARM.attributes
                0x000004c7       0x34 /opt/st/stm32cubeide_1.16.1/plugins/com.st.stm32cube.ide.mcu.externaltools.gnu-tools-for-stm32.12.3.rel1.linux64_1.0.200.202406132123/tools/bin/../lib/gcc/arm-none-eabi/12.3.1/../../../../arm-none-eabi/lib/thumb/v7e-m+fp/hard/libc_nano.a(libc_a-memset.o)
 .ARM.attributes
                0x000004fb       0x34 /opt/st/stm32cubeide_1.16.1/plugins/com.st.stm32cube.ide.mcu.externaltools.gnu-tools-for-stm32.12.3.rel1.linux64_1.0.200.202406132123/tools/bin/../lib/gcc/arm-none-eabi/12.3.1/../../../../arm-none-eabi/lib/thumb/v7e-m+fp/hard/libc_nano.a(libc_a-reent.o)
 .ARM.attributes
                0x0000052f       0x34 /opt/st/stm32cubeide_1.16.1/plugins/com.st.stm32cube.ide.mcu.externaltools.gnu-tools-for-stm32.12.3.rel1.linux64_1.0.200.202406132123/tools/bin/../lib/gcc/arm-none-eabi/12.3.1/../../../../arm-none-eabi/lib/thumb/v7e-m+fp/hard/libc_nano.a(libc_a-impure.o)
 .ARM.attributes
                0x00000563       0x34 /opt/st/stm32cubeide_1.16.1/plugins/com.st.stm32cube.ide.mcu.externaltools.gnu-tools-for-stm32.12.3.rel1.linux64_1.0.200.202406132123/tools/bin/../lib/gcc/arm-none-eabi/12.3.1/../../../../arm-none-eabi/lib/thumb/v7e-m+fp/hard/libc_nano.a(libc_a-errno.o)
 .ARM.attributes
                0x00000597       0x34 /opt/st/stm32cubeide_1.16.1/plugins/com.st.stm32cube.ide.mcu.externaltools.gnu-tools-for-stm32.12.3.rel1.linux64_1.0.200.202406132123/tools/bin/../lib/gcc/arm-none-eabi/12.3.1/../../../../arm-none-eabi/lib/thumb/v7e-m+fp/hard/libc_nano.a(libc_a-init.o)
 .ARM.attributes
                0x000005cb       0x34 /opt/st/stm32cubeide_1.16.1/plugins/com.st.stm32cube.ide.mcu.externaltools.gnu-tools-for-stm32.12.3.rel1.linux64_1.0.200.202406132123/tools/bin/../lib/gcc/arm-none-eabi/12.3.1/../../../../arm-none-eabi/lib/thumb/v7e-m+fp/hard/libc_nano.a(libc_a-lock.o)
 .ARM.attributes
                0x000005ff       0x34 /opt/st/stm32cubeide_1.16.1/plugins/com.st.stm32cube.ide.mcu.externaltools.gnu-tools-for-stm32.12.3.rel1.linux64_1.0.200.202406132123/tools/bin/../lib/gcc/arm-none-eabi/12.3.1/../../../../arm-none-eabi/lib/thumb/v7e-m+fp/hard/libc_nano.a(libc_a-freer.o)
 .ARM.attributes
                0x00000633       0x34 /opt/st/stm32cubeide_1.16.1/plugins/com.st.stm32cube.ide.mcu.externaltools.gnu-tools-for-stm32.12.3.rel1.linux64_1.0.200.202406132123/tools/bin/../lib/gcc/arm-none-eabi/12.3.1/../../../../arm-none-eabi/lib/thumb/v7e-m+fp/hard/libc_nano.a(libc_a-mallocr.o)
 .ARM.attributes
                0x00000667       0x34 /opt/st/stm32cubeide_1.16.1/plugins/com.st.stm32cube.ide.mcu.externaltools.gnu-tools-for-stm32.12.3.rel1.linux64_1.0.200.202406132123/tools/bin/../lib/gcc/arm-none-eabi/12.3.1/../../../../arm-none-eabi/lib/thumb/v7e-m+fp/hard/libc_nano.a(libc_a-mlock.o)
 .ARM.attributes
                0x0000069b       0x34 /opt/st/stm32cubeide_1.16.1/plugins/com.st.stm32cube.ide.mcu.externaltools.gnu-tools-for-stm32.12.3.rel1.linux64_1.0.200.202406132123/tools/bin/../lib/gcc/arm-none-eabi/12.3.1/../../../../arm-none-eabi/lib/thumb/v7e-m+fp/hard/libc_nano.a(libc_a-nano-svfprintf.o)
 .ARM.attributes
                0x000006cf       0x34 /opt/st/stm32cubeide_1.16.1/plugins/com.st.stm32cube.ide.mcu.externaltools.gnu-tools-for-stm32.12.3.rel1.linux64_1.0.200.202406132123/tools/bin/../lib/gcc/arm-none-eabi/12.3.1/../../../../arm-none-eabi/lib/thumb/v7e-m+fp/hard/libc_nano.a(libc_a-nano-vfprintf_i.o)
 .ARM.attributes
                0x00000703       0x34 /opt/st/stm32cubeide_1.16.1/plugins/com.st.stm32cube.ide.mcu.externaltools.gnu-tools-for-stm32.12.3.rel1.linux64_1.0.200.202406132123/tools/bin/../lib/gcc/arm-none-eabi/12.3.1/../../../../arm-none-eabi/lib/thumb/v7e-m+fp/hard/libc_nano.a(libc_a-memmove.o)
 .ARM.attributes
                0x00000737       0x34 /opt/st/stm32cubeide_1.16.1/plugins/com.st.stm32cube.ide.mcu.externaltools.gnu-tools-for-stm32.12.3.rel1.linux64_1.0.200.202406132123/tools/bin/../lib/gcc/arm-none-eabi/12.3.1/../../../../arm-none-eabi/lib/thumb/v7e-m+fp/hard/libc_nano.a(libc_a-sbrkr.o)
 .ARM.attributes
                0x0000076b       0x1c /opt/st/stm32cubeide_1.16.1/plugins/com.st.stm32cube.ide.mcu.externaltools.gnu-tools-for-stm32.12.3.rel1.linux64_1.0.200.202406132123/tools/bin/../lib/gcc/arm-none-eabi/12.3.1/../../../../arm-none-eabi/lib/thumb/v7e-m+fp/hard/libc_nano.a(libc_a-memchr.o)
 .ARM.attributes
                0x00000787       0x34 /opt/st/stm32cubeide_1.16.1/plugins/com.st.stm32cube.ide.mcu.externaltools.gnu-tools-for-stm32.12.3.rel1.linux64_1.0.200.202406132123/tools/bin/../lib/gcc/arm-none-eabi/12.3.1/../../../../arm-none-eabi/lib/thumb/v7e-m+fp/hard/libc_nano.a(libc_a-memcpy-stub.o)
 .ARM.attributes
                0x000007bb       0x34 /opt/st/stm32cubeide_1.16.1/plugins/com.st.stm32cube.ide.mcu.externaltools.gnu-tools-for-stm32.12.3.rel1.linux64_1.0.200.202406132123/tools/bin/../lib/gcc/arm-none-eabi/12.3.1/../../../../arm-none-eabi/lib/thumb/v7e-m+fp/hard/libc_nano.a(libc_a-reallocr.o)
 .ARM.attributes
                0x000007ef       0x34 /opt/st/stm32cubeide_1.16.1/plugins/com.st.stm32cube.ide.mcu.externaltools.gnu-tools-for-stm32.12.3.rel1.linux64_1.0.200.202406132123/tools/bin/../lib/gcc/arm-none-eabi/12.3.1/../../../../arm-none-eabi/lib/thumb/v7e-m+fp/hard/libc_nano.a(libc_a-msizer.o)
 .ARM.attributes
                0x00000823       0x22 /opt/st/stm32cubeide_1.16.1/plugins/com.st.stm32cube.ide.mcu.externaltools.gnu-tools-for-stm32.12.3.rel1.linux64_1.0.200.202406132123/tools/bin/../lib/gcc/arm-none-eabi/12.3.1/thumb/v7e-m+fp/hard/libgcc.a(_aeabi_uldivmod.o)
 .ARM.attributes
                0x00000845       0x34 /opt/st/stm32cubeide_1.16.1/plugins/com.st.stm32cube.ide.mcu.externaltools.gnu-tools-for-stm32.12.3.rel1.linux64_1.0.200.202406132123/tools/bin/../lib/gcc/arm-none-eabi/12.3.1/thumb/v7e-m+fp/hard/libgcc.a(_udivmoddi4.o)
 .ARM.attributes
                0x00000879       0x22 /opt/st/stm32cubeide_1.16.1/plugins/com.st.stm32cube.ide.mcu.externaltools.gnu-tools-for-stm32.12.3.rel1.linux64_1.0.200.202406132123/tools/bin/../lib/gcc/arm-none-eabi/12.3.1/thumb/v7e-m+fp/hard/libgcc.a(_dvmd_tls.o)
 .ARM.attributes
                0x0000089b       0x22 /opt/st/stm32cubeide_1.16.1/plugins/com.st.stm32cube.ide.mcu.externaltools.gnu-tools-for-stm32.12.3.rel1.linux64_1.0.200.202406132123/tools/bin/../lib/gcc/arm-none-eabi/12.3.1/thumb/v7e-m+fp/hard/crtn.o
OUTPUT(EliMAC-Assembly-TEST.elf elf32-littlearm)
LOAD linker stubs
LOAD /opt/st/stm32cubeide_1.16.1/plugins/com.st.stm32cube.ide.mcu.externaltools.gnu-tools-for-stm32.12.3.rel1.linux64_1.0.200.202406132123/tools/bin/../lib/gcc/arm-none-eabi/12.3.1/../../../../arm-none-eabi/lib/thumb/v7e-m+fp/hard/libc.a
LOAD /opt/st/stm32cubeide_1.16.1/plugins/com.st.stm32cube.ide.mcu.externaltools.gnu-tools-for-stm32.12.3.rel1.linux64_1.0.200.202406132123/tools/bin/../lib/gcc/arm-none-eabi/12.3.1/../../../../arm-none-eabi/lib/thumb/v7e-m+fp/hard/libm.a
LOAD /opt/st/stm32cubeide_1.16.1/plugins/com.st.stm32cube.ide.mcu.externaltools.gnu-tools-for-stm32.12.3.rel1.linux64_1.0.200.202406132123/tools/bin/../lib/gcc/arm-none-eabi/12.3.1/thumb/v7e-m+fp/hard/libgcc.a

.debug_info     0x00000000    0x12062
 .debug_info    0x00000000      0x703 ./Core/Src/Encrypt-Files/EliMAC.o
 .debug_info    0x00000703       0x25 ./Core/Src/Encrypt-Files/aes_encrypt.o
 .debug_info    0x00000728       0x25 ./Core/Src/Encrypt-Files/aes_keyschedule_lut.o
 .debug_info    0x0000074d      0x7cd ./Core/Src/Serial.o
 .debug_info    0x00000f1a     0x20bf ./Core/Src/main.o
 .debug_info    0x00002fd9     0x1b70 ./Core/Src/stm32f7xx_hal_msp.o
 .debug_info    0x00004b49      0x112 ./Core/Src/stm32f7xx_it.o
 .debug_info    0x00004c5b      0x168 ./Core/Src/sysmem.o
 .debug_info    0x00004dc3      0x6ed ./Core/Src/system_stm32f7xx.o
 .debug_info    0x000054b0       0x30 ./Core/Startup/startup_stm32f756zgtx.o
 .debug_info    0x000054e0      0x9de ./Drivers/STM32F7xx_HAL_Driver/Src/stm32f7xx_hal.o
 .debug_info    0x00005ebe      0xf84 ./Drivers/STM32F7xx_HAL_Driver/Src/stm32f7xx_hal_cortex.o
 .debug_info    0x00006e42     0x2180 ./Drivers/STM32F7xx_HAL_Driver/Src/stm32f7xx_hal_eth.o
 .debug_info    0x00008fc2      0x6e7 ./Drivers/STM32F7xx_HAL_Driver/Src/stm32f7xx_hal_gpio.o
 .debug_info    0x000096a9     0x1599 ./Drivers/STM32F7xx_HAL_Driver/Src/stm32f7xx_hal_pcd.o
 .debug_info    0x0000ac42      0x7a3 ./Drivers/STM32F7xx_HAL_Driver/Src/stm32f7xx_hal_pcd_ex.o
 .debug_info    0x0000b3e5      0x90e ./Drivers/STM32F7xx_HAL_Driver/Src/stm32f7xx_hal_pwr.o
 .debug_info    0x0000bcf3      0x8dc ./Drivers/STM32F7xx_HAL_Driver/Src/stm32f7xx_hal_rcc.o
 .debug_info    0x0000c5cf      0x6bd ./Drivers/STM32F7xx_HAL_Driver/Src/stm32f7xx_hal_rcc_ex.o
 .debug_info    0x0000cc8c     0x39da ./Drivers/STM32F7xx_HAL_Driver/Src/stm32f7xx_hal_uart.o
 .debug_info    0x00010666     0x19fc ./Drivers/STM32F7xx_HAL_Driver/Src/stm32f7xx_ll_usb.o

.debug_abbrev   0x00000000     0x2631
 .debug_abbrev  0x00000000      0x15b ./Core/Src/Encrypt-Files/EliMAC.o
 .debug_abbrev  0x0000015b       0x14 ./Core/Src/Encrypt-Files/aes_encrypt.o
 .debug_abbrev  0x0000016f       0x14 ./Core/Src/Encrypt-Files/aes_keyschedule_lut.o
 .debug_abbrev  0x00000183      0x19d ./Core/Src/Serial.o
 .debug_abbrev  0x00000320      0x360 ./Core/Src/main.o
 .debug_abbrev  0x00000680      0x27d ./Core/Src/stm32f7xx_hal_msp.o
 .debug_abbrev  0x000008fd       0x73 ./Core/Src/stm32f7xx_it.o
 .debug_abbrev  0x00000970       0xbc ./Core/Src/sysmem.o
 .debug_abbrev  0x00000a2c      0x13b ./Core/Src/system_stm32f7xx.o
 .debug_abbrev  0x00000b67       0x24 ./Core/Startup/startup_stm32f756zgtx.o
 .debug_abbrev  0x00000b8b      0x213 ./Drivers/STM32F7xx_HAL_Driver/Src/stm32f7xx_hal.o
 .debug_abbrev  0x00000d9e      0x31e ./Drivers/STM32F7xx_HAL_Driver/Src/stm32f7xx_hal_cortex.o
 .debug_abbrev  0x000010bc      0x35a ./Drivers/STM32F7xx_HAL_Driver/Src/stm32f7xx_hal_eth.o
 .debug_abbrev  0x00001416      0x1d4 ./Drivers/STM32F7xx_HAL_Driver/Src/stm32f7xx_hal_gpio.o
 .debug_abbrev  0x000015ea      0x2ee ./Drivers/STM32F7xx_HAL_Driver/Src/stm32f7xx_hal_pcd.o
 .debug_abbrev  0x000018d8      0x1ca ./Drivers/STM32F7xx_HAL_Driver/Src/stm32f7xx_hal_pcd_ex.o
 .debug_abbrev  0x00001aa2      0x1c5 ./Drivers/STM32F7xx_HAL_Driver/Src/stm32f7xx_hal_pwr.o
 .debug_abbrev  0x00001c67      0x288 ./Drivers/STM32F7xx_HAL_Driver/Src/stm32f7xx_hal_rcc.o
 .debug_abbrev  0x00001eef      0x1c9 ./Drivers/STM32F7xx_HAL_Driver/Src/stm32f7xx_hal_rcc_ex.o
 .debug_abbrev  0x000020b8      0x2e6 ./Drivers/STM32F7xx_HAL_Driver/Src/stm32f7xx_hal_uart.o
 .debug_abbrev  0x0000239e      0x293 ./Drivers/STM32F7xx_HAL_Driver/Src/stm32f7xx_ll_usb.o

.debug_aranges  0x00000000      0xd80
 .debug_aranges
                0x00000000       0x58 ./Core/Src/Encrypt-Files/EliMAC.o
 .debug_aranges
                0x00000058       0x20 ./Core/Src/Encrypt-Files/aes_encrypt.o
 .debug_aranges
                0x00000078       0x20 ./Core/Src/Encrypt-Files/aes_keyschedule_lut.o
 .debug_aranges
                0x00000098       0x28 ./Core/Src/Serial.o
 .debug_aranges
                0x000000c0       0x70 ./Core/Src/main.o
 .debug_aranges
                0x00000130       0x50 ./Core/Src/stm32f7xx_hal_msp.o
 .debug_aranges
                0x00000180       0x60 ./Core/Src/stm32f7xx_it.o
 .debug_aranges
                0x000001e0       0x20 ./Core/Src/sysmem.o
 .debug_aranges
                0x00000200       0x28 ./Core/Src/system_stm32f7xx.o
 .debug_aranges
                0x00000228       0x28 ./Core/Startup/startup_stm32f756zgtx.o
 .debug_aranges
                0x00000250      0x100 ./Drivers/STM32F7xx_HAL_Driver/Src/stm32f7xx_hal.o
 .debug_aranges
                0x00000350      0x128 ./Drivers/STM32F7xx_HAL_Driver/Src/stm32f7xx_hal_cortex.o
 .debug_aranges
                0x00000478      0x1e0 ./Drivers/STM32F7xx_HAL_Driver/Src/stm32f7xx_hal_eth.o
 .debug_aranges
                0x00000658       0x58 ./Drivers/STM32F7xx_HAL_Driver/Src/stm32f7xx_hal_gpio.o
 .debug_aranges
                0x000006b0      0x148 ./Drivers/STM32F7xx_HAL_Driver/Src/stm32f7xx_hal_pcd.o
 .debug_aranges
                0x000007f8       0x48 ./Drivers/STM32F7xx_HAL_Driver/Src/stm32f7xx_hal_pcd_ex.o
 .debug_aranges
                0x00000840       0xa0 ./Drivers/STM32F7xx_HAL_Driver/Src/stm32f7xx_hal_pwr.o
 .debug_aranges
                0x000008e0       0x88 ./Drivers/STM32F7xx_HAL_Driver/Src/stm32f7xx_hal_rcc.o
 .debug_aranges
                0x00000968       0x50 ./Drivers/STM32F7xx_HAL_Driver/Src/stm32f7xx_hal_rcc_ex.o
 .debug_aranges
                0x000009b8      0x228 ./Drivers/STM32F7xx_HAL_Driver/Src/stm32f7xx_hal_uart.o
 .debug_aranges
                0x00000be0      0x1a0 ./Drivers/STM32F7xx_HAL_Driver/Src/stm32f7xx_ll_usb.o

.debug_rnglists
                0x00000000      0xa25
 .debug_rnglists
                0x00000000       0x41 ./Core/Src/Encrypt-Files/EliMAC.o
 .debug_rnglists
                0x00000041       0x19 ./Core/Src/Serial.o
 .debug_rnglists
                0x0000005a       0x53 ./Core/Src/main.o
 .debug_rnglists
                0x000000ad       0x3a ./Core/Src/stm32f7xx_hal_msp.o
 .debug_rnglists
                0x000000e7       0x43 ./Core/Src/stm32f7xx_it.o
 .debug_rnglists
                0x0000012a       0x13 ./Core/Src/sysmem.o
 .debug_rnglists
                0x0000013d       0x1a ./Core/Src/system_stm32f7xx.o
 .debug_rnglists
                0x00000157       0x19 ./Core/Startup/startup_stm32f756zgtx.o
 .debug_rnglists
                0x00000170       0xbb ./Drivers/STM32F7xx_HAL_Driver/Src/stm32f7xx_hal.o
 .debug_rnglists
                0x0000022b       0xda ./Drivers/STM32F7xx_HAL_Driver/Src/stm32f7xx_hal_cortex.o
 .debug_rnglists
                0x00000305      0x17d ./Drivers/STM32F7xx_HAL_Driver/Src/stm32f7xx_hal_eth.o
 .debug_rnglists
                0x00000482       0x3f ./Drivers/STM32F7xx_HAL_Driver/Src/stm32f7xx_hal_gpio.o
 .debug_rnglists
                0x000004c1       0xfa ./Drivers/STM32F7xx_HAL_Driver/Src/stm32f7xx_hal_pcd.o
 .debug_rnglists
                0x000005bb       0x32 ./Drivers/STM32F7xx_HAL_Driver/Src/stm32f7xx_hal_pcd_ex.o
 .debug_rnglists
                0x000005ed       0x74 ./Drivers/STM32F7xx_HAL_Driver/Src/stm32f7xx_hal_pwr.o
 .debug_rnglists
                0x00000661       0x67 ./Drivers/STM32F7xx_HAL_Driver/Src/stm32f7xx_hal_rcc.o
 .debug_rnglists
                0x000006c8       0x3c ./Drivers/STM32F7xx_HAL_Driver/Src/stm32f7xx_hal_rcc_ex.o
 .debug_rnglists
                0x00000704      0x1da ./Drivers/STM32F7xx_HAL_Driver/Src/stm32f7xx_hal_uart.o
 .debug_rnglists
                0x000008de      0x147 ./Drivers/STM32F7xx_HAL_Driver/Src/stm32f7xx_ll_usb.o

.debug_macro    0x00000000    0x27937
 .debug_macro   0x00000000      0x176 ./Core/Src/Encrypt-Files/EliMAC.o
 .debug_macro   0x00000176      0xab4 ./Core/Src/Encrypt-Files/EliMAC.o
 .debug_macro   0x00000c2a       0x22 ./Core/Src/Encrypt-Files/EliMAC.o
 .debug_macro   0x00000c4c       0x5b ./Core/Src/Encrypt-Files/EliMAC.o
 .debug_macro   0x00000ca7       0x2a ./Core/Src/Encrypt-Files/EliMAC.o
 .debug_macro   0x00000cd1       0x94 ./Core/Src/Encrypt-Files/EliMAC.o
 .debug_macro   0x00000d65       0x43 ./Core/Src/Encrypt-Files/EliMAC.o
 .debug_macro   0x00000da8       0x34 ./Core/Src/Encrypt-Files/EliMAC.o
 .debug_macro   0x00000ddc       0x16 ./Core/Src/Encrypt-Files/EliMAC.o
 .debug_macro   0x00000df2       0x57 ./Core/Src/Encrypt-Files/EliMAC.o
 .debug_macro   0x00000e49       0x9e ./Core/Src/Encrypt-Files/EliMAC.o
 .debug_macro   0x00000ee7      0x369 ./Core/Src/Encrypt-Files/EliMAC.o
 .debug_macro   0x00001250      0x10b ./Core/Src/Encrypt-Files/EliMAC.o
 .debug_macro   0x0000135b       0x10 ./Core/Src/Encrypt-Files/EliMAC.o
 .debug_macro   0x0000136b       0x16 ./Core/Src/Encrypt-Files/EliMAC.o
 .debug_macro   0x00001381       0x43 ./Core/Src/Encrypt-Files/EliMAC.o
 .debug_macro   0x000013c4       0x34 ./Core/Src/Encrypt-Files/EliMAC.o
 .debug_macro   0x000013f8       0x10 ./Core/Src/Encrypt-Files/EliMAC.o
 .debug_macro   0x00001408       0x58 ./Core/Src/Encrypt-Files/EliMAC.o
 .debug_macro   0x00001460       0x8e ./Core/Src/Encrypt-Files/EliMAC.o
 .debug_macro   0x000014ee       0x1c ./Core/Src/Encrypt-Files/EliMAC.o
 .debug_macro   0x0000150a      0x177 ./Core/Src/Encrypt-Files/EliMAC.o
 .debug_macro   0x00001681       0x16 ./Core/Src/Encrypt-Files/EliMAC.o
 .debug_macro   0x00001697       0x16 ./Core/Src/Encrypt-Files/EliMAC.o
 .debug_macro   0x000016ad      0x146 ./Core/Src/Encrypt-Files/EliMAC.o
 .debug_macro   0x000017f3      0x103 ./Core/Src/Encrypt-Files/EliMAC.o
 .debug_macro   0x000018f6       0x6a ./Core/Src/Encrypt-Files/EliMAC.o
 .debug_macro   0x00001960      0x1df ./Core/Src/Encrypt-Files/EliMAC.o
 .debug_macro   0x00001b3f       0x16 ./Core/Src/Encrypt-Files/EliMAC.o
 .debug_macro   0x00001b55       0x35 ./Core/Src/Encrypt-Files/EliMAC.o
 .debug_macro   0x00001b8a       0x20 ./Core/Src/Encrypt-Files/EliMAC.o
 .debug_macro   0x00001baa      0x2d4 ./Core/Src/Serial.o
 .debug_macro   0x00001e7e      0x299 ./Core/Src/Serial.o
 .debug_macro   0x00002117       0x2e ./Core/Src/Serial.o
 .debug_macro   0x00002145       0x3b ./Core/Src/Serial.o
 .debug_macro   0x00002180       0x8e ./Core/Src/Serial.o
 .debug_macro   0x0000220e       0x51 ./Core/Src/Serial.o
 .debug_macro   0x0000225f       0x1c ./Core/Src/Serial.o
 .debug_macro   0x0000227b       0x22 ./Core/Src/Serial.o
 .debug_macro   0x0000229d       0xd9 ./Core/Src/Serial.o
 .debug_macro   0x00002376     0x12cd ./Core/Src/Serial.o
 .debug_macro   0x00003643      0x11f ./Core/Src/Serial.o
 .debug_macro   0x00003762       0x19 ./Core/Src/Serial.o
 .debug_macro   0x0000377b    0x1987c ./Core/Src/Serial.o
 .debug_macro   0x0001cff7       0x6d ./Core/Src/Serial.o
 .debug_macro   0x0001d064     0x3765 ./Core/Src/Serial.o
 .debug_macro   0x000207c9      0x189 ./Core/Src/Serial.o
 .debug_macro   0x00020952       0x63 ./Core/Src/Serial.o
 .debug_macro   0x000209b5     0x1939 ./Core/Src/Serial.o
 .debug_macro   0x000222ee      0x6c4 ./Core/Src/Serial.o
 .debug_macro   0x000229b2      0x185 ./Core/Src/Serial.o
 .debug_macro   0x00022b37      0x115 ./Core/Src/Serial.o
 .debug_macro   0x00022c4c      0x1fd ./Core/Src/Serial.o
 .debug_macro   0x00022e49       0xa5 ./Core/Src/Serial.o
 .debug_macro   0x00022eee      0x24f ./Core/Src/Serial.o
 .debug_macro   0x0002313d       0x41 ./Core/Src/Serial.o
 .debug_macro   0x0002317e       0x58 ./Core/Src/Serial.o
 .debug_macro   0x000231d6      0x236 ./Core/Src/Serial.o
 .debug_macro   0x0002340c      0xb99 ./Core/Src/Serial.o
 .debug_macro   0x00023fa5      0x14e ./Core/Src/Serial.o
 .debug_macro   0x000240f3      0x25a ./Core/Src/Serial.o
 .debug_macro   0x0002434d       0x12 ./Core/Src/Serial.o
 .debug_macro   0x0002435f      0x22c ./Core/Src/Serial.o
 .debug_macro   0x0002458b       0x61 ./Core/Src/Serial.o
 .debug_macro   0x000245ec       0xa5 ./Core/Src/Serial.o
 .debug_macro   0x00024691      0x12e ./Core/Src/Serial.o
 .debug_macro   0x000247bf      0x108 ./Core/Src/Serial.o
 .debug_macro   0x000248c7       0x35 ./Core/Src/Serial.o
 .debug_macro   0x000248fc      0x56d ./Core/Src/Serial.o
 .debug_macro   0x00024e69       0x44 ./Core/Src/Serial.o
 .debug_macro   0x00024ead      0x2cb ./Core/Src/Serial.o
 .debug_macro   0x00025178       0xba ./Core/Src/Serial.o
 .debug_macro   0x00025232      0x14d ./Core/Src/Serial.o
 .debug_macro   0x0002537f       0x61 ./Core/Src/Serial.o
 .debug_macro   0x000253e0       0x10 ./Core/Src/Serial.o
 .debug_macro   0x000253f0      0x339 ./Core/Src/main.o
 .debug_macro   0x00025729      0x13c ./Core/Src/main.o
 .debug_macro   0x00025865       0x1c ./Core/Src/main.o
 .debug_macro   0x00025881       0x1c ./Core/Src/main.o
 .debug_macro   0x0002589d      0x20b ./Core/Src/stm32f7xx_hal_msp.o
 .debug_macro   0x00025aa8      0x215 ./Core/Src/stm32f7xx_it.o
 .debug_macro   0x00025cbd       0xff ./Core/Src/sysmem.o
 .debug_macro   0x00025dbc      0x23c ./Core/Src/sysmem.o
 .debug_macro   0x00025ff8      0x1fc ./Core/Src/system_stm32f7xx.o
 .debug_macro   0x000261f4      0x220 ./Drivers/STM32F7xx_HAL_Driver/Src/stm32f7xx_hal.o
 .debug_macro   0x00026414      0x1fc ./Drivers/STM32F7xx_HAL_Driver/Src/stm32f7xx_hal_cortex.o
 .debug_macro   0x00026610      0x2d6 ./Drivers/STM32F7xx_HAL_Driver/Src/stm32f7xx_hal_eth.o
 .debug_macro   0x000268e6      0x202 ./Drivers/STM32F7xx_HAL_Driver/Src/stm32f7xx_hal_gpio.o
 .debug_macro   0x00026ae8      0x208 ./Drivers/STM32F7xx_HAL_Driver/Src/stm32f7xx_hal_pcd.o
 .debug_macro   0x00026cf0      0x1fc ./Drivers/STM32F7xx_HAL_Driver/Src/stm32f7xx_hal_pcd_ex.o
 .debug_macro   0x00026eec      0x21a ./Drivers/STM32F7xx_HAL_Driver/Src/stm32f7xx_hal_pwr.o
 .debug_macro   0x00027106      0x220 ./Drivers/STM32F7xx_HAL_Driver/Src/stm32f7xx_hal_rcc.o
 .debug_macro   0x00027326      0x1fc ./Drivers/STM32F7xx_HAL_Driver/Src/stm32f7xx_hal_rcc_ex.o
 .debug_macro   0x00027522      0x219 ./Drivers/STM32F7xx_HAL_Driver/Src/stm32f7xx_hal_uart.o
 .debug_macro   0x0002773b      0x1fc ./Drivers/STM32F7xx_HAL_Driver/Src/stm32f7xx_ll_usb.o

.debug_line     0x00000000    0x10b70
 .debug_line    0x00000000      0x8eb ./Core/Src/Encrypt-Files/EliMAC.o
 .debug_line    0x000008eb      0x33c ./Core/Src/Encrypt-Files/aes_encrypt.o
 .debug_line    0x00000c27      0x2d0 ./Core/Src/Encrypt-Files/aes_keyschedule_lut.o
 .debug_line    0x00000ef7      0x864 ./Core/Src/Serial.o
 .debug_line    0x0000175b      0xb72 ./Core/Src/main.o
 .debug_line    0x000022cd      0x842 ./Core/Src/stm32f7xx_hal_msp.o
 .debug_line    0x00002b0f      0x7ae ./Core/Src/stm32f7xx_it.o
 .debug_line    0x000032bd      0x4b8 ./Core/Src/sysmem.o
 .debug_line    0x00003775      0x76e ./Core/Src/system_stm32f7xx.o
 .debug_line    0x00003ee3       0x7a ./Core/Startup/startup_stm32f756zgtx.o
 .debug_line    0x00003f5d      0xa0e ./Drivers/STM32F7xx_HAL_Driver/Src/stm32f7xx_hal.o
 .debug_line    0x0000496b      0xcb0 ./Drivers/STM32F7xx_HAL_Driver/Src/stm32f7xx_hal_cortex.o
 .debug_line    0x0000561b     0x19ce ./Drivers/STM32F7xx_HAL_Driver/Src/stm32f7xx_hal_eth.o
 .debug_line    0x00006fe9      0xb94 ./Drivers/STM32F7xx_HAL_Driver/Src/stm32f7xx_hal_gpio.o
 .debug_line    0x00007b7d     0x1466 ./Drivers/STM32F7xx_HAL_Driver/Src/stm32f7xx_hal_pcd.o
 .debug_line    0x00008fe3      0x80d ./Drivers/STM32F7xx_HAL_Driver/Src/stm32f7xx_hal_pcd_ex.o
 .debug_line    0x000097f0      0x912 ./Drivers/STM32F7xx_HAL_Driver/Src/stm32f7xx_hal_pwr.o
 .debug_line    0x0000a102      0xe3f ./Drivers/STM32F7xx_HAL_Driver/Src/stm32f7xx_hal_rcc.o
 .debug_line    0x0000af41      0xdf3 ./Drivers/STM32F7xx_HAL_Driver/Src/stm32f7xx_hal_rcc_ex.o
 .debug_line    0x0000bd34     0x30b2 ./Drivers/STM32F7xx_HAL_Driver/Src/stm32f7xx_hal_uart.o
 .debug_line    0x0000ede6     0x1d8a ./Drivers/STM32F7xx_HAL_Driver/Src/stm32f7xx_ll_usb.o

.debug_str      0x00000000    0xf0e5a
 .debug_str     0x00000000     0x782f ./Core/Src/Encrypt-Files/EliMAC.o
                               0x7a58 (size before relaxing)
 .debug_str     0x0000782f       0x36 ./Core/Src/Encrypt-Files/aes_encrypt.o
                                 0xac (size before relaxing)
 .debug_str     0x00007865       0x30 ./Core/Src/Encrypt-Files/aes_keyschedule_lut.o
                                 0xb4 (size before relaxing)
 .debug_str     0x00007895    0xe3ae8 ./Core/Src/Serial.o
                              0xeb259 (size before relaxing)
 .debug_str     0x000eb37d     0x1377 ./Core/Src/main.o
                              0xecc79 (size before relaxing)
 .debug_str     0x000ec6f4      0x308 ./Core/Src/stm32f7xx_hal_msp.o
                              0xe9313 (size before relaxing)
 .debug_str     0x000ec9fc       0xc9 ./Core/Src/stm32f7xx_it.o
                              0xe8149 (size before relaxing)
 .debug_str     0x000ecac5      0x4dc ./Core/Src/sysmem.o
                               0x6109 (size before relaxing)
 .debug_str     0x000ecfa1      0x190 ./Core/Src/system_stm32f7xx.o
                              0xe7e71 (size before relaxing)
 .debug_str     0x000ed131       0x36 ./Core/Startup/startup_stm32f756zgtx.o
                                 0xba (size before relaxing)
 .debug_str     0x000ed167      0x9cd ./Drivers/STM32F7xx_HAL_Driver/Src/stm32f7xx_hal.o
                              0xe87e9 (size before relaxing)
 .debug_str     0x000edb34      0x376 ./Drivers/STM32F7xx_HAL_Driver/Src/stm32f7xx_hal_cortex.o
                              0xe8806 (size before relaxing)
 .debug_str     0x000edeaa     0x121b ./Drivers/STM32F7xx_HAL_Driver/Src/stm32f7xx_hal_eth.o
                              0xe9692 (size before relaxing)
 .debug_str     0x000ef0c5       0xe8 ./Drivers/STM32F7xx_HAL_Driver/Src/stm32f7xx_hal_gpio.o
                              0xe7f2f (size before relaxing)
 .debug_str     0x000ef1ad      0x81d ./Drivers/STM32F7xx_HAL_Driver/Src/stm32f7xx_hal_pcd.o
                              0xe88aa (size before relaxing)
 .debug_str     0x000ef9ca      0x12d ./Drivers/STM32F7xx_HAL_Driver/Src/stm32f7xx_hal_pcd_ex.o
                              0xe81ac (size before relaxing)
 .debug_str     0x000efaf7      0x2ac ./Drivers/STM32F7xx_HAL_Driver/Src/stm32f7xx_hal_pwr.o
                              0xe8112 (size before relaxing)
 .debug_str     0x000efda3      0x23e ./Drivers/STM32F7xx_HAL_Driver/Src/stm32f7xx_hal_rcc.o
                              0xe81d3 (size before relaxing)
 .debug_str     0x000effe1      0x147 ./Drivers/STM32F7xx_HAL_Driver/Src/stm32f7xx_hal_rcc_ex.o
                              0xe810b (size before relaxing)
 .debug_str     0x000f0128      0x887 ./Drivers/STM32F7xx_HAL_Driver/Src/stm32f7xx_hal_uart.o
                              0xe8b20 (size before relaxing)
 .debug_str     0x000f09af      0x4ab ./Drivers/STM32F7xx_HAL_Driver/Src/stm32f7xx_ll_usb.o
                              0xe8787 (size before relaxing)

.comment        0x00000000       0x43
 .comment       0x00000000       0x43 ./Core/Src/Encrypt-Files/EliMAC.o
                                 0x44 (size before relaxing)
 .comment       0x00000043       0x44 ./Core/Src/Serial.o
 .comment       0x00000043       0x44 ./Core/Src/main.o
 .comment       0x00000043       0x44 ./Core/Src/stm32f7xx_hal_msp.o
 .comment       0x00000043       0x44 ./Core/Src/stm32f7xx_it.o
 .comment       0x00000043       0x44 ./Core/Src/sysmem.o
 .comment       0x00000043       0x44 ./Core/Src/system_stm32f7xx.o
 .comment       0x00000043       0x44 ./Drivers/STM32F7xx_HAL_Driver/Src/stm32f7xx_hal.o
 .comment       0x00000043       0x44 ./Drivers/STM32F7xx_HAL_Driver/Src/stm32f7xx_hal_cortex.o
 .comment       0x00000043       0x44 ./Drivers/STM32F7xx_HAL_Driver/Src/stm32f7xx_hal_eth.o
 .comment       0x00000043       0x44 ./Drivers/STM32F7xx_HAL_Driver/Src/stm32f7xx_hal_gpio.o
 .comment       0x00000043       0x44 ./Drivers/STM32F7xx_HAL_Driver/Src/stm32f7xx_hal_pcd.o
 .comment       0x00000043       0x44 ./Drivers/STM32F7xx_HAL_Driver/Src/stm32f7xx_hal_pcd_ex.o
 .comment       0x00000043       0x44 ./Drivers/STM32F7xx_HAL_Driver/Src/stm32f7xx_hal_pwr.o
 .comment       0x00000043       0x44 ./Drivers/STM32F7xx_HAL_Driver/Src/stm32f7xx_hal_rcc.o
 .comment       0x00000043       0x44 ./Drivers/STM32F7xx_HAL_Driver/Src/stm32f7xx_hal_rcc_ex.o
 .comment       0x00000043       0x44 ./Drivers/STM32F7xx_HAL_Driver/Src/stm32f7xx_hal_uart.o
 .comment       0x00000043       0x44 ./Drivers/STM32F7xx_HAL_Driver/Src/stm32f7xx_ll_usb.o

.debug_frame    0x00000000     0x3bf4
 .debug_frame   0x00000000      0x15c ./Core/Src/Encrypt-Files/EliMAC.o
 .debug_frame   0x0000015c       0x58 ./Core/Src/Serial.o
 .debug_frame   0x000001b4      0x170 ./Core/Src/main.o
 .debug_frame   0x00000324      0x118 ./Core/Src/stm32f7xx_hal_msp.o
 .debug_frame   0x0000043c      0x104 ./Core/Src/stm32f7xx_it.o
 .debug_frame   0x00000540       0x34 ./Core/Src/sysmem.o
 .debug_frame   0x00000574       0x58 ./Core/Src/system_stm32f7xx.o
 .debug_frame   0x000005cc      0x3b4 ./Drivers/STM32F7xx_HAL_Driver/Src/stm32f7xx_hal.o
 .debug_frame   0x00000980      0x4e8 ./Drivers/STM32F7xx_HAL_Driver/Src/stm32f7xx_hal_cortex.o
 .debug_frame   0x00000e68      0x898 ./Drivers/STM32F7xx_HAL_Driver/Src/stm32f7xx_hal_eth.o
 .debug_frame   0x00001700      0x14c ./Drivers/STM32F7xx_HAL_Driver/Src/stm32f7xx_hal_gpio.o
 .debug_frame   0x0000184c      0x5b8 ./Drivers/STM32F7xx_HAL_Driver/Src/stm32f7xx_hal_pcd.o
 .debug_frame   0x00001e04      0x100 ./Drivers/STM32F7xx_HAL_Driver/Src/stm32f7xx_hal_pcd_ex.o
 .debug_frame   0x00001f04      0x254 ./Drivers/STM32F7xx_HAL_Driver/Src/stm32f7xx_hal_pwr.o
 .debug_frame   0x00002158      0x1f8 ./Drivers/STM32F7xx_HAL_Driver/Src/stm32f7xx_hal_rcc.o
 .debug_frame   0x00002350      0x118 ./Drivers/STM32F7xx_HAL_Driver/Src/stm32f7xx_hal_rcc_ex.o
 .debug_frame   0x00002468      0x9e8 ./Drivers/STM32F7xx_HAL_Driver/Src/stm32f7xx_hal_uart.o
 .debug_frame   0x00002e50      0x7c0 ./Drivers/STM32F7xx_HAL_Driver/Src/stm32f7xx_ll_usb.o
 .debug_frame   0x00003610      0x144 /opt/st/stm32cubeide_1.16.1/plugins/com.st.stm32cube.ide.mcu.externaltools.gnu-tools-for-stm32.12.3.rel1.linux64_1.0.200.202406132123/tools/bin/../lib/gcc/arm-none-eabi/12.3.1/../../../../arm-none-eabi/lib/thumb/v7e-m+fp/hard/libc_nano.a(libc_a-findfp.o)
 .debug_frame   0x00003754       0x6c /opt/st/stm32cubeide_1.16.1/plugins/com.st.stm32cube.ide.mcu.externaltools.gnu-tools-for-stm32.12.3.rel1.linux64_1.0.200.202406132123/tools/bin/../lib/gcc/arm-none-eabi/12.3.1/../../../../arm-none-eabi/lib/thumb/v7e-m+fp/hard/libc_nano.a(libc_a-sprintf.o)
 .debug_frame   0x000037c0       0x20 /opt/st/stm32cubeide_1.16.1/plugins/com.st.stm32cube.ide.mcu.externaltools.gnu-tools-for-stm32.12.3.rel1.linux64_1.0.200.202406132123/tools/bin/../lib/gcc/arm-none-eabi/12.3.1/../../../../arm-none-eabi/lib/thumb/v7e-m+fp/hard/libc_nano.a(libc_a-memset.o)
 .debug_frame   0x000037e0       0x38 /opt/st/stm32cubeide_1.16.1/plugins/com.st.stm32cube.ide.mcu.externaltools.gnu-tools-for-stm32.12.3.rel1.linux64_1.0.200.202406132123/tools/bin/../lib/gcc/arm-none-eabi/12.3.1/../../../../arm-none-eabi/lib/thumb/v7e-m+fp/hard/libc_nano.a(libc_a-reent.o)
 .debug_frame   0x00003818       0x20 /opt/st/stm32cubeide_1.16.1/plugins/com.st.stm32cube.ide.mcu.externaltools.gnu-tools-for-stm32.12.3.rel1.linux64_1.0.200.202406132123/tools/bin/../lib/gcc/arm-none-eabi/12.3.1/../../../../arm-none-eabi/lib/thumb/v7e-m+fp/hard/libc_nano.a(libc_a-errno.o)
 .debug_frame   0x00003838       0x2c /opt/st/stm32cubeide_1.16.1/plugins/com.st.stm32cube.ide.mcu.externaltools.gnu-tools-for-stm32.12.3.rel1.linux64_1.0.200.202406132123/tools/bin/../lib/gcc/arm-none-eabi/12.3.1/../../../../arm-none-eabi/lib/thumb/v7e-m+fp/hard/libc_nano.a(libc_a-init.o)
 .debug_frame   0x00003864       0xb0 /opt/st/stm32cubeide_1.16.1/plugins/com.st.stm32cube.ide.mcu.externaltools.gnu-tools-for-stm32.12.3.rel1.linux64_1.0.200.202406132123/tools/bin/../lib/gcc/arm-none-eabi/12.3.1/../../../../arm-none-eabi/lib/thumb/v7e-m+fp/hard/libc_nano.a(libc_a-lock.o)
 .debug_frame   0x00003914       0x38 /opt/st/stm32cubeide_1.16.1/plugins/com.st.stm32cube.ide.mcu.externaltools.gnu-tools-for-stm32.12.3.rel1.linux64_1.0.200.202406132123/tools/bin/../lib/gcc/arm-none-eabi/12.3.1/../../../../arm-none-eabi/lib/thumb/v7e-m+fp/hard/libc_nano.a(libc_a-freer.o)
 .debug_frame   0x0000394c       0x50 /opt/st/stm32cubeide_1.16.1/plugins/com.st.stm32cube.ide.mcu.externaltools.gnu-tools-for-stm32.12.3.rel1.linux64_1.0.200.202406132123/tools/bin/../lib/gcc/arm-none-eabi/12.3.1/../../../../arm-none-eabi/lib/thumb/v7e-m+fp/hard/libc_nano.a(libc_a-mallocr.o)
 .debug_frame   0x0000399c       0x30 /opt/st/stm32cubeide_1.16.1/plugins/com.st.stm32cube.ide.mcu.externaltools.gnu-tools-for-stm32.12.3.rel1.linux64_1.0.200.202406132123/tools/bin/../lib/gcc/arm-none-eabi/12.3.1/../../../../arm-none-eabi/lib/thumb/v7e-m+fp/hard/libc_nano.a(libc_a-mlock.o)
 .debug_frame   0x000039cc       0x90 /opt/st/stm32cubeide_1.16.1/plugins/com.st.stm32cube.ide.mcu.externaltools.gnu-tools-for-stm32.12.3.rel1.linux64_1.0.200.202406132123/tools/bin/../lib/gcc/arm-none-eabi/12.3.1/../../../../arm-none-eabi/lib/thumb/v7e-m+fp/hard/libc_nano.a(libc_a-nano-svfprintf.o)
 .debug_frame   0x00003a5c       0x60 /opt/st/stm32cubeide_1.16.1/plugins/com.st.stm32cube.ide.mcu.externaltools.gnu-tools-for-stm32.12.3.rel1.linux64_1.0.200.202406132123/tools/bin/../lib/gcc/arm-none-eabi/12.3.1/../../../../arm-none-eabi/lib/thumb/v7e-m+fp/hard/libc_nano.a(libc_a-nano-vfprintf_i.o)
 .debug_frame   0x00003abc       0x28 /opt/st/stm32cubeide_1.16.1/plugins/com.st.stm32cube.ide.mcu.externaltools.gnu-tools-for-stm32.12.3.rel1.linux64_1.0.200.202406132123/tools/bin/../lib/gcc/arm-none-eabi/12.3.1/../../../../arm-none-eabi/lib/thumb/v7e-m+fp/hard/libc_nano.a(libc_a-memmove.o)
 .debug_frame   0x00003ae4       0x2c /opt/st/stm32cubeide_1.16.1/plugins/com.st.stm32cube.ide.mcu.externaltools.gnu-tools-for-stm32.12.3.rel1.linux64_1.0.200.202406132123/tools/bin/../lib/gcc/arm-none-eabi/12.3.1/../../../../arm-none-eabi/lib/thumb/v7e-m+fp/hard/libc_nano.a(libc_a-sbrkr.o)
 .debug_frame   0x00003b10       0x28 /opt/st/stm32cubeide_1.16.1/plugins/com.st.stm32cube.ide.mcu.externaltools.gnu-tools-for-stm32.12.3.rel1.linux64_1.0.200.202406132123/tools/bin/../lib/gcc/arm-none-eabi/12.3.1/../../../../arm-none-eabi/lib/thumb/v7e-m+fp/hard/libc_nano.a(libc_a-memcpy-stub.o)
 .debug_frame   0x00003b38       0x3c /opt/st/stm32cubeide_1.16.1/plugins/com.st.stm32cube.ide.mcu.externaltools.gnu-tools-for-stm32.12.3.rel1.linux64_1.0.200.202406132123/tools/bin/../lib/gcc/arm-none-eabi/12.3.1/../../../../arm-none-eabi/lib/thumb/v7e-m+fp/hard/libc_nano.a(libc_a-reallocr.o)
 .debug_frame   0x00003b74       0x20 /opt/st/stm32cubeide_1.16.1/plugins/com.st.stm32cube.ide.mcu.externaltools.gnu-tools-for-stm32.12.3.rel1.linux64_1.0.200.202406132123/tools/bin/../lib/gcc/arm-none-eabi/12.3.1/../../../../arm-none-eabi/lib/thumb/v7e-m+fp/hard/libc_nano.a(libc_a-msizer.o)
 .debug_frame   0x00003b94       0x2c /opt/st/stm32cubeide_1.16.1/plugins/com.st.stm32cube.ide.mcu.externaltools.gnu-tools-for-stm32.12.3.rel1.linux64_1.0.200.202406132123/tools/bin/../lib/gcc/arm-none-eabi/12.3.1/thumb/v7e-m+fp/hard/libgcc.a(_aeabi_uldivmod.o)
 .debug_frame   0x00003bc0       0x34 /opt/st/stm32cubeide_1.16.1/plugins/com.st.stm32cube.ide.mcu.externaltools.gnu-tools-for-stm32.12.3.rel1.linux64_1.0.200.202406132123/tools/bin/../lib/gcc/arm-none-eabi/12.3.1/thumb/v7e-m+fp/hard/libgcc.a(_udivmoddi4.o)

.debug_line_str
                0x00000000       0xdc
 .debug_line_str
                0x00000000       0x9e ./Core/Src/Encrypt-Files/aes_encrypt.o
 .debug_line_str
                0x0000009e       0x16 ./Core/Src/Encrypt-Files/aes_keyschedule_lut.o
                                 0xa6 (size before relaxing)
 .debug_line_str
                0x000000b4       0x28 ./Core/Startup/startup_stm32f756zgtx.o
                                 0x9e (size before relaxing)
