../Core/Src/main.c:99:6:DWT_Init	4	static
../Core/Src/main.c:107:6:start_timer	4	static
../Core/Src/main.c:111:10:stop_timer	4	static
../Core/Src/main.c:121:5:main	24	static
../Core/Src/main.c:176:6:SystemClock_Config	88	static
../Core/Src/main.c:226:13:MX_ETH_Init	8	static
../Core/Src/main.c:275:13:MX_USART3_UART_Init	8	static
../Core/Src/main.c:310:13:MX_USB_OTG_FS_PCD_Init	8	static
../Core/Src/main.c:345:13:MX_GPIO_Init	56	static
../Core/Src/main.c:403:6:Error_Handler	4	static,ignoring_inline_asm
