../Core/Src/EliMAC_OCBRA_fixlixing_AES/fixslicing/OCBRA.c:381:6:add_nonce	16	static
../Core/Src/EliMAC_OCBRA_fixlixing_AES/fixslicing/OCBRA.c:388:6:xor_nonce	8	static
../Core/Src/EliMAC_OCBRA_fixlixing_AES/fixslicing/OCBRA.c:394:6:divide_plaintext	20	static
../Core/Src/EliMAC_OCBRA_fixlixing_AES/fixslicing/OCBRA.c:223:6:PMAC	912	dynamic
../Core/Src/EliMAC_OCBRA_fixlixing_AES/fixslicing/OCBRA.c:301:6:PMAC_1	928	dynamic
../Core/Src/EliMAC_OCBRA_fixlixing_AES/fixslicing/OCBRA.c:416:6:union_ciphertext	20	static
../Core/Src/EliMAC_OCBRA_fixlixing_AES/fixslicing/OCBRA.c:445:6:divide_key	8	static
../Core/Src/EliMAC_OCBRA_fixlixing_AES/fixslicing/OCBRA.c:109:6:OCB	1000	dynamic
../Core/Src/EliMAC_OCBRA_fixlixing_AES/fixslicing/OCBRA.c:454:6:print_array	24	static
