../Core/Src/Encrypt-Files/OCB3.c:47:6:array_copy	8	static
../Core/Src/Encrypt-Files/OCB3.c:53:6:mult_by_2	12	static
../Core/Src/Encrypt-Files/OCB3.c:23:6:OCB3_INIT	424	static
../Core/Src/Encrypt-Files/OCB3.c:67:6:xor_block_u8	8	static
../Core/Src/Encrypt-Files/OCB3.c:74:6:u8_to_u32	20	static
../Core/Src/Encrypt-Files/OCB3.c:287:6:divide_plaintext	20	static
../Core/Src/Encrypt-Files/OCB3.c:198:6:PMAC_OCB3	512	dynamic
../Core/Src/Encrypt-Files/OCB3.c:92:6:OCB3	512	dynamic
../Core/Src/Encrypt-Files/OCB3.c:309:6:union_ciphertext	20	static
